188.166.54.154 - - [22/Feb/2019:07:25:20.821 +0000] www.calvinklein.nl "GET /www.calvinklein.nl/dames HTTP/1.1" 200 19116 "https://www.calvinklein.nl/dames" "Mozilla/5.0 (iPhone; CPU iPhone OS 12_1_2 like Mac OS X) AppleWebKit/605.1.15 (KHTML	 like Gecko) Version/12.0 Mobile/15E148 Safari/604.1" "-" "-"						
188.166.54.154 - - [22/Feb/2019:07:25:28.394 +0000] www.calvinklein.nl "GET /www.calvinklein.nl/sweatshirts-dames HTTP/1.1" 200 21024 "https://www.calvinklein.nl/dames" "Mozilla/5.0 (iPhone; CPU iPhone OS 12_1_2 like Mac OS X) AppleWebKit/605.1.15 (KHTML	 like Gecko) Version/12.0 Mobile/15E148 Safari/604.1" "-" "-"						
188.166.54.154 - - [22/Feb/2019:07:25:30.237 +0000] www.calvinklein.nl "GET /www.calvinklein.nl/sweatshirts-dames HTTP/1.1" 200 19836 "https://www.calvinklein.nl/sweatshirts-dames" "Mozilla/5.0 (iPhone; CPU iPhone OS 12_1_2 like Mac OS X) AppleWebKit/605.1.15 (KHTML	 like Gecko) Version/12.0 Mobile/15E148 Safari/604.1" "-" "-"						
84.80.62.207 - - [22/Feb/2019:07:25:36.267 +0000] www.calvinklein.nl "GET /www.calvinklein.nl/nieuw-binnen-dames HTTP/1.1" 200 21750 "https://www.calvinklein.nl/badpak-core-neo-kw0kw00528202?cmpid=ch:affiliate%7Cdp:ecom%7Cso:performancehorizon%7Ccj:action%7Ccp:ss19%7Cco:nl%7Cla:nl%7Clb:multi%7Cdi:multi%7Cca:alwayson%7Cpi:(phg-jvweb2)%7Ccr:multi&utm_medium=affiliate&utm_source=performancehorizon&utm_campaign=ss19&utm_term=(phg-jvweb2)" "Mozilla/5.0 (iPad; CPU OS 12_1_4 like Mac OS X) AppleWebKit/605.1.15 (KHTML	 like Gecko) Mobile/16D57 [FBAN/FBIOS;FBAV/208.0.0.48.103;FBBV/141927594;FBDV/iPad5	3;FBMD/iPad;FBSN/iOS;FBSV/12.1.4;FBSS/2;FBCR/;FBID/tablet;FBLC/nl_NL;FBOP/5;FBRV/0]" "-" "-"					
84.80.62.207 - - [22/Feb/2019:07:25:38.095 +0000] www.calvinklein.nl "GET /www.calvinklein.nl/nieuw-binnen-dames HTTP/1.1" 200 20571 "https://www.calvinklein.nl/nieuw-binnen-dames" "Mozilla/5.0 (iPad; CPU OS 12_1_4 like Mac OS X) AppleWebKit/605.1.15 (KHTML	 like Gecko) Mobile/16D57 [FBAN/FBIOS;FBAV/208.0.0.48.103;FBBV/141927594;FBDV/iPad5	3;FBMD/iPad;FBSN/iOS;FBSV/12.1.4;FBSS/2;FBCR/;FBID/tablet;FBLC/nl_NL;FBOP/5;FBRV/0]" "-" "-"					
86.89.29.68 - - [22/Feb/2019:07:26:03.748 +0000] www.calvinklein.nl "GET /www.calvinklein.nl/heren HTTP/1.1" 200 18758 "https://www.calvinklein.nl/" "Mozilla/5.0 (iPhone; CPU iPhone OS 12_1 like Mac OS X) AppleWebKit/605.1.15 (KHTML	 like Gecko) CriOS/72.0.3626.101 Mobile/15E148 Safari/605.1" "-" "-"						
86.89.29.68 - - [22/Feb/2019:07:26:04.440 +0000] www.calvinklein.nl "GET /www.calvinklein.nl/heren HTTP/1.1" 200 18755 "https://www.calvinklein.nl/heren" "Mozilla/5.0 (iPhone; CPU iPhone OS 12_1 like Mac OS X) AppleWebKit/605.1.15 (KHTML	 like Gecko) CriOS/72.0.3626.101 Mobile/15E148 Safari/605.1" "-" "-"						
188.166.54.154 - - [22/Feb/2019:07:26:06.941 +0000] www.calvinklein.nl "GET /www.calvinklein.nl/sweatshirts-dames HTTP/1.1" 200 19834 "https://www.calvinklein.nl/dames" "Mozilla/5.0 (iPhone; CPU iPhone OS 12_1_2 like Mac OS X) AppleWebKit/605.1.15 (KHTML	 like Gecko) Version/12.0 Mobile/15E148 Safari/604.1" "-" "-"						
188.166.54.154 - - [22/Feb/2019:07:26:08.112 +0000] www.calvinklein.nl "GET /www.calvinklein.nl/sweatshirts-dames HTTP/1.1" 200 19834 "https://www.calvinklein.nl/sweatshirts-dames" "Mozilla/5.0 (iPhone; CPU iPhone OS 12_1_2 like Mac OS X) AppleWebKit/605.1.15 (KHTML	 like Gecko) Version/12.0 Mobile/15E148 Safari/604.1" "-" "-"						
84.80.62.207 - - [22/Feb/2019:07:26:22.944 +0000] www.calvinklein.nl "GET /www.calvinklein.nl/ondergoed-dames HTTP/1.1" 200 22999 "https://www.calvinklein.nl/nieuw-binnen-dames" "Mozilla/5.0 (iPad; CPU OS 12_1_4 like Mac OS X) AppleWebKit/605.1.15 (KHTML	 like Gecko) Mobile/16D57 [FBAN/FBIOS;FBAV/208.0.0.48.103;FBBV/141927594;FBDV/iPad5	3;FBMD/iPad;FBSN/iOS;FBSV/12.1.4;FBSS/2;FBCR/;FBID/tablet;FBLC/nl_NL;FBOP/5;FBRV/0]" "-" "-"					
84.80.62.207 - - [22/Feb/2019:07:26:24.714 +0000] www.calvinklein.nl "GET /www.calvinklein.nl/ondergoed-dames HTTP/1.1" 200 21811 "https://www.calvinklein.nl/ondergoed-dames" "Mozilla/5.0 (iPad; CPU OS 12_1_4 like Mac OS X) AppleWebKit/605.1.15 (KHTML	 like Gecko) Mobile/16D57 [FBAN/FBIOS;FBAV/208.0.0.48.103;FBBV/141927594;FBDV/iPad5	3;FBMD/iPad;FBSN/iOS;FBSV/12.1.4;FBSS/2;FBCR/;FBID/tablet;FBLC/nl_NL;FBOP/5;FBRV/0]" "-" "-"					
86.89.29.68 - - [22/Feb/2019:07:26:24.341 +0000] www.calvinklein.nl "GET /www.calvinklein.nl/heren-jeans HTTP/1.1" 200 20253 "https://www.calvinklein.nl/heren" "Mozilla/5.0 (iPhone; CPU iPhone OS 12_1 like Mac OS X) AppleWebKit/605.1.15 (KHTML	 like Gecko) CriOS/72.0.3626.101 Mobile/15E148 Safari/605.1" "-" "-"						
86.89.29.68 - - [22/Feb/2019:07:26:25.671 +0000] www.calvinklein.nl "GET /www.calvinklein.nl/heren-jeans HTTP/1.1" 200 19070 "https://www.calvinklein.nl/heren-jeans" "Mozilla/5.0 (iPhone; CPU iPhone OS 12_1 like Mac OS X) AppleWebKit/605.1.15 (KHTML	 like Gecko) CriOS/72.0.3626.101 Mobile/15E148 Safari/605.1" "-" "-"						
212.47.15.74 - - [22/Feb/2019:07:26:26.563 +0000] www.calvinklein.cz "GET /www.calvinklein.cz/womens-bags-accessories HTTP/1.1" 200 19264 "https://www.calvinklein.cz/?cmpid=ch:sea%7cdp:ecom%7cso:google%7ccg:br%7ccp:664068902%7cco:cz%7cla:en%7cts:kwd-18477441766%7cag:54275036333%7cmk:%2Bcalvinklein%7ccr:%7bcreativeid%7d%7cmt:b%7csl:%7cap:1t2%7cma:c&cmpid=ch:sea%7cdp:ecom%7cso:google%7ccg:br%7ccp:664068902%7cco:cz%7cla:en%7cts:kwd-18477441766%7cag:54275036333%7cmk:%2Bcalvinklein%7ccr:%7bcreativeid%7d%7cmt:b%7csl:%7cap:1t2%7cma:c&gclid=EAIaIQobChMI08mrh-jO4AIV4bXtCh0JxAYSEAAYAiAAEgIdKfD_BwE&gclsrc=aw.ds" "Mozilla/5.0 (Windows NT 6.1) AppleWebKit/537.36 (KHTML	 like Gecko) Chrome/72.0.3626.109 Safari/537.36" "-" "-"						
212.47.15.74 - - [22/Feb/2019:07:26:36.680 +0000] www.calvinklein.cz "GET /www.calvinklein.cz/womens-perfumes HTTP/1.1" 200 14770 "https://www.calvinklein.cz/womens-bags-accessories" "Mozilla/5.0 (Windows NT 6.1) AppleWebKit/537.36 (KHTML	 like Gecko) Chrome/72.0.3626.109 Safari/537.36" "-" "-"						
86.89.29.68 - - [22/Feb/2019:07:26:37.248 +0000] www.calvinklein.nl "GET /www.calvinklein.nl/heren-slim-fit-jeans HTTP/1.1" 200 18136 "https://www.calvinklein.nl/heren-jeans" "Mozilla/5.0 (iPhone; CPU iPhone OS 12_1 like Mac OS X) AppleWebKit/605.1.15 (KHTML	 like Gecko) CriOS/72.0.3626.101 Mobile/15E148 Safari/605.1" "-" "-"						
86.89.29.68 - - [22/Feb/2019:07:26:38.491 +0000] www.calvinklein.nl "GET /www.calvinklein.nl/heren-slim-fit-jeans HTTP/1.1" 200 16950 "https://www.calvinklein.nl/heren-slim-fit-jeans" "Mozilla/5.0 (iPhone; CPU iPhone OS 12_1 like Mac OS X) AppleWebKit/605.1.15 (KHTML	 like Gecko) CriOS/72.0.3626.101 Mobile/15E148 Safari/605.1" "-" "-"						
212.47.15.74 - - [22/Feb/2019:07:26:40.477 +0000] www.calvinklein.cz "GET /www.calvinklein.cz/womens-hats-scarves-gloves HTTP/1.1" 200 14880 "https://www.calvinklein.cz/womens-perfumes" "Mozilla/5.0 (Windows NT 6.1) AppleWebKit/537.36 (KHTML	 like Gecko) Chrome/72.0.3626.109 Safari/537.36" "-" "-"						
188.166.54.154 - - [22/Feb/2019:07:26:42.615 +0000] www.calvinklein.nl "GET /www.calvinklein.nl/dames HTTP/1.1" 200 19115 "https://www.calvinklein.nl/" "Mozilla/5.0 (iPhone; CPU iPhone OS 12_1_2 like Mac OS X) AppleWebKit/605.1.15 (KHTML	 like Gecko) Version/12.0 Mobile/15E148 Safari/604.1" "-" "-"						
84.80.62.207 - - [22/Feb/2019:07:26:42.388 +0000] www.calvinklein.nl "GET /www.calvinklein.nl/swim-shop-dames-ck HTTP/1.1" 200 20530 "https://www.calvinklein.nl/ondergoed-dames" "Mozilla/5.0 (iPad; CPU OS 12_1_4 like Mac OS X) AppleWebKit/605.1.15 (KHTML	 like Gecko) Mobile/16D57 [FBAN/FBIOS;FBAV/208.0.0.48.103;FBBV/141927594;FBDV/iPad5	3;FBMD/iPad;FBSN/iOS;FBSV/12.1.4;FBSS/2;FBCR/;FBID/tablet;FBLC/nl_NL;FBOP/5;FBRV/0]" "-" "-"					
188.166.54.154 - - [22/Feb/2019:07:26:43.458 +0000] www.calvinklein.nl "GET /www.calvinklein.nl/dames HTTP/1.1" 200 19116 "https://www.calvinklein.nl/dames" "Mozilla/5.0 (iPhone; CPU iPhone OS 12_1_2 like Mac OS X) AppleWebKit/605.1.15 (KHTML	 like Gecko) Version/12.0 Mobile/15E148 Safari/604.1" "-" "-"						
84.80.62.207 - - [22/Feb/2019:07:26:44.049 +0000] www.calvinklein.nl "GET /www.calvinklein.nl/swim-shop-dames-ck HTTP/1.1" 200 19349 "https://www.calvinklein.nl/swim-shop-dames-ck" "Mozilla/5.0 (iPad; CPU OS 12_1_4 like Mac OS X) AppleWebKit/605.1.15 (KHTML	 like Gecko) Mobile/16D57 [FBAN/FBIOS;FBAV/208.0.0.48.103;FBBV/141927594;FBDV/iPad5	3;FBMD/iPad;FBSN/iOS;FBSV/12.1.4;FBSS/2;FBCR/;FBID/tablet;FBLC/nl_NL;FBOP/5;FBRV/0]" "-" "-"					
188.166.54.154 - - [22/Feb/2019:07:26:47.391 +0000] www.calvinklein.nl "GET /www.calvinklein.nl/dames-loungewear HTTP/1.1" 200 18688 "https://www.calvinklein.nl/dames" "Mozilla/5.0 (iPhone; CPU iPhone OS 12_1_2 like Mac OS X) AppleWebKit/605.1.15 (KHTML	 like Gecko) Version/12.0 Mobile/15E148 Safari/604.1" "-" "-"						
212.47.15.74 - - [22/Feb/2019:07:26:48.596 +0000] www.calvinklein.cz "GET /www.calvinklein.cz/womens-bags HTTP/1.1" 200 18345 "https://www.calvinklein.cz/womens-hats-scarves-gloves" "Mozilla/5.0 (Windows NT 6.1) AppleWebKit/537.36 (KHTML	 like Gecko) Chrome/72.0.3626.109 Safari/537.36" "-" "-"						
188.166.54.154 - - [22/Feb/2019:07:26:49.117 +0000] www.calvinklein.nl "GET /www.calvinklein.nl/dames-loungewear HTTP/1.1" 200 17698 "https://www.calvinklein.nl/dames-loungewear" "Mozilla/5.0 (iPhone; CPU iPhone OS 12_1_2 like Mac OS X) AppleWebKit/605.1.15 (KHTML	 like Gecko) Version/12.0 Mobile/15E148 Safari/604.1" "-" "-"						
31.161.221.169 - - [22/Feb/2019:07:26:58.608 +0000] www.calvinklein.nl "GET /www.calvinklein.nl/swim-shop-heren-ck?scrollPage=2 HTTP/1.1" 200 19223 "https://www.calvinklein.nl/heren-ondergoed-nieuw-binnen" "Mozilla/5.0 (Linux; Android 9; SAMSUNG SM-G960F Build/PPR1.180610.011) AppleWebKit/537.36 (KHTML	 like Gecko) SamsungBrowser/9.0 Chrome/67.0.3396.87 Mobile Safari/537.36" "-" "-"						
31.161.221.169 - - [22/Feb/2019:07:27:00.208 +0000] www.calvinklein.nl "GET /www.calvinklein.nl/swim-shop-heren-ck?scrollPage=2 HTTP/1.1" 200 18040 "https://www.calvinklein.nl/swim-shop-heren-ck?scrollPage=2" "Mozilla/5.0 (Linux; Android 9; SAMSUNG SM-G960F Build/PPR1.180610.011) AppleWebKit/537.36 (KHTML	 like Gecko) SamsungBrowser/9.0 Chrome/67.0.3396.87 Mobile Safari/537.36" "-" "-"						
188.166.54.154 - - [22/Feb/2019:07:27:09.178 +0000] www.calvinklein.nl "GET /www.calvinklein.nl/dames HTTP/1.1" 200 19115 "https://www.calvinklein.nl/" "Mozilla/5.0 (iPhone; CPU iPhone OS 12_1_2 like Mac OS X) AppleWebKit/605.1.15 (KHTML	 like Gecko) Version/12.0 Mobile/15E148 Safari/604.1" "-" "-"						
84.80.62.207 - - [22/Feb/2019:07:27:09.058 +0000] www.calvinklein.nl "GET /www.calvinklein.nl/badpakken-dames-ck HTTP/1.1" 200 17296 "https://www.calvinklein.nl/swim-shop-dames-ck" "Mozilla/5.0 (iPad; CPU OS 12_1_4 like Mac OS X) AppleWebKit/605.1.15 (KHTML	 like Gecko) Mobile/16D57 [FBAN/FBIOS;FBAV/208.0.0.48.103;FBBV/141927594;FBDV/iPad5	3;FBMD/iPad;FBSN/iOS;FBSV/12.1.4;FBSS/2;FBCR/;FBID/tablet;FBLC/nl_NL;FBOP/5;FBRV/0]" "-" "-"					
188.166.54.154 - - [22/Feb/2019:07:27:10.040 +0000] www.calvinklein.nl "GET /www.calvinklein.nl/dames HTTP/1.1" 200 19114 "https://www.calvinklein.nl/dames" "Mozilla/5.0 (iPhone; CPU iPhone OS 12_1_2 like Mac OS X) AppleWebKit/605.1.15 (KHTML	 like Gecko) Version/12.0 Mobile/15E148 Safari/604.1" "-" "-"						
84.80.62.207 - - [22/Feb/2019:07:27:10.649 +0000] www.calvinklein.nl "GET /www.calvinklein.nl/badpakken-dames-ck HTTP/1.1" 200 16109 "https://www.calvinklein.nl/badpakken-dames-ck" "Mozilla/5.0 (iPad; CPU OS 12_1_4 like Mac OS X) AppleWebKit/605.1.15 (KHTML	 like Gecko) Mobile/16D57 [FBAN/FBIOS;FBAV/208.0.0.48.103;FBBV/141927594;FBDV/iPad5	3;FBMD/iPad;FBSN/iOS;FBSV/12.1.4;FBSS/2;FBCR/;FBID/tablet;FBLC/nl_NL;FBOP/5;FBRV/0]" "-" "-"					
212.47.15.74 - - [22/Feb/2019:07:27:12.325 +0000] www.calvinklein.cz "GET /www.calvinklein.cz/womens-belts HTTP/1.1" 200 16269 "https://www.calvinklein.cz/womens-bags" "Mozilla/5.0 (Windows NT 6.1) AppleWebKit/537.36 (KHTML	 like Gecko) Chrome/72.0.3626.109 Safari/537.36" "-" "-"						
2001:8a0:7a88:4b01:359b:2867:8d6f:f9e2 - - [22/Feb/2019:07:27:15.441 +0000] www.calvinklein.pt "GET /www.calvinklein.pt/women HTTP/1.1" 200 19445 "https://www.calvinklein.pt/" "Mozilla/5.0 (Linux; Android 8.0.0; ANE-LX1) AppleWebKit/537.36 (KHTML	 like Gecko) Chrome/72.0.3626.105 Mobile Safari/537.36" "-" "-"						
188.166.54.154 - - [22/Feb/2019:07:27:15.627 +0000] www.calvinklein.nl "GET /www.calvinklein.nl/dames-bhs HTTP/1.1" 200 20743 "https://www.calvinklein.nl/dames" "Mozilla/5.0 (iPhone; CPU iPhone OS 12_1_2 like Mac OS X) AppleWebKit/605.1.15 (KHTML	 like Gecko) Version/12.0 Mobile/15E148 Safari/604.1" "-" "-"						
188.166.54.154 - - [22/Feb/2019:07:27:16.775 +0000] www.calvinklein.nl "GET /www.calvinklein.nl/dames-bhs HTTP/1.1" 200 20741 "https://www.calvinklein.nl/dames-bhs" "Mozilla/5.0 (iPhone; CPU iPhone OS 12_1_2 like Mac OS X) AppleWebKit/605.1.15 (KHTML	 like Gecko) Version/12.0 Mobile/15E148 Safari/604.1" "-" "-"						
2001:8a0:7a88:4b01:359b:2867:8d6f:f9e2 - - [22/Feb/2019:07:27:18.172 +0000] www.calvinklein.pt "GET /www.calvinklein.pt/women HTTP/1.1" 200 18254 "https://www.calvinklein.pt/women" "Mozilla/5.0 (Linux; Android 8.0.0; ANE-LX1) AppleWebKit/537.36 (KHTML	 like Gecko) Chrome/72.0.3626.105 Mobile Safari/537.36" "-" "-"						
31.161.221.169 - - [22/Feb/2019:07:27:18.297 +0000] www.calvinklein.nl "GET /www.calvinklein.nl/heren-slips HTTP/1.1" 200 20674 "https://www.calvinklein.nl/badstof-tanktop-ck-logo-km0km00315001" "Mozilla/5.0 (Linux; Android 9; SAMSUNG SM-G960F Build/PPR1.180610.011) AppleWebKit/537.36 (KHTML	 like Gecko) SamsungBrowser/9.0 Chrome/67.0.3396.87 Mobile Safari/537.36" "-" "-"						
31.161.221.169 - - [22/Feb/2019:07:27:20.449 +0000] www.calvinklein.nl "GET /www.calvinklein.nl/heren-slips HTTP/1.1" 200 19496 "https://www.calvinklein.nl/heren-slips" "Mozilla/5.0 (Linux; Android 9; SAMSUNG SM-G960F Build/PPR1.180610.011) AppleWebKit/537.36 (KHTML	 like Gecko) SamsungBrowser/9.0 Chrome/67.0.3396.87 Mobile Safari/537.36" "-" "-"						
91.133.71.81 - - [22/Feb/2019:07:27:26.895 +0000] www.calvinklein.at "GET /www.calvinklein.at/swim-shop-damen?cmpid=ch%3Asocial_paid%7Cdp%3Amarketing%7Cso%3Afacebookinstagram%7Ccj%3Aattention%7Ccp%3Aspring18_ck_Swimshop_2.2_1_CRSL_F%7Cco%3Aat%7Cla%3Aen%7Cts%3Aswimvisitlkl%7Clb%3Aswim&utm_medium=social_paid&utm_source=facebookinstagram&utm_campaign=spring18_ck_Swimshop_2.2_1_CRSL_F&utm_content=swimvisitlkl HTTP/1.1" 301 315 "-" "Mozilla/5.0 (Linux; Android 4.4.4; MI 3W Build/KTU84P) AppleWebKit/537.36 (KHTML	 like Gecko) Chrome/42.0.2311.111 Mobile Safari/537.36" "-" "-"						
91.133.71.81 - - [22/Feb/2019:07:27:28.223 +0000] www.calvinklein.at "GET /www.calvinklein.at/swim-shop-damen-ck?cmpid=ch%3Asocial_paid%7Cdp%3Amarketing%7Cso%3Afacebookinstagram%7Ccj%3Aattention%7Ccp%3Aspring18_ck_Swimshop_2.2_1_CRSL_F%7Cco%3Aat%7Cla%3Aen%7Cts%3Aswimvisitlkl%7Clb%3Aswim&utm_medium=social_paid&utm_source=facebookinstagram&utm_campaign=spring18_ck_Swimshop_2.2_1_CRSL_F&utm_content=swimvisitlkl HTTP/1.1" 200 35035 "-" "Mozilla/5.0 (Linux; Android 4.4.4; MI 3W Build/KTU84P) AppleWebKit/537.36 (KHTML	 like Gecko) Chrome/42.0.2311.111 Mobile Safari/537.36" "-" "-"						
2001:8a0:7a88:4b01:359b:2867:8d6f:f9e2 - - [22/Feb/2019:07:27:29.758 +0000] www.calvinklein.pt "GET /www.calvinklein.pt/mycalvins-women HTTP/1.1" 200 19410 "https://www.calvinklein.pt/women" "Mozilla/5.0 (Linux; Android 8.0.0; ANE-LX1) AppleWebKit/537.36 (KHTML	 like Gecko) Chrome/72.0.3626.105 Mobile Safari/537.36" "-" "-"						
54.36.148.131 - - [22/Feb/2019:07:27:30.929 +0000] www.calvinklein.ie "GET /www.calvinklein.ie/mens-nightwear HTTP/1.1" 200 19140 "-" "Mozilla/5.0 (compatible; AhrefsBot/6.1; +http://ahrefs.com/robot/)" "-" "-"							
2001:8a0:7a88:4b01:359b:2867:8d6f:f9e2 - - [22/Feb/2019:07:27:31.952 +0000] www.calvinklein.pt "GET /www.calvinklein.pt/mycalvins-women HTTP/1.1" 200 18227 "https://www.calvinklein.pt/mycalvins-women" "Mozilla/5.0 (Linux; Android 8.0.0; ANE-LX1) AppleWebKit/537.36 (KHTML	 like Gecko) Chrome/72.0.3626.105 Mobile Safari/537.36" "-" "-"						
2a02:a451:9ea7:1:c877:5a17:8fe2:6262 - - [22/Feb/2019:07:27:32.399 +0000] www.calvinklein.nl "GET /www.calvinklein.nl/dames-kleding HTTP/1.1" 200 20277 "https://www.calvinklein.nl/damesslips-multipacks" "Mozilla/5.0 (Macintosh; Intel Mac OS X 10_14_2) AppleWebKit/537.36 (KHTML	 like Gecko) Chrome/72.0.3626.109 Safari/537.36" "-" "-"						
2a02:a451:9ea7:1:c877:5a17:8fe2:6262 - - [22/Feb/2019:07:27:41.237 +0000] www.calvinklein.nl "GET /www.calvinklein.nl/jeans-dames HTTP/1.1" 200 19360 "https://www.calvinklein.nl/dames-kleding" "Mozilla/5.0 (Macintosh; Intel Mac OS X 10_14_2) AppleWebKit/537.36 (KHTML	 like Gecko) Chrome/72.0.3626.109 Safari/537.36" "-" "-"						
84.80.62.207 - - [22/Feb/2019:07:27:56.570 +0000] www.calvinklein.nl "GET /www.calvinklein.nl/badpakken-dames-ck HTTP/1.1" 200 16109 "https://www.calvinklein.nl/swim-shop-dames-ck" "Mozilla/5.0 (iPad; CPU OS 12_1_4 like Mac OS X) AppleWebKit/605.1.15 (KHTML	 like Gecko) Mobile/16D57 [FBAN/FBIOS;FBAV/208.0.0.48.103;FBBV/141927594;FBDV/iPad5	3;FBMD/iPad;FBSN/iOS;FBSV/12.1.4;FBSS/2;FBCR/;FBID/tablet;FBLC/nl_NL;FBOP/5;FBRV/0]" "-" "-"					
84.80.62.207 - - [22/Feb/2019:07:27:57.227 +0000] www.calvinklein.nl "GET /www.calvinklein.nl/badpakken-dames-ck HTTP/1.1" 200 16109 "https://www.calvinklein.nl/badpakken-dames-ck" "Mozilla/5.0 (iPad; CPU OS 12_1_4 like Mac OS X) AppleWebKit/605.1.15 (KHTML	 like Gecko) Mobile/16D57 [FBAN/FBIOS;FBAV/208.0.0.48.103;FBBV/141927594;FBDV/iPad5	3;FBMD/iPad;FBSN/iOS;FBSV/12.1.4;FBSS/2;FBCR/;FBID/tablet;FBLC/nl_NL;FBOP/5;FBRV/0]" "-" "-"					
2001:8a0:7a88:4b01:359b:2867:8d6f:f9e2 - - [22/Feb/2019:07:28:07.767 +0000] www.calvinklein.pt "GET /www.calvinklein.pt/mycalvins-women HTTP/1.1" 200 18229 "https://www.calvinklein.pt/women" "Mozilla/5.0 (Linux; Android 8.0.0; ANE-LX1) AppleWebKit/537.36 (KHTML	 like Gecko) Chrome/72.0.3626.105 Mobile Safari/537.36" "-" "-"						
2001:8a0:7a88:4b01:359b:2867:8d6f:f9e2 - - [22/Feb/2019:07:28:09.115 +0000] www.calvinklein.pt "GET /www.calvinklein.pt/mycalvins-women HTTP/1.1" 200 18226 "https://www.calvinklein.pt/mycalvins-women" "Mozilla/5.0 (Linux; Android 8.0.0; ANE-LX1) AppleWebKit/537.36 (KHTML	 like Gecko) Chrome/72.0.3626.105 Mobile Safari/537.36" "-" "-"						
188.166.54.154 - - [22/Feb/2019:07:28:16.254 +0000] www.calvinklein.nl "GET /www.calvinklein.nl/dames HTTP/1.1" 200 19117 "https://www.calvinklein.nl/hk/en/search?cgid=jeans" "Mozilla/5.0 (iPhone; CPU iPhone OS 12_1_2 like Mac OS X) AppleWebKit/605.1.15 (KHTML	 like Gecko) Version/12.0 Mobile/15E148 Safari/604.1" "-" "-"						
188.166.54.154 - - [22/Feb/2019:07:28:17.205 +0000] www.calvinklein.nl "GET /www.calvinklein.nl/dames HTTP/1.1" 200 19116 "https://www.calvinklein.nl/dames" "Mozilla/5.0 (iPhone; CPU iPhone OS 12_1_2 like Mac OS X) AppleWebKit/605.1.15 (KHTML	 like Gecko) Version/12.0 Mobile/15E148 Safari/604.1" "-" "-"						
31.161.149.239 - - [22/Feb/2019:07:28:21.847 +0000] www.calvinklein.nl "GET /www.calvinklein.nl/heren HTTP/1.1" 200 18754 "https://www.calvinklein.nl/?cmpid=ch:sea%7Cdp:ecom%7Cso:google%7Ccg:br%7Ccp:1079863154%7Cco:nl%7Cla:nl%7Cts:kwd-488092207432%7Cag:54405781082%7Cmk:%2Bck%7Ccr:%7Bcreativeid%7D%7Cmt:b%7Csl:%7Cap:1t1%7Cma:m&&cmpid=ch:sea%7Cdp:ecom%7Cso:google%7Ccg:br%7Ccp:1079863154%7Cco:nl%7Cla:nl%7Cts:kwd-488092207432%7Cag:54405781082%7Cmk:%2Bck%7Ccr:%7Bcreativeid%7D%7Cmt:b%7Csl:%7Cap:1t1%7Cma:m&gclid=EAIaIQobChMI-9KVwOjO4AIVibTtCh3cewXGEAAYASAAEgKGCvD_BwE&gclsrc=aw.ds" "Mozilla/5.0 (iPhone; CPU iPhone OS 12_1 like Mac OS X) AppleWebKit/605.1.15 (KHTML	 like Gecko) GSA/67.1.233829879 Mobile/15E148 Safari/605.1" "-" "-"						
31.161.149.239 - - [22/Feb/2019:07:28:22.445 +0000] www.calvinklein.nl "GET /www.calvinklein.nl/heren HTTP/1.1" 200 18755 "https://www.calvinklein.nl/heren" "Mozilla/5.0 (iPhone; CPU iPhone OS 12_1 like Mac OS X) AppleWebKit/605.1.15 (KHTML	 like Gecko) GSA/67.1.233829879 Mobile/15E148 Safari/605.1" "-" "-"						
31.161.149.239 - - [22/Feb/2019:07:28:25.255 +0000] www.calvinklein.nl "GET /www.calvinklein.nl/heren?cmpid=ch:sea%7Cdp:ecom%7Cso:google%7Ccg:br%7Ccp:1079863154%7Cco:nl%7Cla:nl%7Cts:kwd-488092207432%7Cag:54405781082%7Cmk:%2Bck%7Ccr:%7Bcreativeid%7D%7Cmt:b%7Csl:%7Cap:1t1%7Cma:m&&cmpid=ch:sea%7Cdp:ecom%7Cso:google%7Ccg:br%7Ccp:1079863154%7Cco:nl%7Cla:nl%7Cts:kwd-488092207432%7Cag:54405781082%7Cmk:%2Bck%7Ccr:%7Bcreativeid%7D%7Cmt:b%7Csl:%7Cap:1t1%7Cma:m&gclid=EAIaIQobChMI-9KVwOjO4AIVibTtCh3cewXGEAAYASAAEgKGCvD_BwE&gclsrc=aw.ds HTTP/1.1" 200 18756 "-" "Mozilla/5.0 (iPhone; CPU iPhone OS 12_1 like Mac OS X) AppleWebKit/605.1.15 (KHTML	 like Gecko) GSA/67.1.233829879 Mobile/15E148 Safari/605.1" "-" "-"						
31.161.149.239 - - [22/Feb/2019:07:28:25.540 +0000] www.calvinklein.nl "GET /www.calvinklein.nl/heren?cmpid=ch:sea%7Cdp:ecom%7Cso:google%7Ccg:br%7Ccp:1079863154%7Cco:nl%7Cla:nl%7Cts:kwd-488092207432%7Cag:54405781082%7Cmk:%2Bck%7Ccr:%7Bcreativeid%7D%7Cmt:b%7Csl:%7Cap:1t1%7Cma:m&&cmpid=ch:sea%7Cdp:ecom%7Cso:google%7Ccg:br%7Ccp:1079863154%7Cco:nl%7Cla:nl%7Cts:kwd-488092207432%7Cag:54405781082%7Cmk:%2Bck%7Ccr:%7Bcreativeid%7D%7Cmt:b%7Csl:%7Cap:1t1%7Cma:m&gclid=EAIaIQobChMI-9KVwOjO4AIVibTtCh3cewXGEAAYASAAEgKGCvD_BwE&gclsrc=aw.ds HTTP/1.1" 200 18756 "https://www.calvinklein.nl/heren?cmpid=ch:sea%7Cdp:ecom%7Cso:google%7Ccg:br%7Ccp:1079863154%7Cco:nl%7Cla:nl%7Cts:kwd-488092207432%7Cag:54405781082%7Cmk:%2Bck%7Ccr:%7Bcreativeid%7D%7Cmt:b%7Csl:%7Cap:1t1%7Cma:m&&cmpid=ch:sea%7Cdp:ecom%7Cso:google%7Ccg:br%7Ccp:1079863154%7Cco:nl%7Cla:nl%7Cts:kwd-488092207432%7Cag:54405781082%7Cmk:%2Bck%7Ccr:%7Bcreativeid%7D%7Cmt:b%7Csl:%7Cap:1t1%7Cma:m&gclid=EAIaIQobChMI-9KVwOjO4AIVibTtCh3cewXGEAAYASAAEgKGCvD_BwE&gclsrc=aw.ds" "Mozilla/5.0 (iPhone; CPU iPhone OS 12_1 like Mac OS X) AppleWebKit/605.1.15 (KHTML	 like Gecko) GSA/67.1.233829879 Mobile/15E148 Safari/605.1" "-" "-"						
185.243.172.92 - - [22/Feb/2019:07:28:32.782 +0000] www.calvinklein.cz "GET /www.calvinklein.cz/mens-wallets HTTP/1.1" 200 17269 "https://www.calvinklein.cz/OrderItemDisplay?catalogId=10188&langId=44&storeId=20005" "Mozilla/5.0 (Linux; Android 8.0.0; SM-A530F) AppleWebKit/537.36 (KHTML	 like Gecko) Chrome/72.0.3626.105 Mobile Safari/537.36" "-" "-"						
185.243.172.92 - - [22/Feb/2019:07:28:33.492 +0000] www.calvinklein.cz "GET /www.calvinklein.cz/mens-wallets HTTP/1.1" 200 17268 "https://www.calvinklein.cz/mens-wallets" "Mozilla/5.0 (Linux; Android 8.0.0; SM-A530F) AppleWebKit/537.36 (KHTML	 like Gecko) Chrome/72.0.3626.105 Mobile Safari/537.36" "-" "-"						
86.89.181.31 - - [22/Feb/2019:07:28:35.339 +0000] www.calvinklein.nl "GET /www.calvinklein.nl/dames HTTP/1.1" 200 19110 "https://www.calvinklein.nl/?camp=ck_soc_ig" "Mozilla/5.0 (iPhone; CPU iPhone OS 11_4_1 like Mac OS X) AppleWebKit/605.1.15 (KHTML	 like Gecko) Mobile/15G77 Instagram 64.0.0.12.96 (iPhone8	1; iOS 11_4_1; nl_NL; nl-NL; scale=2.00; gamut=normal; 750x1334; 124976489)" "-" "-"					
86.89.181.31 - - [22/Feb/2019:07:28:35.903 +0000] www.calvinklein.nl "GET /www.calvinklein.nl/dames HTTP/1.1" 200 19111 "https://www.calvinklein.nl/dames" "Mozilla/5.0 (iPhone; CPU iPhone OS 11_4_1 like Mac OS X) AppleWebKit/605.1.15 (KHTML	 like Gecko) Mobile/15G77 Instagram 64.0.0.12.96 (iPhone8	1; iOS 11_4_1; nl_NL; nl-NL; scale=2.00; gamut=normal; 750x1334; 124976489)" "-" "-"					
31.161.149.239 - - [22/Feb/2019:07:28:41.260 +0000] www.calvinklein.nl "GET /www.calvinklein.nl/sale-ondergoed-heren HTTP/1.1" 200 16388 "https://www.google.com/" "Mozilla/5.0 (iPhone; CPU iPhone OS 12_1 like Mac OS X) AppleWebKit/605.1.15 (KHTML	 like Gecko) GSA/67.1.233829879 Mobile/15E148 Safari/605.1" "-" "-"						
31.161.149.239 - - [22/Feb/2019:07:28:42.769 +0000] www.calvinklein.nl "GET /www.calvinklein.nl/sale-ondergoed-heren HTTP/1.1" 200 15404 "https://www.calvinklein.nl/sale-ondergoed-heren" "Mozilla/5.0 (iPhone; CPU iPhone OS 12_1 like Mac OS X) AppleWebKit/605.1.15 (KHTML	 like Gecko) GSA/67.1.233829879 Mobile/15E148 Safari/605.1" "-" "-"						
86.89.181.31 - - [22/Feb/2019:07:28:45.672 +0000] www.calvinklein.nl "GET /www.calvinklein.nl/ondergoed-dames HTTP/1.1" 200 23872 "https://www.calvinklein.nl/dames" "Mozilla/5.0 (iPhone; CPU iPhone OS 11_4_1 like Mac OS X) AppleWebKit/605.1.15 (KHTML	 like Gecko) Mobile/15G77 Instagram 64.0.0.12.96 (iPhone8	1; iOS 11_4_1; nl_NL; nl-NL; scale=2.00; gamut=normal; 750x1334; 124976489)" "-" "-"					
86.89.181.31 - - [22/Feb/2019:07:28:47.166 +0000] www.calvinklein.nl "GET /www.calvinklein.nl/ondergoed-dames HTTP/1.1" 200 22691 "https://www.calvinklein.nl/ondergoed-dames" "Mozilla/5.0 (iPhone; CPU iPhone OS 11_4_1 like Mac OS X) AppleWebKit/605.1.15 (KHTML	 like Gecko) Mobile/15G77 Instagram 64.0.0.12.96 (iPhone8	1; iOS 11_4_1; nl_NL; nl-NL; scale=2.00; gamut=normal; 750x1334; 124976489)" "-" "-"					
185.243.172.92 - - [22/Feb/2019:07:29:08.522 +0000] www.calvinklein.cz "GET /www.calvinklein.cz/mens-wallets HTTP/1.1" 200 17267 "https://www.calvinklein.cz/OrderItemDisplay?catalogId=10188&langId=44&storeId=20005" "Mozilla/5.0 (Linux; Android 8.0.0; SM-A530F) AppleWebKit/537.36 (KHTML	 like Gecko) Chrome/72.0.3626.105 Mobile Safari/537.36" "-" "-"						
185.243.172.92 - - [22/Feb/2019:07:29:09.388 +0000] www.calvinklein.cz "GET /www.calvinklein.cz/mens-wallets HTTP/1.1" 200 17268 "https://www.calvinklein.cz/mens-wallets" "Mozilla/5.0 (Linux; Android 8.0.0; SM-A530F) AppleWebKit/537.36 (KHTML	 like Gecko) Chrome/72.0.3626.105 Mobile Safari/537.36" "-" "-"						
37.48.49.156 - - [22/Feb/2019:07:29:20.914 +0000] www.calvinklein.cz "GET /www.calvinklein.cz/women HTTP/1.1" 200 18457 "-" "Mozilla/5.0 (Linux; Android 9; SAMSUNG SM-G965F Build/PPR1.180610.011) AppleWebKit/537.36 (KHTML	 like Gecko) SamsungBrowser/9.0 Chrome/67.0.3396.87 Mobile Safari/537.36" "-" "-"						
86.89.181.31 - - [22/Feb/2019:07:29:26.913 +0000] www.calvinklein.nl "GET /www.calvinklein.nl/ondergoed-dames HTTP/1.1" 200 22690 "https://www.calvinklein.nl/dames" "Mozilla/5.0 (iPhone; CPU iPhone OS 11_4_1 like Mac OS X) AppleWebKit/605.1.15 (KHTML	 like Gecko) Mobile/15G77 Instagram 64.0.0.12.96 (iPhone8	1; iOS 11_4_1; nl_NL; nl-NL; scale=2.00; gamut=normal; 750x1334; 124976489)" "-" "-"					
54.36.150.132 - - [22/Feb/2019:07:29:26.143 +0000] www.calvinklein.de "GET /www.calvinklein.de/DE-customer-service HTTP/1.1" 000 16361 "-" "Mozilla/5.0 (compatible; AhrefsBot/6.1; +http://ahrefs.com/robot/)" "-" "-"							
86.89.181.31 - - [22/Feb/2019:07:29:27.433 +0000] www.calvinklein.nl "GET /www.calvinklein.nl/ondergoed-dames HTTP/1.1" 200 22690 "https://www.calvinklein.nl/ondergoed-dames" "Mozilla/5.0 (iPhone; CPU iPhone OS 11_4_1 like Mac OS X) AppleWebKit/605.1.15 (KHTML	 like Gecko) Mobile/15G77 Instagram 64.0.0.12.96 (iPhone8	1; iOS 11_4_1; nl_NL; nl-NL; scale=2.00; gamut=normal; 750x1334; 124976489)" "-" "-"					
185.243.172.92 - - [22/Feb/2019:07:29:27.305 +0000] www.calvinklein.cz "GET /www.calvinklein.cz/mens-wallets HTTP/1.1" 200 17269 "https://www.calvinklein.cz/OrderItemDisplay?catalogId=10188&langId=44&storeId=20005" "Mozilla/5.0 (Linux; Android 8.0.0; SM-A530F) AppleWebKit/537.36 (KHTML	 like Gecko) Chrome/72.0.3626.105 Mobile Safari/537.36" "-" "-"						
185.243.172.92 - - [22/Feb/2019:07:29:28.105 +0000] www.calvinklein.cz "GET /www.calvinklein.cz/mens-wallets HTTP/1.1" 200 17267 "https://www.calvinklein.cz/mens-wallets" "Mozilla/5.0 (Linux; Android 8.0.0; SM-A530F) AppleWebKit/537.36 (KHTML	 like Gecko) Chrome/72.0.3626.105 Mobile Safari/537.36" "-" "-"						
83.178.7.189 - - [22/Feb/2019:07:29:48.336 +0000] www.calvinklein.hr "GET /www.calvinklein.hr/women HTTP/1.1" 200 18433 "https://www.calvinklein.hr/" "Mozilla/5.0 (iPhone; CPU iPhone OS 11_4_1 like Mac OS X) AppleWebKit/605.1.15 (KHTML	 like Gecko) Version/11.0 Mobile/15E148 Safari/604.1" "-" "-"						
2a01:598:b90a:6231:61b6:7e24:cce4:13cf - - [22/Feb/2019:07:29:49.595 +0000] www.calvinklein.de "GET /www.calvinklein.de/herren-neue-mode HTTP/1.1" 200 33480 "https://www.calvinklein.de/slim-fit-jogginghose-j30j311382039" "Mozilla/5.0 (iPhone; CPU iPhone OS 12_1_4 like Mac OS X) AppleWebKit/605.1.15 (KHTML	 like Gecko) Version/12.0 Mobile/15E148 Safari/604.1" "-" "-"						
83.178.7.189 - - [22/Feb/2019:07:29:50.454 +0000] www.calvinklein.hr "GET /www.calvinklein.hr/women HTTP/1.1" 200 18231 "https://www.calvinklein.hr/women" "Mozilla/5.0 (iPhone; CPU iPhone OS 11_4_1 like Mac OS X) AppleWebKit/605.1.15 (KHTML	 like Gecko) Version/11.0 Mobile/15E148 Safari/604.1" "-" "-"						
83.178.7.189 - - [22/Feb/2019:07:29:56.888 +0000] www.calvinklein.hr "GET /www.calvinklein.hr/womens-bags HTTP/1.1" 200 18462 "https://www.calvinklein.hr/women" "Mozilla/5.0 (iPhone; CPU iPhone OS 11_4_1 like Mac OS X) AppleWebKit/605.1.15 (KHTML	 like Gecko) Version/11.0 Mobile/15E148 Safari/604.1" "-" "-"						
83.178.7.189 - - [22/Feb/2019:07:29:58.566 +0000] www.calvinklein.hr "GET /www.calvinklein.hr/womens-bags HTTP/1.1" 200 18260 "https://www.calvinklein.hr/womens-bags" "Mozilla/5.0 (iPhone; CPU iPhone OS 11_4_1 like Mac OS X) AppleWebKit/605.1.15 (KHTML	 like Gecko) Version/11.0 Mobile/15E148 Safari/604.1" "-" "-"						
86.89.181.31 - - [22/Feb/2019:07:29:59.063 +0000] www.calvinklein.nl "GET /www.calvinklein.nl/ondergoed-dames?scrollPage=2 HTTP/1.1" 200 23298 "https://www.calvinklein.nl/dames" "Mozilla/5.0 (iPhone; CPU iPhone OS 11_4_1 like Mac OS X) AppleWebKit/605.1.15 (KHTML	 like Gecko) Mobile/15G77 Instagram 64.0.0.12.96 (iPhone8	1; iOS 11_4_1; nl_NL; nl-NL; scale=2.00; gamut=normal; 750x1334; 124976489)" "-" "-"					
86.89.181.31 - - [22/Feb/2019:07:30:00.419 +0000] www.calvinklein.nl "GET /www.calvinklein.nl/ondergoed-dames?scrollPage=2 HTTP/1.1" 200 22117 "https://www.calvinklein.nl/ondergoed-dames?scrollPage=2" "Mozilla/5.0 (iPhone; CPU iPhone OS 11_4_1 like Mac OS X) AppleWebKit/605.1.15 (KHTML	 like Gecko) Mobile/15G77 Instagram 64.0.0.12.96 (iPhone8	1; iOS 11_4_1; nl_NL; nl-NL; scale=2.00; gamut=normal; 750x1334; 124976489)" "-" "-"					
185.210.238.23 - - [22/Feb/2019:07:30:25.449 +0000] www.calvinklein.dk "GET /www.calvinklein.dk/women HTTP/1.1" 200 15815 "-" "Mozilla/5.0 (Macintosh; Intel Mac OS X 10_14_3) AppleWebKit/605.1.15 (KHTML	 like Gecko) Version/12.0.3 Safari/605.1.15" "-" "-"						
185.210.238.23 - - [22/Feb/2019:07:30:27.570 +0000] www.calvinklein.dk "GET /www.calvinklein.dk/women HTTP/1.1" 200 15316 "https://www.calvinklein.dk/women" "Mozilla/5.0 (Macintosh; Intel Mac OS X 10_14_3) AppleWebKit/605.1.15 (KHTML	 like Gecko) Version/12.0.3 Safari/605.1.15" "-" "-"						
46.125.249.122 - - [22/Feb/2019:07:30:47.330 +0000] www.calvinklein.at "GET /www.calvinklein.at/jogginghosen-herren?utm_source=Newsletter&utm_medium=E-mail&utm_term=Omni_Newsletter_PanEuropean_de-AT_CKJ_ProductStory_eActive_&utm_campaign=SS19_20190221_Sweatpants_DG_&cmpid=ch:email%7Cdp:Omni%7Cso:Newsletter%7Ccg:PanEuropean%7Ccp:SS19_20190221_Sweatpants_DG_%7Cco:AT%7Cla:de%7Clb:CKJ%7Cca:ProductStory%7Cts:eActive%7Ccr:&CIN=CK2119598&sid=81847096 HTTP/1.1" 200 27530 "-" "Mozilla/5.0 (iPhone; CPU iPhone OS 12_0_1 like Mac OS X) AppleWebKit/605.1.15 (KHTML	 like Gecko) Version/12.0 Mobile/15E148 Safari/604.1" "-" "-"						
86.89.181.31 - - [22/Feb/2019:07:30:58.451 +0000] www.calvinklein.nl "GET /www.calvinklein.nl/ondergoed-dames?scrollPage=3 HTTP/1.1" 200 24325 "https://www.calvinklein.nl/dames" "Mozilla/5.0 (iPhone; CPU iPhone OS 11_4_1 like Mac OS X) AppleWebKit/605.1.15 (KHTML	 like Gecko) Mobile/15G77 Instagram 64.0.0.12.96 (iPhone8	1; iOS 11_4_1; nl_NL; nl-NL; scale=2.00; gamut=normal; 750x1334; 124976489)" "-" "-"					
86.89.181.31 - - [22/Feb/2019:07:30:59.835 +0000] www.calvinklein.nl "GET /www.calvinklein.nl/ondergoed-dames?scrollPage=3 HTTP/1.1" 200 23139 "https://www.calvinklein.nl/ondergoed-dames?scrollPage=3" "Mozilla/5.0 (iPhone; CPU iPhone OS 11_4_1 like Mac OS X) AppleWebKit/605.1.15 (KHTML	 like Gecko) Mobile/15G77 Instagram 64.0.0.12.96 (iPhone8	1; iOS 11_4_1; nl_NL; nl-NL; scale=2.00; gamut=normal; 750x1334; 124976489)" "-" "-"					
130.225.168.79 - - [22/Feb/2019:07:31:02.647 +0000] www.calvinklein.co.uk "GET /www.calvinklein.co.uk/mycalvins?cmpid=ch:sea%7cdp:ecom%7cso:google%7ccg:br%7ccp:1713600390%7cco:dk%7cla:en%7cts:kwd-637908739187%7cag:67077752335%7cmk:%2Bshawn%20%2Bmendes%20%2Bcalvin%20%2Bklein%7ccr:%7bcreativeid%7d%7cmt:b%7csl:%7cap:1t1%7cma:c&&cmpid=ch:sea%7cdp:ecom%7cso:google%7ccg:br%7ccp:1713600390%7cco:dk%7cla:en%7cts:kwd-637908739187%7cag:67077752335%7cmk:%2Bshawn%20%2Bmendes%20%2Bcalvin%20%2Bklein%7ccr:%7bcreativeid%7d%7cmt:b%7csl:%7cap:1t1%7cma:c&gclid=EAIaIQobChMI8Iv1k-nO4AIVbr7tCh2qPA9QEAAYASAAEgIFBvD_BwE&gclsrc=aw.ds HTTP/1.1" 200 17877 "https://www.google.com/" "Mozilla/5.0 (Windows NT 10.0; Win64; x64) AppleWebKit/537.36 (KHTML	 like Gecko) Chrome/72.0.3626.109 Safari/537.36" "-" "-"						
130.225.168.79 - - [22/Feb/2019:07:31:03.656 +0000] www.calvinklein.co.uk "GET /www.calvinklein.co.uk/mycalvins?cmpid=ch:sea%7cdp:ecom%7cso:google%7ccg:br%7ccp:1713600390%7cco:dk%7cla:en%7cts:kwd-637908739187%7cag:67077752335%7cmk:%2Bshawn%20%2Bmendes%20%2Bcalvin%20%2Bklein%7ccr:%7bcreativeid%7d%7cmt:b%7csl:%7cap:1t1%7cma:c&&cmpid=ch:sea%7cdp:ecom%7cso:google%7ccg:br%7ccp:1713600390%7cco:dk%7cla:en%7cts:kwd-637908739187%7cag:67077752335%7cmk:%2Bshawn%20%2Bmendes%20%2Bcalvin%20%2Bklein%7ccr:%7bcreativeid%7d%7cmt:b%7csl:%7cap:1t1%7cma:c&gclid=EAIaIQobChMI8Iv1k-nO4AIVbr7tCh2qPA9QEAAYASAAEgIFBvD_BwE&gclsrc=aw.ds HTTP/1.1" 200 17642 "https://www.calvinklein.co.uk/mycalvins?cmpid=ch:sea%7cdp:ecom%7cso:google%7ccg:br%7ccp:1713600390%7cco:dk%7cla:en%7cts:kwd-637908739187%7cag:67077752335%7cmk:%2Bshawn%20%2Bmendes%20%2Bcalvin%20%2Bklein%7ccr:%7bcreativeid%7d%7cmt:b%7csl:%7cap:1t1%7cma:c&&cmpid=ch:sea%7cdp:ecom%7cso:google%7ccg:br%7ccp:1713600390%7cco:dk%7cla:en%7cts:kwd-637908739187%7cag:67077752335%7cmk:%2Bshawn%20%2Bmendes%20%2Bcalvin%20%2Bklein%7ccr:%7bcreativeid%7d%7cmt:b%7csl:%7cap:1t1%7cma:c&gclid=EAIaIQobChMI8Iv1k-nO4AIVbr7tCh2qPA9QEAAYASAAEgIFBvD_BwE&gclsrc=aw.ds" "Mozilla/5.0 (Windows NT 10.0; Win64; x64) AppleWebKit/537.36 (KHTML	 like Gecko) Chrome/72.0.3626.109 Safari/537.36" "-" "-"						
80.163.37.115 - - [22/Feb/2019:07:32:05.110 +0000] www.calvinklein.dk "GET /www.calvinklein.dk/womens-shoes HTTP/1.1" 200 18347 "https://www.calvinklein.dk/?cmpid=ch:sea%7Cdp:ecom%7Cso:google%7Ccg:sb%7Ccp:353809249%7Cco:dk%7Cla:en%7Cts:aud-260967148987:kwd-125693515%7Cag:20217966889%7Cmk:calvin%20klein%20jeans%7Ccr:%7Bceativeid%7D%7Cmt:e%7Csl:%7Cap:1t1%7Cma:c&cmpid=ch:sea%7Cdp:ecom%7Cso:google%7Ccg:sb%7Ccp:353809249%7Cco:dk%7Cla:en%7Cts:aud-260967148987:kwd-125693515%7Cag:20217966889%7Cmk:calvin%20klein%20jeans%7Ccr:%7Bcreativeid%7D%7Cmt:e%7Csl:%7Cap:1t1%7Cma:c&&cmpid=ch:sea%7Cdp:ecom%7Cso:google%7Ccg:sb%7Ccp:353809249%7Cco:dk%7Cla:en%7Cts:aud-260967148987:kwd-125693515%7Cag:20217966889%7Cmk:calvin%20klein%20jeans%7Ccr:%7Bcreativeid%7D%7Cmt:e%7Csl:%7Cap:1t1%7Cma:c&gclid=EAIaIQobChMInP3frunO4AIVUamaCh1gygpeEAAYASAAEgLAO_D_BwE&gclsrc=aw.ds" "Mozilla/5.0 (Macintosh; Intel Mac OS X 10_14) AppleWebKit/605.1.15 (KHTML	 like Gecko) Version/12.0 Safari/605.1.15" "-" "-"						
80.163.37.115 - - [22/Feb/2019:07:32:35.638 +0000] www.calvinklein.dk "GET /www.calvinklein.dk/womens-boots HTTP/1.1" 200 16002 "https://www.calvinklein.dk/leather-ankle-boots-00000r0727blk" "Mozilla/5.0 (Macintosh; Intel Mac OS X 10_14) AppleWebKit/605.1.15 (KHTML	 like Gecko) Version/12.0 Safari/605.1.15" "-" "-"						
54.36.148.140 - - [22/Feb/2019:07:33:31.340 +0000] www.calvinklein.ru "GET /www.calvinklein.ru/%D0%BC%D1%83%D0%B6%D1%81%D0%BA%D0%B8%D0%B5-%D0%B4%D0%B6%D0%B8%D0%BD%D1%81%D1%8B HTTP/1.1" 301 253 "-" "Mozilla/5.0 (compatible; AhrefsBot/6.1; +http://ahrefs.com/robot/)" "-" "-"							
80.163.37.115 - - [22/Feb/2019:07:33:32.303 +0000] www.calvinklein.dk "GET /www.calvinklein.dk/womens-shoes HTTP/1.1" 200 18146 "https://www.calvinklein.dk/suede-ankle-boots-00000r0735blk" "Mozilla/5.0 (Macintosh; Intel Mac OS X 10_14) AppleWebKit/605.1.15 (KHTML	 like Gecko) Version/12.0 Safari/605.1.15" "-" "-"						
54.36.148.72 - - [22/Feb/2019:07:33:54.459 +0000] www.calvinklein.cz "GET /www.calvinklein.cz/mens-laptop-bags HTTP/1.1" 301 190 "-" "Mozilla/5.0 (compatible; AhrefsBot/6.1; +http://ahrefs.com/robot/)" "-" "-"							
80.163.37.115 - - [22/Feb/2019:07:34:27.683 +0000] www.calvinklein.dk "GET /www.calvinklein.dk/womens-shoes HTTP/1.1" 200 18146 "https://www.calvinklein.dk/neoprene-trainers-0000re9787blk" "Mozilla/5.0 (Macintosh; Intel Mac OS X 10_14) AppleWebKit/605.1.15 (KHTML	 like Gecko) Version/12.0 Safari/605.1.15" "-" "-"						
95.85.234.243 - - [22/Feb/2019:07:34:28.841 +0000] www.calvinklein.cz "GET /www.calvinklein.cz/women HTTP/1.1" 200 15393 "https://www.calvinklein.cz/?cmpid=ch:sea%7cdp:ecom%7cso:google%7ccg:br%7ccp:337670811%7cco:cz%7cla:en%7cts:kwd-35442010%7cag:20589741411%7cmk:calvin%20klein%7ccr:%7bcreativeid%7d%7cmt:e%7csl:%7cap:1t1%7cma:c&cmpid=ch:sea%7cdp:ecom%7cso:google%7ccg:br%7ccp:337670811%7cco:cz%7cla:en%7cts:kwd-35442010%7cag:20589741411%7cmk:calvin%20klein%7ccr:%7bcreativeid%7d%7cmt:e%7csl:%7cap:1t1%7cma:c&gclid=Cj0KCQiAtbnjBRDBARIsAO3zDl-_1g3nsCdhTeqwhV9kNmCK19YDbt007bEl0MC3LN07Uv8LtubMvCIaAoR0EALw_wcB&gclsrc=aw.ds" "Mozilla/5.0 (Windows NT 10.0; Win64; x64) AppleWebKit/537.36 (KHTML	 like Gecko) Chrome/72.0.3626.109 Safari/537.36" "-" "-"						
95.85.234.243 - - [22/Feb/2019:07:34:30.155 +0000] www.calvinklein.cz "GET /www.calvinklein.cz/women HTTP/1.1" 200 15389 "https://www.calvinklein.cz/women" "Mozilla/5.0 (Windows NT 10.0; Win64; x64) AppleWebKit/537.36 (KHTML	 like Gecko) Chrome/72.0.3626.109 Safari/537.36" "-" "-"						
80.163.37.115 - - [22/Feb/2019:07:34:35.426 +0000] www.calvinklein.dk "GET /www.calvinklein.dk/womens-jeans HTTP/1.1" 200 18232 "https://www.calvinklein.dk/womens-shoes" "Mozilla/5.0 (Macintosh; Intel Mac OS X 10_14) AppleWebKit/605.1.15 (KHTML	 like Gecko) Version/12.0 Safari/605.1.15" "-" "-"						
95.85.234.243 - - [22/Feb/2019:07:35:04.348 +0000] www.calvinklein.cz "GET /www.calvinklein.cz/performance-women HTTP/1.1" 200 19233 "https://www.calvinklein.cz/women" "Mozilla/5.0 (Windows NT 10.0; Win64; x64) AppleWebKit/537.36 (KHTML	 like Gecko) Chrome/72.0.3626.109 Safari/537.36" "-" "-"						
212.166.107.5 - - [22/Feb/2019:07:35:10.128 +0000] www.calvinklein.fr "GET /www.calvinklein.fr/homme HTTP/1.1" 200 29180 "https://www.google.com/" "Mozilla/5.0 (Windows NT 6.1; Win64; x64) AppleWebKit/537.36 (KHTML	 like Gecko) Chrome/72.0.3626.109 Safari/537.36" "-" "-"						
95.85.234.243 - - [22/Feb/2019:07:35:52.500 +0000] www.calvinklein.cz "GET /www.calvinklein.cz/ladies-underwear HTTP/1.1" 200 20230 "https://www.calvinklein.cz/performance-women" "Mozilla/5.0 (Windows NT 10.0; Win64; x64) AppleWebKit/537.36 (KHTML	 like Gecko) Chrome/72.0.3626.109 Safari/537.36" "-" "-"						
212.166.107.5 - - [22/Feb/2019:07:36:46.484 +0000] www.calvinklein.fr "GET /www.calvinklein.fr/homme HTTP/1.1" 200 27566 "https://www.calvinklein.fr/homme" "Mozilla/5.0 (Windows NT 6.1; Win64; x64) AppleWebKit/537.36 (KHTML	 like Gecko) Chrome/72.0.3626.109 Safari/537.36" "-" "-"						
212.166.107.5 - - [22/Feb/2019:07:36:54.310 +0000] www.calvinklein.fr "GET /www.calvinklein.fr/vestes-manteaux-homme HTTP/1.1" 200 42468 "https://www.calvinklein.fr/homme" "Mozilla/5.0 (Windows NT 6.1; Win64; x64) AppleWebKit/537.36 (KHTML	 like Gecko) Chrome/72.0.3626.109 Safari/537.36" "-" "-"						
2a02:1388:193:fc2c:20cd:ea32:9443:766 - - [22/Feb/2019:07:37:10.019 +0000] www.calvinklein.co.uk "GET /www.calvinklein.co.uk/mens-t-shirts HTTP/1.1" 200 20837 "https://www.google.com/" "Mozilla/5.0 (iPhone; CPU iPhone OS 12_1 like Mac OS X) AppleWebKit/605.1.15 (KHTML	 like Gecko) GSA/67.1.233829879 Mobile/15E148 Safari/605.1" "-" "-"						
2a02:1388:193:fc2c:20cd:ea32:9443:766 - - [22/Feb/2019:07:37:14.232 +0000] www.calvinklein.co.uk "GET /www.calvinklein.co.uk/mens-t-shirts HTTP/1.1" 200 19011 "https://www.calvinklein.co.uk/mens-t-shirts" "Mozilla/5.0 (iPhone; CPU iPhone OS 12_1 like Mac OS X) AppleWebKit/605.1.15 (KHTML	 like Gecko) GSA/67.1.233829879 Mobile/15E148 Safari/605.1" "-" "-"						
41.143.109.151 - - [22/Feb/2019:07:37:41.766 +0000] www.calvinklein.fr "GET /www.calvinklein.fr/sacs-pour-homme HTTP/1.1" 200 33606 "https://www.google.fr/" "Mozilla/5.0 (iPhone; CPU iPhone OS 12_1_4 like Mac OS X) AppleWebKit/605.1.15 (KHTML	 like Gecko) Version/12.0 Mobile/15E148 Safari/604.1" "-" "-"						
185.134.162.130 - - [22/Feb/2019:07:37:55.799 +0000] www.calvinklein.cz "GET /www.calvinklein.cz/women HTTP/1.1" 200 15390 "https://www.calvinklein.cz/?cmpid=ch:sea%7cdp:ecom%7cso:google%7ccg:br%7ccp:1678493166%7cco:cz%7cla:en%7cts:kwd-19809958441%7cag:63233851377%7cmk:%2Bcalvin%20%2Bklein%7ccr:%7bcreativeid%7d%7cmt:b%7csl:%7cap:1t1%7cma:c&cmpid=ch:sea%7cdp:ecom%7cso:google%7ccg:br%7ccp:1678493166%7cco:cz%7cla:en%7cts:kwd-19809958441%7cag:63233851377%7cmk:%2Bcalvin%20%2Bklein%7ccr:%7bcreativeid%7d%7cmt:b%7csl:%7cap:1t1%7cma:c&gclid=EAIaIQobChMI47jL1erO4AIVkQuRCh3EGgyBEAAYASAAEgKnG_D_BwE&gclsrc=aw.ds" "Mozilla/5.0 (Windows NT 6.1) AppleWebKit/537.36 (KHTML	 like Gecko) Chrome/72.0.3626.109 Safari/537.36" "-" "-"						
185.134.162.130 - - [22/Feb/2019:07:37:56.227 +0000] www.calvinklein.cz "GET /www.calvinklein.cz/women HTTP/1.1" 200 15388 "https://www.calvinklein.cz/women" "Mozilla/5.0 (Windows NT 6.1) AppleWebKit/537.36 (KHTML	 like Gecko) Chrome/72.0.3626.109 Safari/537.36" "-" "-"						
185.134.162.130 - - [22/Feb/2019:07:38:01.400 +0000] www.calvinklein.cz "GET /www.calvinklein.cz/womens-bags HTTP/1.1" 200 18144 "https://www.calvinklein.cz/women" "Mozilla/5.0 (Windows NT 6.1) AppleWebKit/537.36 (KHTML	 like Gecko) Chrome/72.0.3626.109 Safari/537.36" "-" "-"						
54.36.149.33 - - [22/Feb/2019:07:40:19.033 +0000] www.calvinklein.ch "GET /www.calvinklein.ch/IT/donna-nuovo-denim HTTP/1.1" 000 2032 "-" "Mozilla/5.0 (compatible; AhrefsBot/6.1; +http://ahrefs.com/robot/)" "-" "-"							
91.193.179.237 - - [22/Feb/2019:07:40:37.435 +0000] www.calvinklein.ru "GET /www.calvinklein.ru/%D0%B6%D0%B5%D0%BD%D1%89%D0%B8%D0%BD%D1%8B HTTP/1.1" 200 22974 "-" "Mozilla/5.0 (iPhone; CPU iPhone OS 12_1 like Mac OS X) AppleWebKit/605.1.15 (KHTML	 like Gecko) GSA/67.1.233829879 Mobile/15E148 Safari/605.1" "-" "-"						
91.193.179.237 - - [22/Feb/2019:07:40:41.402 +0000] www.calvinklein.ru "GET /www.calvinklein.ru/%D0%B6%D0%B5%D0%BD%D1%89%D0%B8%D0%BD%D1%8B HTTP/1.1" 200 22974 "https://www.calvinklein.ru/%D0%B6%D0%B5%D0%BD%D1%89%D0%B8%D0%BD%D1%8B" "Mozilla/5.0 (iPhone; CPU iPhone OS 12_1 like Mac OS X) AppleWebKit/605.1.15 (KHTML	 like Gecko) GSA/67.1.233829879 Mobile/15E148 Safari/605.1" "-" "-"						
91.193.179.237 - - [22/Feb/2019:07:40:59.420 +0000] www.calvinklein.ru "GET /www.calvinklein.ru/%D0%B6%D0%B5%D0%BD%D1%81%D0%BA%D0%B8%D0%B5-%D1%80%D1%83%D0%B1%D0%B0%D1%88%D0%BA%D0%B8 HTTP/1.1" 200 23363 "https://www.calvinklein.ru/%D0%B6%D0%B5%D0%BD%D1%89%D0%B8%D0%BD%D1%8B" "Mozilla/5.0 (iPhone; CPU iPhone OS 12_1 like Mac OS X) AppleWebKit/605.1.15 (KHTML	 like Gecko) GSA/67.1.233829879 Mobile/15E148 Safari/605.1" "-" "-"						
91.193.179.237 - - [22/Feb/2019:07:41:00.539 +0000] www.calvinklein.ru "GET /www.calvinklein.ru/%D0%B6%D0%B5%D0%BD%D1%81%D0%BA%D0%B8%D0%B5-%D1%80%D1%83%D0%B1%D0%B0%D1%88%D0%BA%D0%B8 HTTP/1.1" 200 23360 "https://www.calvinklein.ru/%D0%B6%D0%B5%D0%BD%D1%81%D0%BA%D0%B8%D0%B5-%D1%80%D1%83%D0%B1%D0%B0%D1%88%D0%BA%D0%B8" "Mozilla/5.0 (iPhone; CPU iPhone OS 12_1 like Mac OS X) AppleWebKit/605.1.15 (KHTML	 like Gecko) GSA/67.1.233829879 Mobile/15E148 Safari/605.1" "-" "-"						
87.116.18.14 - - [22/Feb/2019:07:41:02.519 +0000] www.calvinklein.dk "GET /www.calvinklein.dk/new-arrivals-womens HTTP/1.1" 200 19879 "https://www.calvinklein.dk/" "Mozilla/5.0 (Macintosh; Intel Mac OS X 10_14_2) AppleWebKit/605.1.15 (KHTML	 like Gecko) Version/12.0.2 Safari/605.1.15" "-" "-"						
91.193.179.237 - - [22/Feb/2019:07:41:11.023 +0000] www.calvinklein.ru "GET /www.calvinklein.ru/%D0%B6%D0%B5%D0%BD%D1%81%D0%BA%D0%B0%D1%8F-%D0%BE%D0%B4%D0%B5%D0%B6%D0%B4%D0%B0 HTTP/1.1" 200 24755 "https://www.calvinklein.ru/%D0%B6%D0%B5%D0%BD%D1%81%D0%BA%D0%B8%D0%B5-%D1%80%D1%83%D0%B1%D0%B0%D1%88%D0%BA%D0%B8" "Mozilla/5.0 (iPhone; CPU iPhone OS 12_1 like Mac OS X) AppleWebKit/605.1.15 (KHTML	 like Gecko) GSA/67.1.233829879 Mobile/15E148 Safari/605.1" "-" "-"						
91.193.179.237 - - [22/Feb/2019:07:41:12.663 +0000] www.calvinklein.ru "GET /www.calvinklein.ru/%D0%B6%D0%B5%D0%BD%D1%81%D0%BA%D0%B0%D1%8F-%D0%BE%D0%B4%D0%B5%D0%B6%D0%B4%D0%B0 HTTP/1.1" 200 24569 "https://www.calvinklein.ru/%D0%B6%D0%B5%D0%BD%D1%81%D0%BA%D0%B0%D1%8F-%D0%BE%D0%B4%D0%B5%D0%B6%D0%B4%D0%B0" "Mozilla/5.0 (iPhone; CPU iPhone OS 12_1 like Mac OS X) AppleWebKit/605.1.15 (KHTML	 like Gecko) GSA/67.1.233829879 Mobile/15E148 Safari/605.1" "-" "-"						
2003:ef:2f0c:7c32:f543:41c6:914:77dd - - [22/Feb/2019:07:41:30.846 +0000] www.calvinklein.de "GET /www.calvinklein.de/jogginghose-damen?utm_source=Newsletter&utm_medium=E-mail&utm_term=Omni_Newsletter_PanEuropean_de-DE_CKJ_ProductStory_eActive_&utm_campaign=SS19_20190221_Sweatpants_DG_&cmpid=ch:email%7Cdp:Omni%7Cso:Newsletter%7Ccg:PanEuropean%7Ccp:SS19_20190221_Sweatpants_DG_%7Cco:DE%7Cla:de%7Clb:CKJ%7Cca:ProductStory%7Cts:eActive%7Ccr:&CIN=CK4557420&sid=112132015 HTTP/1.1" 200 25787 "-" "Mozilla/5.0 (iPhone; CPU iPhone OS 12_1_2 like Mac OS X) AppleWebKit/605.1.15 (KHTML	 like Gecko) Version/12.0 Mobile/15E148 Safari/604.1" "-" "-"						
5.134.162.175 - - [22/Feb/2019:07:41:51.643 +0000] www.calvinklein.co.uk "GET /www.calvinklein.co.uk/mens-ties HTTP/1.1" 200 16734 "https://www.google.com/" "Mozilla/5.0 (iPhone; CPU iPhone OS 12_1_2 like Mac OS X) AppleWebKit/605.1.15 (KHTML	 like Gecko) Version/12.0 Mobile/15E148 Safari/604.1" "-" "-"						
91.193.179.237 - - [22/Feb/2019:07:41:52.873 +0000] www.calvinklein.ru "GET /www.calvinklein.ru/%D0%B6%D0%B5%D0%BD%D1%81%D0%BA%D0%B0%D1%8F-%D0%BE%D0%B4%D0%B5%D0%B6%D0%B4%D0%B0 HTTP/1.1" 200 24567 "https://www.calvinklein.ru/%D0%B6%D0%B5%D0%BD%D1%81%D0%BA%D0%B8%D0%B5-%D1%80%D1%83%D0%B1%D0%B0%D1%88%D0%BA%D0%B8" "Mozilla/5.0 (iPhone; CPU iPhone OS 12_1 like Mac OS X) AppleWebKit/605.1.15 (KHTML	 like Gecko) GSA/67.1.233829879 Mobile/15E148 Safari/605.1" "-" "-"						
91.193.179.237 - - [22/Feb/2019:07:41:53.995 +0000] www.calvinklein.ru "GET /www.calvinklein.ru/%D0%B6%D0%B5%D0%BD%D1%81%D0%BA%D0%B0%D1%8F-%D0%BE%D0%B4%D0%B5%D0%B6%D0%B4%D0%B0 HTTP/1.1" 200 24567 "https://www.calvinklein.ru/%D0%B6%D0%B5%D0%BD%D1%81%D0%BA%D0%B0%D1%8F-%D0%BE%D0%B4%D0%B5%D0%B6%D0%B4%D0%B0" "Mozilla/5.0 (iPhone; CPU iPhone OS 12_1 like Mac OS X) AppleWebKit/605.1.15 (KHTML	 like Gecko) GSA/67.1.233829879 Mobile/15E148 Safari/605.1" "-" "-"						
5.134.162.175 - - [22/Feb/2019:07:42:04.647 +0000] www.calvinklein.co.uk "GET /www.calvinklein.co.uk/mens-ties HTTP/1.1" 200 14917 "https://www.calvinklein.co.uk/mens-ties" "Mozilla/5.0 (iPhone; CPU iPhone OS 12_1_2 like Mac OS X) AppleWebKit/605.1.15 (KHTML	 like Gecko) Version/12.0 Mobile/15E148 Safari/604.1" "-" "-"						
2003:ef:2f0c:7c32:f543:41c6:914:77dd - - [22/Feb/2019:07:42:21.992 +0000] www.calvinklein.de "GET /www.calvinklein.de/jogginghose-damen?utm_source=Newsletter&utm_medium=E-mail&utm_term=Omni_Newsletter_PanEuropean_de-DE_CKJ_ProductStory_eActive_&utm_campaign=SS19_20190221_Sweatpants_DG_&cmpid=ch:email%7cdp:Omni%7cso:Newsletter%7ccg:PanEuropean%7ccp:SS19_20190221_Sweatpants_DG_%7cco:DE%7cla:de%7clb:CKJ%7cca:ProductStory%7cts:eActive%7ccr:&CIN=CK4557420&sid=112132015 HTTP/1.1" 200 25785 "-" "Mozilla/5.0 (iPhone; CPU iPhone OS 12_1_2 like Mac OS X) AppleWebKit/605.1.15 (KHTML	 like Gecko) Version/12.0 Mobile/15E148 Safari/604.1" "-" "-"						
91.193.179.237 - - [22/Feb/2019:07:42:25.812 +0000] www.calvinklein.ru "GET /www.calvinklein.ru/%D0%B6%D0%B5%D0%BD%D1%81%D0%BA%D0%B0%D1%8F-%D0%BE%D0%B4%D0%B5%D0%B6%D0%B4%D0%B0 HTTP/1.1" 200 24566 "https://www.calvinklein.ru/%D0%B6%D0%B5%D0%BD%D1%81%D0%BA%D0%B8%D0%B5-%D1%80%D1%83%D0%B1%D0%B0%D1%88%D0%BA%D0%B8" "Mozilla/5.0 (iPhone; CPU iPhone OS 12_1 like Mac OS X) AppleWebKit/605.1.15 (KHTML	 like Gecko) GSA/67.1.233829879 Mobile/15E148 Safari/605.1" "-" "-"						
91.193.179.237 - - [22/Feb/2019:07:42:26.927 +0000] www.calvinklein.ru "GET /www.calvinklein.ru/%D0%B6%D0%B5%D0%BD%D1%81%D0%BA%D0%B0%D1%8F-%D0%BE%D0%B4%D0%B5%D0%B6%D0%B4%D0%B0 HTTP/1.1" 200 24566 "https://www.calvinklein.ru/%D0%B6%D0%B5%D0%BD%D1%81%D0%BA%D0%B0%D1%8F-%D0%BE%D0%B4%D0%B5%D0%B6%D0%B4%D0%B0" "Mozilla/5.0 (iPhone; CPU iPhone OS 12_1 like Mac OS X) AppleWebKit/605.1.15 (KHTML	 like Gecko) GSA/67.1.233829879 Mobile/15E148 Safari/605.1" "-" "-"						
2003:ef:2f0c:7c32:f543:41c6:914:77dd - - [22/Feb/2019:07:42:35.184 +0000] www.calvinklein.de "GET /www.calvinklein.de/jogginghose-damen?utm_source=Newsletter&utm_medium=E-mail&utm_term=Omni_Newsletter_PanEuropean_de-DE_CKJ_ProductStory_eActive_&utm_campaign=SS19_20190221_Sweatpants_DG_&cmpid=ch:email%7cdp:Omni%7cso:Newsletter%7ccg:PanEuropean%7ccp:SS19_20190221_Sweatpants_DG_%7cco:DE%7cla:de%7clb:CKJ%7cca:ProductStory%7cts:eActive%7ccr:&CIN=CK4557420&sid=112132015 HTTP/1.1" 200 25784 "-" "Mozilla/5.0 (iPhone; CPU iPhone OS 12_1_2 like Mac OS X) AppleWebKit/605.1.15 (KHTML	 like Gecko) Version/12.0 Mobile/15E148 Safari/604.1" "-" "-"						
91.193.179.237 - - [22/Feb/2019:07:42:46.656 +0000] www.calvinklein.ru "GET /www.calvinklein.ru/%D0%BC%D1%83%D0%B6%D1%81%D0%BA%D0%B8%D0%B5-%D1%80%D1%83%D0%B1%D0%B0%D1%88%D0%BA%D0%B8 HTTP/1.1" 200 23782 "https://www.calvinklein.ru/%D0%B6%D0%B5%D0%BD%D1%81%D0%BA%D0%B0%D1%8F-%D0%BE%D0%B4%D0%B5%D0%B6%D0%B4%D0%B0" "Mozilla/5.0 (iPhone; CPU iPhone OS 12_1 like Mac OS X) AppleWebKit/605.1.15 (KHTML	 like Gecko) GSA/67.1.233829879 Mobile/15E148 Safari/605.1" "-" "-"						
