91.133.106.142 - - [22/Feb/2019:07:10:15.927 +0000] www.calvinklein.cz "GET /www.calvinklein.cz/women HTTP/1.1" 200 18303 "https://www.calvinklein.cz/" "Mozilla/5.0 (Linux; Android 9; SM-G960F) AppleWebKit/537.36 (KHTML	 like Gecko) Chrome/72.0.3626.105 Mobile Safari/537.36" "-" "-"						
91.133.106.142 - - [22/Feb/2019:07:10:16.892 +0000] www.calvinklein.cz "GET /www.calvinklein.cz/women HTTP/1.1" 200 18301 "https://www.calvinklein.cz/women" "Mozilla/5.0 (Linux; Android 9; SM-G960F) AppleWebKit/537.36 (KHTML	 like Gecko) Chrome/72.0.3626.105 Mobile Safari/537.36" "-" "-"						
91.133.106.142 - - [22/Feb/2019:07:10:33.707 +0000] www.calvinklein.cz "GET /www.calvinklein.cz/ladies-underwear HTTP/1.1" 200 21123 "https://www.calvinklein.cz/women" "Mozilla/5.0 (Linux; Android 9; SM-G960F) AppleWebKit/537.36 (KHTML	 like Gecko) Chrome/72.0.3626.105 Mobile Safari/537.36" "-" "-"						
54.36.150.0 - - [22/Feb/2019:07:10:33.896 +0000] www.calvinklein.ch "GET /www.calvinklein.ch/IT/hipster-panties-donna HTTP/1.1" 200 20768 "-" "Mozilla/5.0 (compatible; AhrefsBot/6.1; +http://ahrefs.com/robot/)" "-" "-"							
91.133.106.142 - - [22/Feb/2019:07:10:34.439 +0000] www.calvinklein.cz "GET /www.calvinklein.cz/ladies-underwear HTTP/1.1" 200 21122 "https://www.calvinklein.cz/ladies-underwear" "Mozilla/5.0 (Linux; Android 9; SM-G960F) AppleWebKit/537.36 (KHTML	 like Gecko) Chrome/72.0.3626.105 Mobile Safari/537.36" "-" "-"						
54.36.148.54 - - [22/Feb/2019:07:10:35.980 +0000] www.calvinklein.fi "GET /www.calvinklein.fi/womens-t-shirt-bras HTTP/1.1" 200 18334 "-" "Mozilla/5.0 (compatible; AhrefsBot/6.1; +http://ahrefs.com/robot/)" "-" "-"							
217.38.34.238 - - [22/Feb/2019:07:10:42.989 +0000] www.calvinklein.co.uk "GET /www.calvinklein.co.uk/sale-women HTTP/1.1" 200 19846 "https://www.google.co.uk/" "Mozilla/5.0 (iPhone; CPU iPhone OS 12_1_4 like Mac OS X) AppleWebKit/605.1.15 (KHTML	 like Gecko) Version/12.0 Mobile/15E148 Safari/604.1" "-" "-"						
217.38.34.238 - - [22/Feb/2019:07:10:43.356 +0000] www.calvinklein.co.uk "GET /www.calvinklein.co.uk/sale-women HTTP/1.1" 200 19843 "https://www.calvinklein.co.uk/sale-women" "Mozilla/5.0 (iPhone; CPU iPhone OS 12_1_4 like Mac OS X) AppleWebKit/605.1.15 (KHTML	 like Gecko) Version/12.0 Mobile/15E148 Safari/604.1" "-" "-"						
217.38.34.238 - - [22/Feb/2019:07:11:00.344 +0000] www.calvinklein.co.uk "GET /www.calvinklein.co.uk/men-loungewear HTTP/1.1" 200 17232 "https://www.calvinklein.co.uk/sale-women" "Mozilla/5.0 (iPhone; CPU iPhone OS 12_1_4 like Mac OS X) AppleWebKit/605.1.15 (KHTML	 like Gecko) Version/12.0 Mobile/15E148 Safari/604.1" "-" "-"						
217.38.34.238 - - [22/Feb/2019:07:11:02.974 +0000] www.calvinklein.co.uk "GET /www.calvinklein.co.uk/men-loungewear HTTP/1.1" 200 16243 "https://www.calvinklein.co.uk/men-loungewear" "Mozilla/5.0 (iPhone; CPU iPhone OS 12_1_4 like Mac OS X) AppleWebKit/605.1.15 (KHTML	 like Gecko) Version/12.0 Mobile/15E148 Safari/604.1" "-" "-"						
82.132.91.6 - - [22/Feb/2019:07:11:06.083 +0000] www.calvinklein.co.uk "GET /www.calvinklein.co.uk/mens-t-shirts HTTP/1.1" 200 16408 "https://www.calvinklein.co.uk/mens-t-shirts" "Mozilla/5.0 (iPhone; CPU iPhone OS 12_1 like Mac OS X) AppleWebKit/605.1.15 (KHTML	 like Gecko) CriOS/72.0.3626.101 Mobile/15E148 Safari/605.1" "-" "-"						
212.241.116.116 - - [22/Feb/2019:07:12:15.812 +0000] www.calvinklein.de "GET /www.calvinklein.de/damen HTTP/1.1" 200 19146 "https://www.google.com/" "Mozilla/5.0 (Linux; Android 8.0.0; SM-G955F) AppleWebKit/537.36 (KHTML	 like Gecko) Chrome/72.0.3626.105 Mobile Safari/537.36" "-" "-"						
178.66.61.5 - - [22/Feb/2019:07:12:32.001 +0000] www.calvinklein.ru "GET /www.calvinklein.ru/%D0%BC%D1%83%D0%B6%D1%81%D0%BA%D0%B8%D0%B5-%D0%BA%D0%BE%D1%88%D0%B5%D0%BB%D1%8C%D0%BA%D0%B8?scrollPage=2 HTTP/1.1" 200 20455 "https://www.google.ru/" "Mozilla/5.0 (iPhone; CPU iPhone OS 12_1_4 like Mac OS X) AppleWebKit/605.1.15 (KHTML	 like Gecko) Version/12.0 Mobile/15E148 Safari/604.1" "-" "-"						
212.241.116.116 - - [22/Feb/2019:07:12:32.336 +0000] www.calvinklein.de "GET /www.calvinklein.de/damen-taschen HTTP/1.1" 200 32813 "https://www.calvinklein.de/damen" "Mozilla/5.0 (Linux; Android 8.0.0; SM-G955F) AppleWebKit/537.36 (KHTML	 like Gecko) Chrome/72.0.3626.105 Mobile Safari/537.36" "-" "-"						
145.255.0.140 - - [22/Feb/2019:07:12:34.070 +0000] www.calvinklein.ru "GET /www.calvinklein.ru/%d0%bc%d1%83%d0%b6%d1%81%d0%ba%d0%b8%d0%b5-%d1%81%d0%bf%d0%be%d1%80%d1%82%d0%b8%d0%b2%d0%bd%d1%8b%d0%b5-%d1%88%d1%82%d0%b0%d0%bd%d1%8b?utm_source=Newsletter&utm_medium=E-mail&utm_term=Omni_Newsletter_PanEuropean_ru-RU_CKJ_ProductStory_eActive_&utm_campaign=SS19_20190221_Sweatpants_DG_&cmpid=ch:email%7Cdp:Omni%7Cso:Newsletter%7Ccg:PanEuropean%7Ccp:SS19_20190221_Sweatpants_DG_%7Cco:RU%7Cla:ru%7Clb:CKJ%7Cca:ProductStory%7Cts:eActive%7Ccr:&CIN=CK2055353&sid=77976344 HTTP/1.1" 200 15428 "-" "Mozilla/5.0 (iPhone; CPU iPhone OS 12_1_4 like Mac OS X) AppleWebKit/605.1.15 (KHTML	 like Gecko) Version/12.0 Mobile/15E148 Safari/604.1" "-" "-"						
178.66.61.5 - - [22/Feb/2019:07:12:36.888 +0000] www.calvinklein.ru "GET /www.calvinklein.ru/%D0%BC%D1%83%D0%B6%D1%81%D0%BA%D0%B8%D0%B5-%D0%BA%D0%BE%D1%88%D0%B5%D0%BB%D1%8C%D0%BA%D0%B8?scrollPage=2 HTTP/1.1" 200 18726 "https://www.calvinklein.ru/%D0%BC%D1%83%D0%B6%D1%81%D0%BA%D0%B8%D0%B5-%D0%BA%D0%BE%D1%88%D0%B5%D0%BB%D1%8C%D0%BA%D0%B8?scrollPage=2" "Mozilla/5.0 (iPhone; CPU iPhone OS 12_1_4 like Mac OS X) AppleWebKit/605.1.15 (KHTML	 like Gecko) Version/12.0 Mobile/15E148 Safari/604.1" "-" "-"						
83.220.236.119 - - [22/Feb/2019:07:12:38.719 +0000] www.calvinklein.ru "GET /www.calvinklein.ru/%D0%B6%D0%B5%D0%BD%D1%89%D0%B8%D0%BD%D1%8B HTTP/1.1" 200 19140 "-" "Mozilla/5.0 (Linux; Android 8.1.0; Redmi S2) AppleWebKit/537.36 (KHTML	 like Gecko) Chrome/72.0.3626.105 Mobile Safari/537.36" "-" "-"						
178.176.112.90 - - [22/Feb/2019:07:12:38.668 +0000] www.calvinklein.ru "GET /www.calvinklein.ru/%D0%BC%D1%83%D0%B6%D1%81%D0%BA%D0%B0%D1%8F-%D0%BE%D0%B4%D0%B5%D0%B6%D0%B4%D0%B0-d70-ru HTTP/1.1" 200 20470 "https://www.calvinklein.ru/%D0%BC%D1%83%D0%B6%D1%87%D0%B8%D0%BD%D1%8B" "Mozilla/5.0 (Windows NT 10.0; Win64; x64) AppleWebKit/537.36 (KHTML	 like Gecko) Chrome/72.0.3626.109 Safari/537.36" "-" "-"						
185.78.117.174 - - [22/Feb/2019:07:12:41.069 +0000] www.calvinklein.ru "GET /www.calvinklein.ru/%D0%B6%D0%B5%D0%BD%D1%81%D0%BA%D0%B8%D0%B5-%D0%B1%D0%BE%D1%82%D0%B8%D0%BD%D0%BA%D0%B8 HTTP/1.1" 200 19717 "https://www.calvinklein.ru/%D0%B6%D0%B5%D0%BD%D1%81%D0%BA%D0%B0%D1%8F-%D0%BE%D0%B1%D1%83%D0%B2%D1%8C" "Mozilla/5.0 (Windows NT 6.1; WOW64) AppleWebKit/537.36 (KHTML	 like Gecko) Chrome/71.0.3578.98 Safari/537.36 OPR/58.0.3135.65" "-" "-"						
86.83.22.203 - - [22/Feb/2019:07:12:50.006 +0000] www.calvinklein.nl "GET /www.calvinklein.nl/dames HTTP/1.1" 200 13144 "https://www.google.com/" "Mozilla/5.0 (Linux; Android 6.0.1; SAMSUNG SM-G900F Build/MMB29M) AppleWebKit/537.36 (KHTML	 like Gecko) SamsungBrowser/8.2 Chrome/63.0.3239.111 Mobile Safari/537.36" "-" "-"						
83.220.236.119 - - [22/Feb/2019:07:12:51.890 +0000] www.calvinklein.ru "GET /www.calvinklein.ru/%D0%B6%D0%B5%D0%BD%D1%89%D0%B8%D0%BD%D1%8B HTTP/1.1" 200 19136 "https://www.calvinklein.ru/%D0%B6%D0%B5%D0%BD%D1%89%D0%B8%D0%BD%D1%8B" "Mozilla/5.0 (Linux; Android 8.1.0; Redmi S2) AppleWebKit/537.36 (KHTML	 like Gecko) Chrome/72.0.3626.105 Mobile Safari/537.36" "-" "-"						
195.122.30.130 - - [22/Feb/2019:07:12:55.043 +0000] www.calvinklein.lv "GET /www.calvinklein.lv/womens-bras HTTP/1.1" 200 19988 "https://www.calvinklein.lv/customer-service-returns" "Mozilla/5.0 (iPhone; CPU iPhone OS 12_0_1 like Mac OS X) AppleWebKit/605.1.15 (KHTML	 like Gecko) Version/12.0 Mobile/15E148 Safari/604.1" "-" "-"						
195.122.30.130 - - [22/Feb/2019:07:12:56.500 +0000] www.calvinklein.lv "GET /www.calvinklein.lv/womens-bras HTTP/1.1" 200 19789 "https://www.calvinklein.lv/womens-bras" "Mozilla/5.0 (iPhone; CPU iPhone OS 12_0_1 like Mac OS X) AppleWebKit/605.1.15 (KHTML	 like Gecko) Version/12.0 Mobile/15E148 Safari/604.1" "-" "-"						
145.255.0.140 - - [22/Feb/2019:07:12:58.609 +0000] www.calvinklein.ru "GET /www.calvinklein.ru/%D0%BC%D1%83%D0%B6%D1%81%D0%BA%D0%B8%D0%B5-%D1%81%D0%BF%D0%BE%D1%80%D1%82%D0%B8%D0%B2%D0%BD%D1%8B%D0%B5-%D1%88%D1%82%D0%B0%D0%BD%D1%8B HTTP/1.1" 200 21185 "-" "Mozilla/5.0 (iPhone; CPU iPhone OS 12_1 like Mac OS X) AppleWebKit/605.1.15 (KHTML	 like Gecko) CriOS/72.0.3626.101 Mobile/15E148 Safari/605.1" "-" "-"						
145.255.0.140 - - [22/Feb/2019:07:13:00.990 +0000] www.calvinklein.ru "GET /www.calvinklein.ru/%D0%BC%D1%83%D0%B6%D1%81%D0%BA%D0%B8%D0%B5-%D1%81%D0%BF%D0%BE%D1%80%D1%82%D0%B8%D0%B2%D0%BD%D1%8B%D0%B5-%D1%88%D1%82%D0%B0%D0%BD%D1%8B HTTP/1.1" 200 19313 "https://www.calvinklein.ru/%D0%BC%D1%83%D0%B6%D1%81%D0%BA%D0%B8%D0%B5-%D1%81%D0%BF%D0%BE%D1%80%D1%82%D0%B8%D0%B2%D0%BD%D1%8B%D0%B5-%D1%88%D1%82%D0%B0%D0%BD%D1%8B" "Mozilla/5.0 (iPhone; CPU iPhone OS 12_1 like Mac OS X) AppleWebKit/605.1.15 (KHTML	 like Gecko) CriOS/72.0.3626.101 Mobile/15E148 Safari/605.1" "-" "-"						
212.241.116.116 - - [22/Feb/2019:07:13:03.807 +0000] www.calvinklein.de "GET /www.calvinklein.de/damentaschen-accessoires HTTP/1.1" 200 34285 "https://www.calvinklein.de/damen-taschen" "Mozilla/5.0 (Linux; Android 8.0.0; SM-G955F) AppleWebKit/537.36 (KHTML	 like Gecko) Chrome/72.0.3626.105 Mobile Safari/537.36" "-" "-"						
145.255.0.140 - - [22/Feb/2019:07:13:09.850 +0000] www.calvinklein.ru "GET /www.calvinklein.ru/%d0%bc%d1%83%d0%b6%d1%81%d0%ba%d0%b8%d0%b5-%d1%81%d0%bf%d0%be%d1%80%d1%82%d0%b8%d0%b2%d0%bd%d1%8b%d0%b5-%d1%88%d1%82%d0%b0%d0%bd%d1%8b HTTP/1.1" 200 19315 "-" "Mozilla/5.0 (iPhone; CPU iPhone OS 12_1_4 like Mac OS X) AppleWebKit/605.1.15 (KHTML	 like Gecko) Version/12.0 Mobile/15E148 Safari/604.1" "-" "-"						
145.255.0.140 - - [22/Feb/2019:07:13:10.587 +0000] www.calvinklein.ru "GET /www.calvinklein.ru/%d0%bc%d1%83%d0%b6%d1%81%d0%ba%d0%b8%d0%b5-%d1%81%d0%bf%d0%be%d1%80%d1%82%d0%b8%d0%b2%d0%bd%d1%8b%d0%b5-%d1%88%d1%82%d0%b0%d0%bd%d1%8b HTTP/1.1" 200 19313 "https://www.calvinklein.ru/%d0%bc%d1%83%d0%b6%d1%81%d0%ba%d0%b8%d0%b5-%d1%81%d0%bf%d0%be%d1%80%d1%82%d0%b8%d0%b2%d0%bd%d1%8b%d0%b5-%d1%88%d1%82%d0%b0%d0%bd%d1%8b" "Mozilla/5.0 (iPhone; CPU iPhone OS 12_1_4 like Mac OS X) AppleWebKit/605.1.15 (KHTML	 like Gecko) Version/12.0 Mobile/15E148 Safari/604.1" "-" "-"						
145.255.0.140 - - [22/Feb/2019:07:13:18.323 +0000] www.calvinklein.ru "GET /www.calvinklein.ru/%D0%BC%D1%83%D0%B6%D1%81%D0%BA%D0%B8%D0%B5-%D1%81%D0%BF%D0%BE%D1%80%D1%82%D0%B8%D0%B2%D0%BD%D1%8B%D0%B5-%D1%88%D1%82%D0%B0%D0%BD%D1%8B HTTP/1.1" 200 19311 "-" "Mozilla/5.0 (iPhone; CPU iPhone OS 12_1_4 like Mac OS X) AppleWebKit/605.1.15 (KHTML	 like Gecko) Version/12.0 Mobile/15E148 Safari/604.1" "-" "-"						
145.255.0.140 - - [22/Feb/2019:07:13:18.685 +0000] www.calvinklein.ru "GET /www.calvinklein.ru/%D0%BC%D1%83%D0%B6%D1%81%D0%BA%D0%B8%D0%B5-%D1%81%D0%BF%D0%BE%D1%80%D1%82%D0%B8%D0%B2%D0%BD%D1%8B%D0%B5-%D1%88%D1%82%D0%B0%D0%BD%D1%8B HTTP/1.1" 200 19313 "https://www.calvinklein.ru/%D0%BC%D1%83%D0%B6%D1%81%D0%BA%D0%B8%D0%B5-%D1%81%D0%BF%D0%BE%D1%80%D1%82%D0%B8%D0%B2%D0%BD%D1%8B%D0%B5-%D1%88%D1%82%D0%B0%D0%BD%D1%8B" "Mozilla/5.0 (iPhone; CPU iPhone OS 12_1_4 like Mac OS X) AppleWebKit/605.1.15 (KHTML	 like Gecko) Version/12.0 Mobile/15E148 Safari/604.1" "-" "-"						
86.91.219.99 - - [22/Feb/2019:07:13:23.637 +0000] www.calvinklein.nl "GET /www.calvinklein.nl/nieuw-binnen-dames HTTP/1.1" 200 18040 "https://www.calvinklein.nl/nachthemd-met-logo-monogram-000qs6152e100" "Mozilla/5.0 (iPhone; CPU iPhone OS 12_1_4 like Mac OS X) AppleWebKit/605.1.15 (KHTML	 like Gecko) Version/12.0 Mobile/15E148 Safari/604.1" "-" "-"						
83.220.236.119 - - [22/Feb/2019:07:13:25.407 +0000] www.calvinklein.ru "GET /www.calvinklein.ru/%D0%B6%D0%B5%D0%BD%D1%89%D0%B8%D0%BD%D1%8B HTTP/1.1" 200 19136 "https://www.calvinklein.ru/%D0%B6%D0%B5%D0%BD%D1%89%D0%B8%D0%BD%D1%8B" "Mozilla/5.0 (Linux; Android 8.1.0; Redmi S2) AppleWebKit/537.36 (KHTML	 like Gecko) Chrome/72.0.3626.105 Mobile Safari/537.36" "-" "-"						
89.200.15.240 - - [22/Feb/2019:07:13:30.874 +0000] www.calvinklein.nl "GET /www.calvinklein.nl/performance-dames HTTP/1.1" 200 21759 "https://www.google.com/" "Mozilla/5.0 (iPhone; CPU iPhone OS 12_1 like Mac OS X) AppleWebKit/605.1.15 (KHTML	 like Gecko) CriOS/70.0.3538.75 Mobile/15E148 Safari/605.1" "-" "-"						
89.200.15.240 - - [22/Feb/2019:07:13:33.113 +0000] www.calvinklein.nl "GET /www.calvinklein.nl/performance-dames HTTP/1.1" 200 20069 "https://www.calvinklein.nl/performance-dames" "Mozilla/5.0 (iPhone; CPU iPhone OS 12_1 like Mac OS X) AppleWebKit/605.1.15 (KHTML	 like Gecko) CriOS/70.0.3538.75 Mobile/15E148 Safari/605.1" "-" "-"						
37.20.150.109 - - [22/Feb/2019:07:13:41.171 +0000] www.calvinklein.ru "GET /www.calvinklein.ru/%D0%B6%D0%B5%D0%BD%D1%89%D0%B8%D0%BD%D1%8B HTTP/1.1" 200 19132 "https://www.calvinklein.ru/?cmpid=ch%3Asocial_paid%7Cdp%3Amarketing%7Cso%3Ainstagram%7Ccp%3Ass19_cku%7Ccj%3Aattention%7Cco%3Aru%7Cts%3Acku_broad_female%7Cca%3A%7Ccr%3Astories%7Clb%3Av1.0%7Cag%3A%7Cpi%3A&utm_source=marketing_attention_instagram&utm_medium=social_paid&utm_campaign=ss19_cku&utm_term=attention_cku_broad_female__stories&utm_content=v1.0__" "Mozilla/5.0 (Linux; Android 8.0.0; SM-G930F Build/R16NW; wv) AppleWebKit/537.36 (KHTML	 like Gecko) Version/4.0 Chrome/72.0.3626.105 Mobile Safari/537.36 Instagram 81.0.0.15.91 Android (26/8.0.0; 540dpi; 1080x1920; samsung; SM-G930F; herolte; samsungexynos8890; ru_RU; 142841909)" "-" "-"						
37.20.150.109 - - [22/Feb/2019:07:13:42.145 +0000] www.calvinklein.ru "GET /www.calvinklein.ru/%D0%B6%D0%B5%D0%BD%D1%89%D0%B8%D0%BD%D1%8B HTTP/1.1" 200 19134 "https://www.calvinklein.ru/%D0%B6%D0%B5%D0%BD%D1%89%D0%B8%D0%BD%D1%8B" "Mozilla/5.0 (Linux; Android 8.0.0; SM-G930F Build/R16NW; wv) AppleWebKit/537.36 (KHTML	 like Gecko) Version/4.0 Chrome/72.0.3626.105 Mobile Safari/537.36 Instagram 81.0.0.15.91 Android (26/8.0.0; 540dpi; 1080x1920; samsung; SM-G930F; herolte; samsungexynos8890; ru_RU; 142841909)" "-" "-"						
54.36.150.17 - - [22/Feb/2019:07:13:42.669 +0000] www.calvinklein.it "GET /www.calvinklein.it/scarpe-con-tacco-donna HTTP/1.1" 301 196 "-" "Mozilla/5.0 (compatible; AhrefsBot/6.1; +http://ahrefs.com/robot/)" "-" "-"							
84.236.66.121 - - [22/Feb/2019:07:13:50.621 +0000] www.calvinklein.hu "GET /www.calvinklein.hu/womens-bags HTTP/1.1" 200 18360 "https://www.calvinklein.hu/" "Mozilla/5.0 (Windows NT 10.0; Win64; x64; rv:65.0) Gecko/20100101 Firefox/65.0" "-" "-"							
195.122.30.130 - - [22/Feb/2019:07:13:57.766 +0000] www.calvinklein.lv "GET /www.calvinklein.lv/womens-trainers HTTP/1.1" 200 17877 "https://www.calvinklein.lv/womens-bras" "Mozilla/5.0 (iPhone; CPU iPhone OS 12_0_1 like Mac OS X) AppleWebKit/605.1.15 (KHTML	 like Gecko) Version/12.0 Mobile/15E148 Safari/604.1" "-" "-"						
54.36.148.192 - - [22/Feb/2019:07:13:57.319 +0000] www.calvinklein.lu "GET /www.calvinklein.lu/soutien-gorges-invisible-femme HTTP/1.1" 200 36577 "-" "Mozilla/5.0 (compatible; AhrefsBot/6.1; +http://ahrefs.com/robot/)" "-" "-"							
195.122.30.130 - - [22/Feb/2019:07:13:58.239 +0000] www.calvinklein.lv "GET /www.calvinklein.lv/womens-trainers HTTP/1.1" 200 17872 "https://www.calvinklein.lv/womens-trainers" "Mozilla/5.0 (iPhone; CPU iPhone OS 12_0_1 like Mac OS X) AppleWebKit/605.1.15 (KHTML	 like Gecko) Version/12.0 Mobile/15E148 Safari/604.1" "-" "-"						
54.36.148.189 - - [22/Feb/2019:07:14:01.727 +0000] www.calvinklein.ru "GET /www.calvinklein.ru/performance-%D0%BC%D1%83%D0%B6%D1%81%D0%BA%D0%B8%D0%B5-%D0%B1%D1%80%D1%8E%D0%BA%D0%B8 HTTP/1.1" 200 22457 "-" "Mozilla/5.0 (compatible; AhrefsBot/6.1; +http://ahrefs.com/robot/)" "-" "-"							
84.16.158.178 - - [22/Feb/2019:07:14:09.953 +0000] www.calvinklein.ru "GET /www.calvinklein.ru/%D0%BC%D1%83%D0%B6%D1%81%D0%BA%D0%B8%D0%B5-%D1%84%D1%83%D1%82%D0%B1%D0%BE%D0%BB%D0%BA%D0%B8 HTTP/1.1" 200 19632 "https://www.calvinklein.ru/" "Mozilla/5.0 (iPhone; CPU iPhone OS 12_1_4 like Mac OS X) AppleWebKit/605.1.15 (KHTML	 like Gecko) Version/12.0 Mobile/15E148 Safari/604.1" "-" "-"						
188.206.75.133 - - [22/Feb/2019:07:14:10.201 +0000] www.calvinklein.nl "GET /www.calvinklein.nl/heren-platte-schoenen HTTP/1.1" 200 17313 "https://www.calvinklein.nl/laarzen-heren" "Mozilla/5.0 (iPhone; CPU iPhone OS 12_1_4 like Mac OS X) AppleWebKit/605.1.15 (KHTML	 like Gecko) Version/12.0 Mobile/15E148 Safari/604.1" "-" "-"						
212.241.116.116 - - [22/Feb/2019:07:14:10.607 +0000] www.calvinklein.de "GET /www.calvinklein.de/damentaschen-accessoires?scrollPage=3 HTTP/1.1" 200 34886 "https://www.calvinklein.de/damen-taschen" "Mozilla/5.0 (Linux; Android 8.0.0; SM-G955F) AppleWebKit/537.36 (KHTML	 like Gecko) Chrome/72.0.3626.105 Mobile Safari/537.36" "-" "-"						
188.206.75.133 - - [22/Feb/2019:07:14:12.110 +0000] www.calvinklein.nl "GET /www.calvinklein.nl/heren-platte-schoenen HTTP/1.1" 200 15631 "https://www.calvinklein.nl/heren-platte-schoenen" "Mozilla/5.0 (iPhone; CPU iPhone OS 12_1_4 like Mac OS X) AppleWebKit/605.1.15 (KHTML	 like Gecko) Version/12.0 Mobile/15E148 Safari/604.1" "-" "-"						
46.39.228.87 - - [22/Feb/2019:07:14:32.435 +0000] www.calvinklein.ru "GET /www.calvinklein.ru/%D0%BC%D1%83%D0%B6%D1%81%D0%BA%D0%B0%D1%8F-%D0%BE%D0%B4%D0%B5%D0%B6%D0%B4%D0%B0-d70-ru HTTP/1.1" 200 24754 "https://www.calvinklein.ru/%D0%BC%D1%83%D0%B6%D1%81%D0%BA%D0%B8%D0%B5-%D1%84%D1%83%D1%82%D0%B1%D0%BE%D0%BB%D0%BA%D0%B8" "Mozilla/5.0 (Linux; Android 7.0; SM-G955F Build/NRD90M; wv) AppleWebKit/537.36 (KHTML	 like Gecko) Version/4.0 Chrome/58.0.3029.83 Mobile Safari/537.36 YandexSearch/7.90 YandexSearchBrowser/7.90" "-" "-"						
46.39.228.87 - - [22/Feb/2019:07:14:33.980 +0000] www.calvinklein.ru "GET /www.calvinklein.ru/%D0%BC%D1%83%D0%B6%D1%81%D0%BA%D0%B0%D1%8F-%D0%BE%D0%B4%D0%B5%D0%B6%D0%B4%D0%B0-d70-ru HTTP/1.1" 200 24749 "https://www.calvinklein.ru/%D0%BC%D1%83%D0%B6%D1%81%D0%BA%D0%B0%D1%8F-%D0%BE%D0%B4%D0%B5%D0%B6%D0%B4%D0%B0-d70-ru" "Mozilla/5.0 (Linux; Android 7.0; SM-G955F Build/NRD90M; wv) AppleWebKit/537.36 (KHTML	 like Gecko) Version/4.0 Chrome/58.0.3029.83 Mobile Safari/537.36 YandexSearch/7.90 YandexSearchBrowser/7.90" "-" "-"						
82.169.166.215 - - [22/Feb/2019:07:14:36.255 +0000] www.calvinklein.nl "GET /www.calvinklein.nl/sale-ondergoed-heren HTTP/1.1" 200 17025 "https://www.google.nl/" "Mozilla/5.0 (iPhone; CPU iPhone OS 12_1_2 like Mac OS X) AppleWebKit/605.1.15 (KHTML	 like Gecko) Version/12.0 Mobile/15E148 Safari/604.1" "-" "-"						
82.169.166.215 - - [22/Feb/2019:07:14:37.827 +0000] www.calvinklein.nl "GET /www.calvinklein.nl/sale-ondergoed-heren HTTP/1.1" 200 15409 "https://www.calvinklein.nl/sale-ondergoed-heren" "Mozilla/5.0 (iPhone; CPU iPhone OS 12_1_2 like Mac OS X) AppleWebKit/605.1.15 (KHTML	 like Gecko) Version/12.0 Mobile/15E148 Safari/604.1" "-" "-"						
83.220.237.58 - - [22/Feb/2019:07:14:38.700 +0000] www.calvinklein.ru "GET /www.calvinklein.ru/%D0%BC%D1%83%D0%B6%D1%87%D0%B8%D0%BD%D1%8B HTTP/1.1" 200 18608 "https://www.calvinklein.ru/?utm_source=Yandex&utm_medium=cpc&utm_campaign=ru+-+ru+-+brand+exact+-+calvin+klein&utm_term=calvin%20klein&cmpid=ch:sea|dp:ecom|so:yandex|cg:br|cp:41016368|co:ru|la:ru|ts:{targetid}|ag:3703347002|mk:calvin%20klein|cr:{ceativeid}|mt:{matchtype}|sl:{feeditemid}|ap:{adposition}|ma:mobile" "Mozilla/5.0 (Linux; Android 8.0.0; LLD-L31 Build/HONORLLD-L31; wv) AppleWebKit/537.36 (KHTML	 like Gecko) Version/4.0 Chrome/63.0.3239.111 Mobile Safari/537.36 YandexSearch/7.90 YandexSearchBrowser/7.90" "-" "-"						
83.220.237.58 - - [22/Feb/2019:07:14:39.872 +0000] www.calvinklein.ru "GET /www.calvinklein.ru/%D0%BC%D1%83%D0%B6%D1%87%D0%B8%D0%BD%D1%8B HTTP/1.1" 200 18608 "https://www.calvinklein.ru/%D0%BC%D1%83%D0%B6%D1%87%D0%B8%D0%BD%D1%8B" "Mozilla/5.0 (Linux; Android 8.0.0; LLD-L31 Build/HONORLLD-L31; wv) AppleWebKit/537.36 (KHTML	 like Gecko) Version/4.0 Chrome/63.0.3239.111 Mobile Safari/537.36 YandexSearch/7.90 YandexSearchBrowser/7.90" "-" "-"						
89.200.15.240 - - [22/Feb/2019:07:14:39.873 +0000] www.calvinklein.nl "GET /www.calvinklein.nl/performance-dames?scrollPage=2 HTTP/1.1" 200 21141 "https://www.google.com/" "Mozilla/5.0 (iPhone; CPU iPhone OS 12_1 like Mac OS X) AppleWebKit/605.1.15 (KHTML	 like Gecko) CriOS/70.0.3538.75 Mobile/15E148 Safari/605.1" "-" "-"						
54.36.150.21 - - [22/Feb/2019:07:14:39.208 +0000] www.calvinklein.cz "GET /www.calvinklein.cz/women-summer-shop HTTP/1.1" 200 19126 "-" "Mozilla/5.0 (compatible; AhrefsBot/6.1; +http://ahrefs.com/robot/)" "-" "-"							
46.39.228.87 - - [22/Feb/2019:07:14:41.820 +0000] www.calvinklein.ru "GET /www.calvinklein.ru/%D0%BC%D1%83%D0%B6%D1%81%D0%BA%D0%B8%D0%B5-%D1%81%D0%B2%D0%B8%D1%82%D1%88%D0%BE%D1%82%D1%8B HTTP/1.1" 200 20221 "https://www.calvinklein.ru/%D0%BC%D1%83%D0%B6%D1%81%D0%BA%D0%B0%D1%8F-%D0%BE%D0%B4%D0%B5%D0%B6%D0%B4%D0%B0-d70-ru" "Mozilla/5.0 (Linux; Android 7.0; SM-G955F Build/NRD90M; wv) AppleWebKit/537.36 (KHTML	 like Gecko) Version/4.0 Chrome/58.0.3029.83 Mobile Safari/537.36 YandexSearch/7.90 YandexSearchBrowser/7.90" "-" "-"						
89.200.15.240 - - [22/Feb/2019:07:14:41.125 +0000] www.calvinklein.nl "GET /www.calvinklein.nl/performance-dames?scrollPage=2 HTTP/1.1" 200 19955 "https://www.calvinklein.nl/performance-dames?scrollPage=2" "Mozilla/5.0 (iPhone; CPU iPhone OS 12_1 like Mac OS X) AppleWebKit/605.1.15 (KHTML	 like Gecko) CriOS/70.0.3538.75 Mobile/15E148 Safari/605.1" "-" "-"						
46.39.228.87 - - [22/Feb/2019:07:14:52.819 +0000] www.calvinklein.ru "GET /www.calvinklein.ru/%D0%BC%D1%83%D0%B6%D1%87%D0%B8%D0%BD%D1%8B-sport-test HTTP/1.1" 302 202 "https://www.calvinklein.ru/%D0%BC%D1%83%D0%B6%D1%81%D0%BA%D0%B8%D0%B5-%D1%81%D0%B2%D0%B8%D1%82%D1%88%D0%BE%D1%82%D1%8B" "Mozilla/5.0 (Linux; Android 7.0; SM-G955F Build/NRD90M; wv) AppleWebKit/537.36 (KHTML	 like Gecko) Version/4.0 Chrome/58.0.3029.83 Mobile Safari/537.36 YandexSearch/7.90 YandexSearchBrowser/7.90" "-" "-"						
46.39.228.87 - - [22/Feb/2019:07:14:52.882 +0000] www.calvinklein.ru "GET /www.calvinklein.ru/performance-%D0%BC%D1%83%D0%B6%D1%81%D0%BA%D0%B0%D1%8F-%D1%81%D0%BF%D0%BE%D1%80%D1%82%D0%B8%D0%B2%D0%BD%D0%B0%D1%8F-%D0%BE%D0%B4%D0%B5%D0%B6%D0%B4%D0%B0 HTTP/1.1" 200 19243 "https://www.calvinklein.ru/%D0%BC%D1%83%D0%B6%D1%81%D0%BA%D0%B8%D0%B5-%D1%81%D0%B2%D0%B8%D1%82%D1%88%D0%BE%D1%82%D1%8B" "Mozilla/5.0 (Linux; Android 7.0; SM-G955F Build/NRD90M; wv) AppleWebKit/537.36 (KHTML	 like Gecko) Version/4.0 Chrome/58.0.3029.83 Mobile Safari/537.36 YandexSearch/7.90 YandexSearchBrowser/7.90" "-" "-"						
37.20.150.109 - - [22/Feb/2019:07:14:55.606 +0000] www.calvinklein.ru "GET /www.calvinklein.ru/%D0%B6%D0%B5%D0%BD%D1%89%D0%B8%D0%BD%D1%8B HTTP/1.1" 200 19134 "https://www.calvinklein.ru/?cmpid=ch%3Asocial_paid%7Cdp%3Amarketing%7Cso%3Ainstagram%7Ccp%3Ass19_cku%7Ccj%3Aattention%7Cco%3Aru%7Cts%3Acku_broad_female%7Cca%3A%7Ccr%3Astories%7Clb%3Av1.0%7Cag%3A%7Cpi%3A&utm_source=marketing_attention_instagram&utm_medium=social_paid&utm_campaign=ss19_cku&utm_term=attention_cku_broad_female__stories&utm_content=v1.0__" "Mozilla/5.0 (Linux; Android 8.0.0; SM-G930F Build/R16NW; wv) AppleWebKit/537.36 (KHTML	 like Gecko) Version/4.0 Chrome/72.0.3626.105 Mobile Safari/537.36 Instagram 81.0.0.15.91 Android (26/8.0.0; 540dpi; 1080x1920; samsung; SM-G930F; herolte; samsungexynos8890; ru_RU; 142841909)" "-" "-"						
37.20.150.109 - - [22/Feb/2019:07:14:56.512 +0000] www.calvinklein.ru "GET /www.calvinklein.ru/%D0%B6%D0%B5%D0%BD%D1%89%D0%B8%D0%BD%D1%8B HTTP/1.1" 200 19133 "https://www.calvinklein.ru/%D0%B6%D0%B5%D0%BD%D1%89%D0%B8%D0%BD%D1%8B" "Mozilla/5.0 (Linux; Android 8.0.0; SM-G930F Build/R16NW; wv) AppleWebKit/537.36 (KHTML	 like Gecko) Version/4.0 Chrome/72.0.3626.105 Mobile Safari/537.36 Instagram 81.0.0.15.91 Android (26/8.0.0; 540dpi; 1080x1920; samsung; SM-G930F; herolte; samsungexynos8890; ru_RU; 142841909)" "-" "-"						
54.36.150.83 - - [22/Feb/2019:07:14:59.782 +0000] www.calvinklein.lv "GET /www.calvinklein.lv/womens-beach-accessories HTTP/1.1" 301 190 "-" "Mozilla/5.0 (compatible; AhrefsBot/6.1; +http://ahrefs.com/robot/)" "-" "-"							
37.20.150.109 - - [22/Feb/2019:07:15:00.388 +0000] www.calvinklein.ru "GET /www.calvinklein.ru/%D0%B6%D0%B5%D0%BD%D1%81%D0%BA%D0%B0%D1%8F-%D0%BE%D0%B4%D0%B5%D0%B6%D0%B4%D0%B0-%D0%B4%D0%BB%D1%8F-%D0%BF%D0%BB%D0%B0%D0%B2%D0%B0%D0%BD%D0%B8%D1%8F-ck HTTP/1.1" 200 23017 "https://www.calvinklein.ru/%D0%B6%D0%B5%D0%BD%D1%89%D0%B8%D0%BD%D1%8B" "Mozilla/5.0 (Linux; Android 8.0.0; SM-G930F Build/R16NW; wv) AppleWebKit/537.36 (KHTML	 like Gecko) Version/4.0 Chrome/72.0.3626.105 Mobile Safari/537.36 Instagram 81.0.0.15.91 Android (26/8.0.0; 540dpi; 1080x1920; samsung; SM-G930F; herolte; samsungexynos8890; ru_RU; 142841909)" "-" "-"						
37.20.150.109 - - [22/Feb/2019:07:15:01.225 +0000] www.calvinklein.ru "GET /www.calvinklein.ru/%D0%B6%D0%B5%D0%BD%D1%81%D0%BA%D0%B0%D1%8F-%D0%BE%D0%B4%D0%B5%D0%B6%D0%B4%D0%B0-%D0%B4%D0%BB%D1%8F-%D0%BF%D0%BB%D0%B0%D0%B2%D0%B0%D0%BD%D0%B8%D1%8F-ck HTTP/1.1" 200 23013 "https://www.calvinklein.ru/%D0%B6%D0%B5%D0%BD%D1%81%D0%BA%D0%B0%D1%8F-%D0%BE%D0%B4%D0%B5%D0%B6%D0%B4%D0%B0-%D0%B4%D0%BB%D1%8F-%D0%BF%D0%BB%D0%B0%D0%B2%D0%B0%D0%BD%D0%B8%D1%8F-ck" "Mozilla/5.0 (Linux; Android 8.0.0; SM-G930F Build/R16NW; wv) AppleWebKit/537.36 (KHTML	 like Gecko) Version/4.0 Chrome/72.0.3626.105 Mobile Safari/537.36 Instagram 81.0.0.15.91 Android (26/8.0.0; 540dpi; 1080x1920; samsung; SM-G930F; herolte; samsungexynos8890; ru_RU; 142841909)" "-" "-"						
84.236.66.121 - - [22/Feb/2019:07:15:05.462 +0000] www.calvinklein.hu "GET /www.calvinklein.hu/girls-clothes-ck HTTP/1.1" 301 94 "https://www.calvinklein.hu/womens-bags" "Mozilla/5.0 (Windows NT 10.0; Win64; x64; rv:65.0) Gecko/20100101 Firefox/65.0" "-" "-"							
84.236.66.121 - - [22/Feb/2019:07:15:05.509 +0000] www.calvinklein.hu "GET /www.calvinklein.hu/girls-clothes HTTP/1.1" 200 18898 "https://www.calvinklein.hu/womens-bags" "Mozilla/5.0 (Windows NT 10.0; Win64; x64; rv:65.0) Gecko/20100101 Firefox/65.0" "-" "-"							
46.39.228.87 - - [22/Feb/2019:07:15:06.420 +0000] www.calvinklein.ru "GET /www.calvinklein.ru/performance-%D0%BC%D1%83%D0%B6%D1%81%D0%BA%D0%B8%D0%B5-%D1%82%D0%BE%D0%BF%D1%8B-%D1%84%D1%83%D1%82%D0%B1%D0%BE%D0%BB%D0%BA%D0%B8 HTTP/1.1" 200 21567 "https://www.calvinklein.ru/performance-%D0%BC%D1%83%D0%B6%D1%81%D0%BA%D0%B0%D1%8F-%D1%81%D0%BF%D0%BE%D1%80%D1%82%D0%B8%D0%B2%D0%BD%D0%B0%D1%8F-%D0%BE%D0%B4%D0%B5%D0%B6%D0%B4%D0%B0" "Mozilla/5.0 (Linux; Android 7.0; SM-G955F Build/NRD90M; wv) AppleWebKit/537.36 (KHTML	 like Gecko) Version/4.0 Chrome/58.0.3029.83 Mobile Safari/537.36 YandexSearch/7.90 YandexSearchBrowser/7.90" "-" "-"						
46.39.228.87 - - [22/Feb/2019:07:15:07.323 +0000] www.calvinklein.ru "GET /www.calvinklein.ru/performance-%D0%BC%D1%83%D0%B6%D1%81%D0%BA%D0%B8%D0%B5-%D1%82%D0%BE%D0%BF%D1%8B-%D1%84%D1%83%D1%82%D0%B1%D0%BE%D0%BB%D0%BA%D0%B8 HTTP/1.1" 200 21564 "https://www.calvinklein.ru/performance-%D0%BC%D1%83%D0%B6%D1%81%D0%BA%D0%B8%D0%B5-%D1%82%D0%BE%D0%BF%D1%8B-%D1%84%D1%83%D1%82%D0%B1%D0%BE%D0%BB%D0%BA%D0%B8" "Mozilla/5.0 (Linux; Android 7.0; SM-G955F Build/NRD90M; wv) AppleWebKit/537.36 (KHTML	 like Gecko) Version/4.0 Chrome/58.0.3029.83 Mobile Safari/537.36 YandexSearch/7.90 YandexSearchBrowser/7.90" "-" "-"						
89.200.15.240 - - [22/Feb/2019:07:15:14.305 +0000] www.calvinklein.nl "GET /www.calvinklein.nl/performance-dames HTTP/1.1" 200 20287 "https://www.google.com/" "Mozilla/5.0 (iPhone; CPU iPhone OS 12_1 like Mac OS X) AppleWebKit/605.1.15 (KHTML	 like Gecko) CriOS/70.0.3538.75 Mobile/15E148 Safari/605.1" "-" "-"						
89.200.15.240 - - [22/Feb/2019:07:15:14.868 +0000] www.calvinklein.nl "GET /www.calvinklein.nl/performance-dames HTTP/1.1" 200 20088 "https://www.calvinklein.nl/performance-dames" "Mozilla/5.0 (iPhone; CPU iPhone OS 12_1 like Mac OS X) AppleWebKit/605.1.15 (KHTML	 like Gecko) CriOS/70.0.3538.75 Mobile/15E148 Safari/605.1" "-" "-"						
185.243.172.92 - - [22/Feb/2019:07:15:22.571 +0000] www.calvinklein.co.uk "GET /www.calvinklein.co.uk/mens-wallets?scrollPage=2 HTTP/1.1" 200 16099 "https://www.google.com/" "Mozilla/5.0 (Linux; Android 8.0.0; SM-A530F) AppleWebKit/537.36 (KHTML	 like Gecko) Chrome/72.0.3626.105 Mobile Safari/537.36" "-" "-"						
195.122.30.130 - - [22/Feb/2019:07:15:23.015 +0000] www.calvinklein.lv "GET /www.calvinklein.lv/new-arrivals-womens HTTP/1.1" 200 20130 "https://www.calvinklein.lv/CrossSiteRequestForgeryErrorView?catalogId=10203&langId=44&storeId=20018&krypto=PUzAiimqtzvdAGeor0M2ToZGs2kZjcehxFr3buGh0p5PKHVI90J3bR%2BX7ZCbKqmHozzsBnePuAcuxDxGkZPRvt4rPgIkriJ84QnVHZIRB45z%2FEg%2FXlohz0eFDJo64dJu2%2Bcvq67Mno34QYLdK3UVwsN2b1x1nh2c4cDiLT0tQiQFZbHQJQUC3LpxPo2ctiu86GYPl%2BEXMjoKgXlqI7CYecc3yBg4urJtCV7eeGtl8HTHAqbe601jrJ6ipC%2BYfno%2BlgjpZ2BCF8QKRzcGRHO8UkiK4YFNnARlzLGOk50qAUAeHyGmHlxl22eu%2FSYx7XqvHofFCcFAsTqccvTrVstgO%2BIriZ1aWqYgTB36CjWfSAmSeqoXJm9KitTVqkOWJ8lO3861NqYXr8ARnEFCo9cF4AQ4W5vFHNlLHxSHox22N7mvTvHP1QII%2B%2B1bVhc8Pgd1UmQKfWmY2bc2%2Bek9cNTu4kyPF3%2BYmIsO2TLon8XZxZRb1M2QmmN5lAteGjlMvQna%2BLL4pxS4Er%2BfXnPbDePVo06Q3T9aP%2BR1FgyD4hKR1Z2CSS0LoadhDBaJbO75tb%2BxUREdreDhXb4o53IT%2Ffx1c%2BQ8BCLdfzKSVcjbSX7da7dc51xYWdVNKV%2Fn3Xyr2StlfSaVmRzZSATDTsNNU%2F1dg%2FMQmso79wi0D%2FiU0I0EmO%2B1x2uyYzCXOP3M2WKvYZpdWooQw2tkvORENgdUAFXkXtDPfE%2BOsPILKJGpRzhzCNavw%2F5ZvdAR68CYbjTjKUTfxRHbhol9mB0vhic90ldUfEl3YnmQkOYlFJiKE3uVWpZwJdCTGh1efoJ%2BfY4mmR1RYmWkxmhiRXuadhy6LcCuBGNYknCrNFHlNoE9l4m4j9vw4fBy8g7GLLzEtEormGngR3jikZZtzNjmWde43e8jceC%2BcpzGMfq%2BTwWxsCEE1Wx7BQi3VMPrHQlh6kFVFoGJMT0vX94D6Y6ouCdgs87WL6r25Zmm0w29aomvvE7jeplv0Omj0P7hv8zVQuGH93EmsGOXIUrcH5I14GrRP7ETEz6CogmuOrBSVxD3Px46IOZ97zUSCtHD7QRprO7WmGJ062y7rLXD0hj5jBPoL5RU8Hxo5QEc0i2dy9dDggp1ene1VYuSy3KoHWHoBriwz5J%2FyX9oEly67MPRFDKVz8wfSgpyv8oaiVwOV5iIU0jictyOrNdX0Zbs85HSiTjStr%2Ft9nmU0LXV4USTqRARQuzo5g%3D%3D" "Mozilla/5.0 (iPhone; CPU iPhone OS 12_0_1 like Mac OS X) AppleWebKit/605.1.15 (KHTML	 like Gecko) Version/12.0 Mobile/15E148 Safari/604.1" "-" "-"						
195.122.30.130 - - [22/Feb/2019:07:15:23.487 +0000] www.calvinklein.lv "GET /www.calvinklein.lv/new-arrivals-womens HTTP/1.1" 200 19931 "https://www.calvinklein.lv/new-arrivals-womens" "Mozilla/5.0 (iPhone; CPU iPhone OS 12_0_1 like Mac OS X) AppleWebKit/605.1.15 (KHTML	 like Gecko) Version/12.0 Mobile/15E148 Safari/604.1" "-" "-"						
185.243.172.92 - - [22/Feb/2019:07:15:24.830 +0000] www.calvinklein.co.uk "GET /www.calvinklein.co.uk/mens-wallets?scrollPage=2 HTTP/1.1" 200 14844 "https://www.calvinklein.co.uk/mens-wallets?scrollPage=2" "Mozilla/5.0 (Linux; Android 8.0.0; SM-A530F) AppleWebKit/537.36 (KHTML	 like Gecko) Chrome/72.0.3626.105 Mobile Safari/537.36" "-" "-"						
83.220.237.58 - - [22/Feb/2019:07:15:33.026 +0000] www.calvinklein.ru "GET /www.calvinklein.ru/%D0%BC%D1%83%D0%B6%D1%87%D0%B8%D0%BD%D1%8B HTTP/1.1" 200 22437 "https://www.calvinklein.ru/?utm_source=Yandex&utm_medium=cpc&utm_campaign=ru+-+ru+-+brand+exact+-+calvin+klein&utm_term=calvin%20klein&cmpid=ch:sea|dp:ecom|so:yandex|cg:br|cp:41016368|co:ru|la:ru|ts:{targetid}|ag:3703347002|mk:calvin%20klein|cr:{ceativeid}|mt:{matchtype}|sl:{feeditemid}|ap:{adposition}|ma:mobile" "Mozilla/5.0 (Linux; Android 8.0.0; LLD-L31 Build/HONORLLD-L31; wv) AppleWebKit/537.36 (KHTML	 like Gecko) Version/4.0 Chrome/63.0.3239.111 Mobile Safari/537.36 YandexSearch/7.90 YandexSearchBrowser/7.90" "-" "-"						
83.220.237.58 - - [22/Feb/2019:07:15:34.134 +0000] www.calvinklein.ru "GET /www.calvinklein.ru/%D0%BC%D1%83%D0%B6%D1%87%D0%B8%D0%BD%D1%8B HTTP/1.1" 200 22434 "https://www.calvinklein.ru/%D0%BC%D1%83%D0%B6%D1%87%D0%B8%D0%BD%D1%8B" "Mozilla/5.0 (Linux; Android 8.0.0; LLD-L31 Build/HONORLLD-L31; wv) AppleWebKit/537.36 (KHTML	 like Gecko) Version/4.0 Chrome/63.0.3239.111 Mobile Safari/537.36 YandexSearch/7.90 YandexSearchBrowser/7.90" "-" "-"						
83.220.236.119 - - [22/Feb/2019:07:15:42.429 +0000] www.calvinklein.ru "GET /www.calvinklein.ru/%D0%B6%D0%B5%D0%BD%D1%81%D0%BA%D0%B8%D0%B5-%D0%BF%D0%B0%D0%BB%D1%8C%D1%82%D0%BE-%D0%B8-%D0%BA%D1%83%D1%80%D1%82%D0%BA%D0%B8 HTTP/1.1" 200 22653 "https://www.calvinklein.ru/webapp/wcs/stores/servlet/UserRegistrationForm?catalogId=10199&langId=-20&storeId=20023&krypto=4eXoW3aP14SF4OJrN3mGTXLbRoeZRSuCg7FDM07v0J%2FjobZxncAHkzhRH%2BMKy9LUQobHP7njujFMmh9TMVfd2dX8HxprcTA1XR5htIT7q2NKScV2DNYL5lsPwR%2BOhZNoMuly0XcSetjDeyek%2FiBRXw%3D%3D&storeId=20023&catalogId=10199&langId=-20" "Mozilla/5.0 (Linux; Android 8.1.0; Redmi S2) AppleWebKit/537.36 (KHTML	 like Gecko) Chrome/72.0.3626.105 Mobile Safari/537.36" "-" "-"						
83.220.236.119 - - [22/Feb/2019:07:15:44.539 +0000] www.calvinklein.ru "GET /www.calvinklein.ru/%D0%B6%D0%B5%D0%BD%D1%81%D0%BA%D0%B8%D0%B5-%D0%BF%D0%B0%D0%BB%D1%8C%D1%82%D0%BE-%D0%B8-%D0%BA%D1%83%D1%80%D1%82%D0%BA%D0%B8 HTTP/1.1" 200 22047 "https://www.calvinklein.ru/%D0%B6%D0%B5%D0%BD%D1%81%D0%BA%D0%B8%D0%B5-%D0%BF%D0%B0%D0%BB%D1%8C%D1%82%D0%BE-%D0%B8-%D0%BA%D1%83%D1%80%D1%82%D0%BA%D0%B8" "Mozilla/5.0 (Linux; Android 8.1.0; Redmi S2) AppleWebKit/537.36 (KHTML	 like Gecko) Chrome/72.0.3626.105 Mobile Safari/537.36" "-" "-"						
37.20.150.109 - - [22/Feb/2019:07:15:55.224 +0000] www.calvinklein.ru "GET /www.calvinklein.ru/%D0%B6%D0%B5%D0%BD%D1%81%D0%BA%D0%B0%D1%8F-%D0%BE%D0%B4%D0%B5%D0%B6%D0%B4%D0%B0-%D0%B4%D0%BB%D1%8F-%D0%BF%D0%BB%D0%B0%D0%B2%D0%B0%D0%BD%D0%B8%D1%8F-ck HTTP/1.1" 200 24309 "https://www.calvinklein.ru/%D0%B6%D0%B5%D0%BD%D1%89%D0%B8%D0%BD%D1%8B" "Mozilla/5.0 (Linux; Android 8.0.0; SM-G930F Build/R16NW; wv) AppleWebKit/537.36 (KHTML	 like Gecko) Version/4.0 Chrome/72.0.3626.105 Mobile Safari/537.36 Instagram 81.0.0.15.91 Android (26/8.0.0; 540dpi; 1080x1920; samsung; SM-G930F; herolte; samsungexynos8890; ru_RU; 142841909)" "-" "-"						
37.20.150.109 - - [22/Feb/2019:07:15:57.052 +0000] www.calvinklein.ru "GET /www.calvinklein.ru/%D0%B6%D0%B5%D0%BD%D1%81%D0%BA%D0%B0%D1%8F-%D0%BE%D0%B4%D0%B5%D0%B6%D0%B4%D0%B0-%D0%B4%D0%BB%D1%8F-%D0%BF%D0%BB%D0%B0%D0%B2%D0%B0%D0%BD%D0%B8%D1%8F-ck HTTP/1.1" 200 23063 "https://www.calvinklein.ru/%D0%B6%D0%B5%D0%BD%D1%81%D0%BA%D0%B0%D1%8F-%D0%BE%D0%B4%D0%B5%D0%B6%D0%B4%D0%B0-%D0%B4%D0%BB%D1%8F-%D0%BF%D0%BB%D0%B0%D0%B2%D0%B0%D0%BD%D0%B8%D1%8F-ck" "Mozilla/5.0 (Linux; Android 8.0.0; SM-G930F Build/R16NW; wv) AppleWebKit/537.36 (KHTML	 like Gecko) Version/4.0 Chrome/72.0.3626.105 Mobile Safari/537.36 Instagram 81.0.0.15.91 Android (26/8.0.0; 540dpi; 1080x1920; samsung; SM-G930F; herolte; samsungexynos8890; ru_RU; 142841909)" "-" "-"						
84.81.57.222 - - [22/Feb/2019:07:16:01.155 +0000] www.calvinklein.nl "GET /www.calvinklein.nl/bikinis-dames?cmpid=ch:sea%7Cdp:ecom%7Cso:google%7Ccg:sb%7Ccp:1097950244%7Cco:nl%7Cla:nl%7Cts:kwd-297941720828%7Cag:56946050630%7Cmk:calvin%20klein%20bikini%7Ccr:%7Bcreativeid%7D%7Cmt:e%7Csl:%7Cap:1t1%7Cma:m&&cmpid=ch:sea%7Cdp:ecom%7Cso:google%7Ccg:sb%7Ccp:1097950244%7Cco:nl%7Cla:nl%7Cts:kwd-297941720828%7Cag:56946050630%7Cmk:calvin%20klein%20bikini%7Ccr:%7Bcreativeid%7D%7Cmt:e%7Csl:%7Cap:1t1%7Cma:m&gclid=EAIaIQobChMIjO7f5eXO4AIVBqppCh0NzQhbEAAYASAAEgKRafD_BwE&gclsrc=aw.ds HTTP/1.1" 301 444 "-" "Mozilla/5.0 (iPhone; CPU iPhone OS 12_1 like Mac OS X) AppleWebKit/605.1.15 (KHTML	 like Gecko) GSA/65.0.225212226 Mobile/15E148 Safari/605.1" "-" "-"						
84.81.57.222 - - [22/Feb/2019:07:16:01.305 +0000] www.calvinklein.nl "GET /www.calvinklein.nl/bikinis-dames-ck?cmpid=ch:sea%7Cdp:ecom%7Cso:google%7Ccg:sb%7Ccp:1097950244%7Cco:nl%7Cla:nl%7Cts:kwd-297941720828%7Cag:56946050630%7Cmk:calvin%20klein%20bikini%7Ccr:%7Bcreativeid%7D%7Cmt:e%7Csl:%7Cap:1t1%7Cma:m&&cmpid=ch:sea%7Cdp:ecom%7Cso:google%7Ccg:sb%7Ccp:1097950244%7Cco:nl%7Cla:nl%7Cts:kwd-297941720828%7Cag:56946050630%7Cmk:calvin%20klein%20bikini%7Ccr:%7Bcreativeid%7D%7Cmt:e%7Csl:%7Cap:1t1%7Cma:m&gclid=EAIaIQobChMIjO7f5eXO4AIVBqppCh0NzQhbEAAYASAAEgKRafD_BwE&gclsrc=aw.ds HTTP/1.1" 200 19394 "-" "Mozilla/5.0 (iPhone; CPU iPhone OS 12_1 like Mac OS X) AppleWebKit/605.1.15 (KHTML	 like Gecko) GSA/65.0.225212226 Mobile/15E148 Safari/605.1" "-" "-"						
2001:8a0:784c:2600:d015:6b62:d3de:a07b - - [22/Feb/2019:07:16:02.229 +0000] www.calvinklein.pt "GET /www.calvinklein.pt/womens-joggers HTTP/1.1" 200 15189 "-" "Mozilla/5.0 (iPhone; CPU iPhone OS 12_1_4 like Mac OS X) AppleWebKit/605.1.15 (KHTML	 like Gecko) Version/12.0 Mobile/15E148 Safari/604.1" "-" "-"						
84.81.57.222 - - [22/Feb/2019:07:16:02.673 +0000] www.calvinklein.nl "GET /www.calvinklein.nl/bikinis-dames-ck?cmpid=ch:sea%7Cdp:ecom%7Cso:google%7Ccg:sb%7Ccp:1097950244%7Cco:nl%7Cla:nl%7Cts:kwd-297941720828%7Cag:56946050630%7Cmk:calvin%20klein%20bikini%7Ccr:%7Bcreativeid%7D%7Cmt:e%7Csl:%7Cap:1t1%7Cma:m&&cmpid=ch:sea%7Cdp:ecom%7Cso:google%7Ccg:sb%7Ccp:1097950244%7Cco:nl%7Cla:nl%7Cts:kwd-297941720828%7Cag:56946050630%7Cmk:calvin%20klein%20bikini%7Ccr:%7Bcreativeid%7D%7Cmt:e%7Csl:%7Cap:1t1%7Cma:m&gclid=EAIaIQobChMIjO7f5eXO4AIVBqppCh0NzQhbEAAYASAAEgKRafD_BwE&gclsrc=aw.ds HTTP/1.1" 200 19089 "https://www.calvinklein.nl/bikinis-dames-ck" "Mozilla/5.0 (iPhone; CPU iPhone OS 12_1 like Mac OS X) AppleWebKit/605.1.15 (KHTML	 like Gecko) GSA/65.0.225212226 Mobile/15E148 Safari/605.1" "-" "-"						
2001:8a0:784c:2600:d015:6b62:d3de:a07b - - [22/Feb/2019:07:16:04.126 +0000] www.calvinklein.pt "GET /www.calvinklein.pt/womens-joggers HTTP/1.1" 200 14849 "https://www.calvinklein.pt/womens-joggers" "Mozilla/5.0 (iPhone; CPU iPhone OS 12_1_4 like Mac OS X) AppleWebKit/605.1.15 (KHTML	 like Gecko) Version/12.0 Mobile/15E148 Safari/604.1" "-" "-"						
89.200.15.240 - - [22/Feb/2019:07:16:13.659 +0000] www.calvinklein.nl "GET /www.calvinklein.nl/performance-dames HTTP/1.1" 200 20090 "https://www.google.com/" "Mozilla/5.0 (iPhone; CPU iPhone OS 12_1 like Mac OS X) AppleWebKit/605.1.15 (KHTML	 like Gecko) CriOS/70.0.3538.75 Mobile/15E148 Safari/605.1" "-" "-"						
89.200.15.240 - - [22/Feb/2019:07:16:14.159 +0000] www.calvinklein.nl "GET /www.calvinklein.nl/performance-dames HTTP/1.1" 200 20088 "https://www.calvinklein.nl/performance-dames" "Mozilla/5.0 (iPhone; CPU iPhone OS 12_1 like Mac OS X) AppleWebKit/605.1.15 (KHTML	 like Gecko) CriOS/70.0.3538.75 Mobile/15E148 Safari/605.1" "-" "-"						
91.217.225.172 - - [22/Feb/2019:07:16:15.922 +0000] www.calvinklein.ch "GET /www.calvinklein.ch/sale-herren?scrollPage=2 HTTP/1.1" 200 20887 "https://www.calvinklein.ch/herren" "Mozilla/5.0 (Macintosh; Intel Mac OS X 10_13_6) AppleWebKit/537.36 (KHTML	 like Gecko) Chrome/72.0.3626.109 Safari/537.36" "-" "-"						
83.220.236.119 - - [22/Feb/2019:07:16:24.854 +0000] www.calvinklein.ru "GET /www.calvinklein.ru/%D0%B6%D0%B5%D0%BD%D1%81%D0%BA%D0%B0%D1%8F-%D0%BE%D0%B4%D0%B5%D0%B6%D0%B4%D0%B0 HTTP/1.1" 200 24802 "https://www.calvinklein.ru/UserRegistrationForm?editRegistration=Y&storeId=20023&langId=-20&catalogId=10199" "Mozilla/5.0 (Linux; Android 8.1.0; Redmi S2) AppleWebKit/537.36 (KHTML	 like Gecko) Chrome/72.0.3626.105 Mobile Safari/537.36" "-" "-"						
83.220.236.119 - - [22/Feb/2019:07:16:27.351 +0000] www.calvinklein.ru "GET /www.calvinklein.ru/%D0%B6%D0%B5%D0%BD%D1%81%D0%BA%D0%B0%D1%8F-%D0%BE%D0%B4%D0%B5%D0%B6%D0%B4%D0%B0 HTTP/1.1" 200 24550 "https://www.calvinklein.ru/%D0%B6%D0%B5%D0%BD%D1%81%D0%BA%D0%B0%D1%8F-%D0%BE%D0%B4%D0%B5%D0%B6%D0%B4%D0%B0" "Mozilla/5.0 (Linux; Android 8.1.0; Redmi S2) AppleWebKit/537.36 (KHTML	 like Gecko) Chrome/72.0.3626.105 Mobile Safari/537.36" "-" "-"						
37.20.150.109 - - [22/Feb/2019:07:16:47.548 +0000] www.calvinklein.ru "GET /www.calvinklein.ru/%D0%B6%D0%B5%D0%BD%D1%89%D0%B8%D0%BD%D1%8B HTTP/1.1" 200 22979 "https://www.calvinklein.ru/?cmpid=ch%3Asocial_paid%7Cdp%3Amarketing%7Cso%3Ainstagram%7Ccp%3Ass19_cku%7Ccj%3Aattention%7Cco%3Aru%7Cts%3Acku_broad_female%7Cca%3A%7Ccr%3Astories%7Clb%3Av1.0%7Cag%3A%7Cpi%3A&utm_source=marketing_attention_instagram&utm_medium=social_paid&utm_campaign=ss19_cku&utm_term=attention_cku_broad_female__stories&utm_content=v1.0__" "Mozilla/5.0 (Linux; Android 8.0.0; SM-G930F Build/R16NW; wv) AppleWebKit/537.36 (KHTML	 like Gecko) Version/4.0 Chrome/72.0.3626.105 Mobile Safari/537.36 Instagram 81.0.0.15.91 Android (26/8.0.0; 540dpi; 1080x1920; samsung; SM-G930F; herolte; samsungexynos8890; ru_RU; 142841909)" "-" "-"						
185.142.49.37 - - [22/Feb/2019:07:16:47.160 +0000] www.calvinklein.sk "GET /www.calvinklein.sk/women HTTP/1.1" 200 19520 "https://www.calvinklein.sk/" "Mozilla/5.0 (iPhone; CPU iPhone OS 12_1 like Mac OS X) AppleWebKit/605.1.15 (KHTML	 like Gecko) Mobile/16B92 Instagram 81.0.0.10.92 (iPhone8	1; iOS 12_1; sk_SK; sk-SK; scale=2.00; gamut=normal; 750x1334; 142340302)" "-" "-"					
37.20.150.109 - - [22/Feb/2019:07:16:48.454 +0000] www.calvinklein.ru "GET /www.calvinklein.ru/%D0%B6%D0%B5%D0%BD%D1%89%D0%B8%D0%BD%D1%8B HTTP/1.1" 200 22977 "https://www.calvinklein.ru/%D0%B6%D0%B5%D0%BD%D1%89%D0%B8%D0%BD%D1%8B" "Mozilla/5.0 (Linux; Android 8.0.0; SM-G930F Build/R16NW; wv) AppleWebKit/537.36 (KHTML	 like Gecko) Version/4.0 Chrome/72.0.3626.105 Mobile Safari/537.36 Instagram 81.0.0.15.91 Android (26/8.0.0; 540dpi; 1080x1920; samsung; SM-G930F; herolte; samsungexynos8890; ru_RU; 142841909)" "-" "-"						
37.20.150.109 - - [22/Feb/2019:07:16:48.179 +0000] www.calvinklein.ru "GET /www.calvinklein.ru/%D0%B6%D0%B5%D0%BD%D1%89%D0%B8%D0%BD%D1%8B?cmpid=ch%3Asocial_paid%7Cdp%3Amarketing%7Cso%3Ainstagram%7Ccp%3Ass19_cku%7Ccj%3Aattention%7Cco%3Aru%7Cts%3Acku_broad_female%7Cca%3A%7Ccr%3Astories%7Clb%3Av1.0%7Cag%3A%7Cpi%3A&utm_source=marketing_attention_instagram&utm_medium=social_paid&utm_campaign=ss19_cku&utm_term=attention_cku_broad_female__stories&utm_content=v1.0__ HTTP/1.1" 200 24207 "http://instagram.com/" "Mozilla/5.0 (Linux; Android 8.0.0; SM-G930F Build/R16NW; wv) AppleWebKit/537.36 (KHTML	 like Gecko) Version/4.0 Chrome/72.0.3626.105 Mobile Safari/537.36 Instagram 81.0.0.15.91 Android (26/8.0.0; 540dpi; 1080x1920; samsung; SM-G930F; herolte; samsungexynos8890; ru_RU; 142841909)" "-" "-"						
185.142.49.37 - - [22/Feb/2019:07:16:48.694 +0000] www.calvinklein.sk "GET /www.calvinklein.sk/women HTTP/1.1" 200 18298 "https://www.calvinklein.sk/women" "Mozilla/5.0 (iPhone; CPU iPhone OS 12_1 like Mac OS X) AppleWebKit/605.1.15 (KHTML	 like Gecko) Mobile/16B92 Instagram 81.0.0.10.92 (iPhone8	1; iOS 12_1; sk_SK; sk-SK; scale=2.00; gamut=normal; 750x1334; 142340302)" "-" "-"					
46.23.50.119 - - [22/Feb/2019:07:16:50.589 +0000] www.calvinklein.cz "GET /www.calvinklein.cz/womens-joggers?utm_source=Newsletter&utm_medium=E-mail&utm_term=Omni_Newsletter_PanEuropean_en-CZ_CKJ_ProductStory_eActive_&utm_campaign=SS19_20190221_Sweatpants_DG_&cmpid=ch:email%7Cdp:Omni%7Cso:Newsletter%7Ccg:PanEuropean%7Ccp:SS19_20190221_Sweatpants_DG_%7Cco:CZ%7Cla:en%7Clb:CKJ%7Cca:ProductStory%7Cts:eActive%7Ccr:&CIN=CK4857854&sid=117805852 HTTP/1.1" 200 15341 "-" "Mozilla/5.0 (Windows NT 10.0; Win64; x64) AppleWebKit/537.36 (KHTML	 like Gecko) Chrome/72.0.3626.119 Safari/537.36" "-" "-"						
37.20.150.109 - - [22/Feb/2019:07:16:51.265 +0000] www.calvinklein.ru "GET /www.calvinklein.ru/%D0%B6%D0%B5%D0%BD%D1%89%D0%B8%D0%BD%D1%8B?cmpid=ch%3Asocial_paid%7Cdp%3Amarketing%7Cso%3Ainstagram%7Ccp%3Ass19_cku%7Ccj%3Aattention%7Cco%3Aru%7Cts%3Acku_broad_female%7Cca%3A%7Ccr%3Astories%7Clb%3Av1.0%7Cag%3A%7Cpi%3A&utm_source=marketing_attention_instagram&utm_medium=social_paid&utm_campaign=ss19_cku&utm_term=attention_cku_broad_female__stories&utm_content=v1.0__ HTTP/1.1" 200 22972 "https://www.calvinklein.ru/%D0%B6%D0%B5%D0%BD%D1%89%D0%B8%D0%BD%D1%8B?cmpid=ch%3Asocial_paid%7Cdp%3Amarketing%7Cso%3Ainstagram%7Ccp%3Ass19_cku%7Ccj%3Aattention%7Cco%3Aru%7Cts%3Acku_broad_female%7Cca%3A%7Ccr%3Astories%7Clb%3Av1.0%7Cag%3A%7Cpi%3A&utm_source=marketing_attention_instagram&utm_medium=social_paid&utm_campaign=ss19_cku&utm_term=attention_cku_broad_female__stories&utm_content=v1.0__" "Mozilla/5.0 (Linux; Android 8.0.0; SM-G930F Build/R16NW; wv) AppleWebKit/537.36 (KHTML	 like Gecko) Version/4.0 Chrome/72.0.3626.105 Mobile Safari/537.36 Instagram 81.0.0.15.91 Android (26/8.0.0; 540dpi; 1080x1920; samsung; SM-G930F; herolte; samsungexynos8890; ru_RU; 142841909)" "-" "-"						
46.39.228.87 - - [22/Feb/2019:07:16:51.315 +0000] www.calvinklein.ru "GET /www.calvinklein.ru/performance-%D0%BC%D1%83%D0%B6%D1%81%D0%BA%D0%B0%D1%8F-%D1%81%D0%BF%D0%BE%D1%80%D1%82%D0%B8%D0%B2%D0%BD%D0%B0%D1%8F-%D0%BE%D0%B4%D0%B5%D0%B6%D0%B4%D0%B0 HTTP/1.1" 200 22906 "https://www.calvinklein.ru/%D0%BC%D1%83%D0%B6%D1%81%D0%BA%D0%B8%D0%B5-%D1%81%D0%B2%D0%B8%D1%82%D1%88%D0%BE%D1%82%D1%8B" "Mozilla/5.0 (Linux; Android 7.0; SM-G955F Build/NRD90M; wv) AppleWebKit/537.36 (KHTML	 like Gecko) Version/4.0 Chrome/58.0.3029.83 Mobile Safari/537.36 YandexSearch/7.90 YandexSearchBrowser/7.90" "-" "-"						
2003:c2:872a:2194:4daf:cae5:4ff9:4e5a - - [22/Feb/2019:07:16:51.822 +0000] www.calvinklein.de "GET /www.calvinklein.de/sale-de-at HTTP/1.1" 200 26393 "https://www.calvinklein.de/ck-lederg%C3%BCrtel-mit-schnalle-k50k502119411?cmpid=ch:sea%7Cdp:ecom%7Cso:google%7Ccg:shopping%7Ccp:1710382739%7Cco:de%7Cla:de%7Cts:pla-677028838207%7Cag:75278321908%7Cmk:%7Ccr:%7Bcreativeid%7D%7Cmt:%7Csl:%7Cap:1o1%7Cma:c&pdg=kwd-677028838207:cmp-1710382739:adg-75278321908:crv-332577415425:pid-8719114003785:dev-c&&cmpid=ch:sea%7Cdp:ecom%7Cso:google%7Ccg:shopping%7Ccp:1710382739%7Cco:de%7Cla:de%7Cts:pla-677028838207%7Cag:75278321908%7Cmk:%7Ccr:%7Bcreativeid%7D%7Cmt:%7Csl:%7Cap:1o1%7Cma:c&pdg=kwd-677028838207:cmp-1710382739:adg-75278321908:crv-332577415425:pid-8719114003785:dev-c&gclid=EAIaIQobChMI3-XP6uXO4AIV5r3tCh2hJQIdEAQYASABEgJ7M_D_BwE&gclsrc=aw.ds" "Mozilla/5.0 (Macintosh; Intel Mac OS X 10_10_5) AppleWebKit/603.3.8 (KHTML	 like Gecko) Version/10.1.2 Safari/603.3.8" "-" "-"						
46.39.228.87 - - [22/Feb/2019:07:16:52.488 +0000] www.calvinklein.ru "GET /www.calvinklein.ru/performance-%D0%BC%D1%83%D0%B6%D1%81%D0%BA%D0%B0%D1%8F-%D1%81%D0%BF%D0%BE%D1%80%D1%82%D0%B8%D0%B2%D0%BD%D0%B0%D1%8F-%D0%BE%D0%B4%D0%B5%D0%B6%D0%B4%D0%B0 HTTP/1.1" 200 22904 "https://www.calvinklein.ru/performance-%D0%BC%D1%83%D0%B6%D1%81%D0%BA%D0%B0%D1%8F-%D1%81%D0%BF%D0%BE%D1%80%D1%82%D0%B8%D0%B2%D0%BD%D0%B0%D1%8F-%D0%BE%D0%B4%D0%B5%D0%B6%D0%B4%D0%B0" "Mozilla/5.0 (Linux; Android 7.0; SM-G955F Build/NRD90M; wv) AppleWebKit/537.36 (KHTML	 like Gecko) Version/4.0 Chrome/58.0.3029.83 Mobile Safari/537.36 YandexSearch/7.90 YandexSearchBrowser/7.90" "-" "-"						
46.39.228.87 - - [22/Feb/2019:07:16:54.185 +0000] www.calvinklein.ru "GET /www.calvinklein.ru/%D0%BC%D1%83%D0%B6%D1%81%D0%BA%D0%B8%D0%B5-%D1%81%D0%B2%D0%B8%D1%82%D1%88%D0%BE%D1%82%D1%8B HTTP/1.1" 000 0 "https://www.calvinklein.ru/%D0%BC%D1%83%D0%B6%D1%81%D0%BA%D0%B0%D1%8F-%D0%BE%D0%B4%D0%B5%D0%B6%D0%B4%D0%B0-d70-ru" "Mozilla/5.0 (Linux; Android 7.0; SM-G955F Build/NRD90M; wv) AppleWebKit/537.36 (KHTML	 like Gecko) Version/4.0 Chrome/58.0.3029.83 Mobile Safari/537.36 YandexSearch/7.90 YandexSearchBrowser/7.90" "-" "-"						
46.39.228.87 - - [22/Feb/2019:07:16:54.553 +0000] www.calvinklein.ru "GET /www.calvinklein.ru/%D0%BC%D1%83%D0%B6%D1%81%D0%BA%D0%B0%D1%8F-%D0%BE%D0%B4%D0%B5%D0%B6%D0%B4%D0%B0-d70-ru HTTP/1.1" 200 25744 "https://www.calvinklein.ru/%D0%BC%D1%83%D0%B6%D1%81%D0%BA%D0%B8%D0%B5-%D1%84%D1%83%D1%82%D0%B1%D0%BE%D0%BB%D0%BA%D0%B8" "Mozilla/5.0 (Linux; Android 7.0; SM-G955F Build/NRD90M; wv) AppleWebKit/537.36 (KHTML	 like Gecko) Version/4.0 Chrome/58.0.3029.83 Mobile Safari/537.36 YandexSearch/7.90 YandexSearchBrowser/7.90" "-" "-"						
185.142.49.37 - - [22/Feb/2019:07:16:54.506 +0000] www.calvinklein.sk "GET /www.calvinklein.sk/womens-outerwear HTTP/1.1" 200 19193 "https://www.calvinklein.sk/women" "Mozilla/5.0 (iPhone; CPU iPhone OS 12_1 like Mac OS X) AppleWebKit/605.1.15 (KHTML	 like Gecko) Mobile/16B92 Instagram 81.0.0.10.92 (iPhone8	1; iOS 12_1; sk_SK; sk-SK; scale=2.00; gamut=normal; 750x1334; 142340302)" "-" "-"					
185.142.49.37 - - [22/Feb/2019:07:16:55.975 +0000] www.calvinklein.sk "GET /www.calvinklein.sk/womens-outerwear HTTP/1.1" 200 17972 "https://www.calvinklein.sk/womens-outerwear" "Mozilla/5.0 (iPhone; CPU iPhone OS 12_1 like Mac OS X) AppleWebKit/605.1.15 (KHTML	 like Gecko) Mobile/16B92 Instagram 81.0.0.10.92 (iPhone8	1; iOS 12_1; sk_SK; sk-SK; scale=2.00; gamut=normal; 750x1334; 142340302)" "-" "-"					
46.39.228.87 - - [22/Feb/2019:07:16:56.853 +0000] www.calvinklein.ru "GET /www.calvinklein.ru/%D0%BC%D1%83%D0%B6%D1%81%D0%BA%D0%B0%D1%8F-%D0%BE%D0%B4%D0%B5%D0%B6%D0%B4%D0%B0-d70-ru HTTP/1.1" 200 24750 "https://www.calvinklein.ru/%D0%BC%D1%83%D0%B6%D1%81%D0%BA%D0%B0%D1%8F-%D0%BE%D0%B4%D0%B5%D0%B6%D0%B4%D0%B0-d70-ru" "Mozilla/5.0 (Linux; Android 7.0; SM-G955F Build/NRD90M; wv) AppleWebKit/537.36 (KHTML	 like Gecko) Version/4.0 Chrome/58.0.3029.83 Mobile Safari/537.36 YandexSearch/7.90 YandexSearchBrowser/7.90" "-" "-"						
46.39.228.87 - - [22/Feb/2019:07:16:56.878 +0000] www.calvinklein.ru "GET /www.calvinklein.ru/%D0%BC%D1%83%D0%B6%D1%81%D0%BA%D0%B8%D0%B5-%D1%84%D1%83%D1%82%D0%B1%D0%BE%D0%BB%D0%BA%D0%B8 HTTP/1.1" 200 23479 "https://www.calvinklein.ru/" "Mozilla/5.0 (Linux; Android 7.0; SM-G955F Build/NRD90M; wv) AppleWebKit/537.36 (KHTML	 like Gecko) Version/4.0 Chrome/58.0.3029.83 Mobile Safari/537.36 YandexSearch/7.90 YandexSearchBrowser/7.90" "-" "-"						
46.39.228.87 - - [22/Feb/2019:07:16:57.936 +0000] www.calvinklein.ru "GET /www.calvinklein.ru/%D0%BC%D1%83%D0%B6%D1%87%D0%B8%D0%BD%D1%8B HTTP/1.1" 200 22431 "http://yandex.ru/searchapp?text=" "Mozilla/5.0 (Linux; Android 7.0; SM-G955F Build/NRD90M; wv) AppleWebKit/537.36 (KHTML	 like Gecko) Version/4.0 Chrome/58.0.3029.83 Mobile Safari/537.36 YandexSearch/7.90 YandexSearchBrowser/7.90" "-" "-"						
46.39.228.87 - - [22/Feb/2019:07:16:58.591 +0000] www.calvinklein.ru "GET /www.calvinklein.ru/%D0%BC%D1%83%D0%B6%D1%87%D0%B8%D0%BD%D1%8B HTTP/1.1" 200 22433 "https://www.calvinklein.ru/%D0%BC%D1%83%D0%B6%D1%87%D0%B8%D0%BD%D1%8B" "Mozilla/5.0 (Linux; Android 7.0; SM-G955F Build/NRD90M; wv) AppleWebKit/537.36 (KHTML	 like Gecko) Version/4.0 Chrome/58.0.3029.83 Mobile Safari/537.36 YandexSearch/7.90 YandexSearchBrowser/7.90" "-" "-"						
