213.182.247.168 - - [22/Feb/2019:07:16:59.431 +0000] www.calvinklein.at "GET /www.calvinklein.at/performance-sport-bhs?cmpid=ch:sea%7cdp:ecom%7cso:google%7ccg:sb%7ccp:1494010253%7cco:at%7cla:de%7cts:kwd-301744829955%7cag:59210706913%7cmk:calvin%20klein%20sport%20bh%7ccr:%7bcreativeid%7d%7cmt:e%7csl:%7cap:1t2%7cma:c&&cmpid=ch:sea%7cdp:ecom%7cso:google%7ccg:sb%7ccp:1494010253%7cco:at%7cla:de%7cts:kwd-301744829955%7cag:59210706913%7cmk:calvin%20klein%20sport%20bh%7ccr:%7bcreativeid%7d%7cmt:e%7csl:%7cap:1t2%7cma:c&gclid=EAIaIQobChMI1rOLgObO4AIVEOaaCh3-YgCNEAAYAiAAEgKqYPD_BwE&gclsrc=aw.ds HTTP/1.1" 200 41609 "https://www.google.com/" "Mozilla/5.0 (Windows NT 6.1; Win64; x64) AppleWebKit/537.36 (KHTML	 like Gecko) Chrome/72.0.3626.119 Safari/537.36" "-" "-"						
46.39.228.87 - - [22/Feb/2019:07:17:02.454 +0000] www.calvinklein.ru "GET /www.calvinklein.ru/%D0%BC%D1%83%D0%B6%D1%87%D0%B8%D0%BD%D1%8B HTTP/1.1" 200 22432 "http://yandex.ru/searchapp?text=" "Mozilla/5.0 (Linux; Android 7.0; SM-G955F Build/NRD90M; wv) AppleWebKit/537.36 (KHTML	 like Gecko) Version/4.0 Chrome/58.0.3029.83 Mobile Safari/537.36 YandexSearch/7.90 YandexSearchBrowser/7.90" "-" "-"						
46.39.228.87 - - [22/Feb/2019:07:17:03.134 +0000] www.calvinklein.ru "GET /www.calvinklein.ru/%D0%BC%D1%83%D0%B6%D1%87%D0%B8%D0%BD%D1%8B HTTP/1.1" 200 22433 "https://www.calvinklein.ru/%D0%BC%D1%83%D0%B6%D1%87%D0%B8%D0%BD%D1%8B" "Mozilla/5.0 (Linux; Android 7.0; SM-G955F Build/NRD90M; wv) AppleWebKit/537.36 (KHTML	 like Gecko) Version/4.0 Chrome/58.0.3029.83 Mobile Safari/537.36 YandexSearch/7.90 YandexSearchBrowser/7.90" "-" "-"						
54.36.149.72 - - [22/Feb/2019:07:17:04.019 +0000] www.calvinklein.fi "GET /www.calvinklein.fi/tonal-logo-for-women-tonal-logo HTTP/1.1" 404 13029 "-" "Mozilla/5.0 (compatible; AhrefsBot/6.1; +http://ahrefs.com/robot/)" "-" "-"							
89.200.15.240 - - [22/Feb/2019:07:17:06.016 +0000] www.calvinklein.nl "GET /www.calvinklein.nl/performance-dames?scrollPage=2 HTTP/1.1" 200 20173 "https://www.google.com/" "Mozilla/5.0 (iPhone; CPU iPhone OS 12_1 like Mac OS X) AppleWebKit/605.1.15 (KHTML	 like Gecko) CriOS/70.0.3538.75 Mobile/15E148 Safari/605.1" "-" "-"						
89.200.15.240 - - [22/Feb/2019:07:17:06.513 +0000] www.calvinklein.nl "GET /www.calvinklein.nl/performance-dames?scrollPage=2 HTTP/1.1" 200 19972 "https://www.calvinklein.nl/performance-dames?scrollPage=2" "Mozilla/5.0 (iPhone; CPU iPhone OS 12_1 like Mac OS X) AppleWebKit/605.1.15 (KHTML	 like Gecko) CriOS/70.0.3538.75 Mobile/15E148 Safari/605.1" "-" "-"						
213.182.247.168 - - [22/Feb/2019:07:17:07.647 +0000] www.calvinklein.at "GET /www.calvinklein.at/unterwaesche-damen HTTP/1.1" 200 44919 "https://www.calvinklein.at/performance-sport-bhs?cmpid=ch:sea|dp:ecom|so:google|cg:sb|cp:1494010253|co:at|la:de|ts:kwd-301744829955|ag:59210706913|mk:calvin%20klein%20sport%20bh|cr:{creativeid}|mt:e|sl:|ap:1t2|ma:c&cmpid=ch:sea|dp:ecom|so:google|cg:sb|cp:1494010253|co:at|la:de|ts:kwd-301744829955|ag:59210706913|mk:calvin%20klein%20sport%20bh|cr:{creativeid}|mt:e|sl:|ap:1t2|ma:c&gclid=EAIaIQobChMI1rOLgObO4AIVEOaaCh3-YgCNEAAYAiAAEgKqYPD_BwE&gclsrc=aw.ds" "Mozilla/5.0 (Windows NT 6.1; Win64; x64) AppleWebKit/537.36 (KHTML	 like Gecko) Chrome/72.0.3626.119 Safari/537.36" "-" "-"						
91.46.125.65 - - [22/Feb/2019:07:17:11.978 +0000] www.calvinklein.de "GET /www.calvinklein.de/mycalvins-damen HTTP/1.1" 200 32832 "https://www.calvinklein.de/?cmpid=ch:sea|dp:ecom|so:google|cg:br|cp:1080479980|co:de|la:de|ts:kwd-488092207432|ag:53836010558|mk:%2Bck|cr:{creativeid}|mt:b|sl:|ap:1t1|ma:m&gclsrc=aw.ds&&cmpid=ch:sea|dp:ecom|so:google|cg:br|cp:1080479980|co:de|la:de|ts:kwd-488092207432|ag:53836010558|mk:%2Bck|cr:{creativeid}|mt:b|sl:|ap:1t1|ma:m&gclid=EAIaIQobChMI_NzygubO4AIVa77tCh3ulg-xEAAYASAAEgKlJPD_BwE" "Mozilla/5.0 (iPhone; CPU iPhone OS 12_1_3 like Mac OS X) AppleWebKit/605.1.15 (KHTML	 like Gecko) Version/12.0 Mobile/15E148 Safari/604.1" "-" "-"						
46.23.50.119 - - [22/Feb/2019:07:17:11.283 +0000] www.calvinklein.cz "GET /www.calvinklein.cz/ladies-underwear HTTP/1.1" 200 20431 "https://www.calvinklein.cz/womens-joggers" "Mozilla/5.0 (Windows NT 10.0; Win64; x64) AppleWebKit/537.36 (KHTML	 like Gecko) Chrome/72.0.3626.119 Safari/537.36" "-" "-"						
83.220.236.119 - - [22/Feb/2019:07:17:18.403 +0000] www.calvinklein.ru "GET /www.calvinklein.ru/%D0%B6%D0%B5%D0%BD%D1%81%D0%BA%D0%B0%D1%8F-%D0%BE%D0%B4%D0%B5%D0%B6%D0%B4%D0%B0 HTTP/1.1" 200 24552 "https://www.calvinklein.ru/UserRegistrationForm?editRegistration=Y&storeId=20023&langId=-20&catalogId=10199" "Mozilla/5.0 (Linux; Android 8.1.0; Redmi S2) AppleWebKit/537.36 (KHTML	 like Gecko) Chrome/72.0.3626.105 Mobile Safari/537.36" "-" "-"						
46.39.228.87 - - [22/Feb/2019:07:17:18.965 +0000] www.calvinklein.ru "GET /www.calvinklein.ru/%D0%BC%D1%83%D0%B6%D1%81%D0%BA%D0%B8%D0%B5-%D1%84%D1%83%D1%82%D0%B1%D0%BE%D0%BB%D0%BA%D0%B8 HTTP/1.1" 200 23475 "https://www.calvinklein.ru/%D0%BC%D1%83%D0%B6%D1%87%D0%B8%D0%BD%D1%8B" "Mozilla/5.0 (Linux; Android 7.0; SM-G955F Build/NRD90M; wv) AppleWebKit/537.36 (KHTML	 like Gecko) Version/4.0 Chrome/58.0.3029.83 Mobile Safari/537.36 YandexSearch/7.90 YandexSearchBrowser/7.90" "-" "-"						
83.220.236.119 - - [22/Feb/2019:07:17:19.629 +0000] www.calvinklein.ru "GET /www.calvinklein.ru/%D0%B6%D0%B5%D0%BD%D1%81%D0%BA%D0%B0%D1%8F-%D0%BE%D0%B4%D0%B5%D0%B6%D0%B4%D0%B0 HTTP/1.1" 200 24553 "https://www.calvinklein.ru/%D0%B6%D0%B5%D0%BD%D1%81%D0%BA%D0%B0%D1%8F-%D0%BE%D0%B4%D0%B5%D0%B6%D0%B4%D0%B0" "Mozilla/5.0 (Linux; Android 8.1.0; Redmi S2) AppleWebKit/537.36 (KHTML	 like Gecko) Chrome/72.0.3626.105 Mobile Safari/537.36" "-" "-"						
46.39.228.87 - - [22/Feb/2019:07:17:19.816 +0000] www.calvinklein.ru "GET /www.calvinklein.ru/%D0%BC%D1%83%D0%B6%D1%81%D0%BA%D0%B8%D0%B5-%D1%84%D1%83%D1%82%D0%B1%D0%BE%D0%BB%D0%BA%D0%B8 HTTP/1.1" 200 23477 "https://www.calvinklein.ru/%D0%BC%D1%83%D0%B6%D1%81%D0%BA%D0%B8%D0%B5-%D1%84%D1%83%D1%82%D0%B1%D0%BE%D0%BB%D0%BA%D0%B8" "Mozilla/5.0 (Linux; Android 7.0; SM-G955F Build/NRD90M; wv) AppleWebKit/537.36 (KHTML	 like Gecko) Version/4.0 Chrome/58.0.3029.83 Mobile Safari/537.36 YandexSearch/7.90 YandexSearchBrowser/7.90" "-" "-"						
213.182.247.168 - - [22/Feb/2019:07:17:19.226 +0000] www.calvinklein.at "GET /www.calvinklein.at/damen-bhs HTTP/1.1" 200 44061 "https://www.calvinklein.at/unterwaesche-damen" "Mozilla/5.0 (Windows NT 6.1; Win64; x64) AppleWebKit/537.36 (KHTML	 like Gecko) Chrome/72.0.3626.119 Safari/537.36" "-" "-"						
45.70.199.5 - - [22/Feb/2019:07:17:21.238 +0000] www.calvinklein.es "GET /www.calvinklein.es/ropa-mujeres HTTP/1.1" 200 22684 "https://www.google.com/" "Mozilla/5.0 (Linux; Android 8.1.0; SM-J710MN) AppleWebKit/537.36 (KHTML	 like Gecko) Chrome/72.0.3626.105 Mobile Safari/537.36" "-" "-"						
45.70.199.5 - - [22/Feb/2019:07:17:26.814 +0000] www.calvinklein.es "GET /www.calvinklein.es/ropa-mujeres HTTP/1.1" 200 20871 "https://www.calvinklein.es/ropa-mujeres" "Mozilla/5.0 (Linux; Android 8.1.0; SM-J710MN) AppleWebKit/537.36 (KHTML	 like Gecko) Chrome/72.0.3626.105 Mobile Safari/537.36" "-" "-"						
46.23.50.119 - - [22/Feb/2019:07:17:30.904 +0000] www.calvinklein.cz "GET /www.calvinklein.cz/womens-bras HTTP/1.1" 200 19758 "https://www.calvinklein.cz/ladies-underwear" "Mozilla/5.0 (Windows NT 10.0; Win64; x64) AppleWebKit/537.36 (KHTML	 like Gecko) Chrome/72.0.3626.119 Safari/537.36" "-" "-"						
77.161.68.197 - - [22/Feb/2019:07:17:56.858 +0000] www.calvinklein.nl "GET /www.calvinklein.nl/jeans-dames?cmpid=ch:sea%7cdp:ecom%7cso:google%7ccg:sb%7ccp:1347635179%7cco:nl%7cla:nl%7cts:kwd-125693515%7cag:54861857475%7cmk:calvin%20klein%20jeans%7ccr:%7bceativeid%7d%7cmt:e%7csl:54267378337%7cap:1t1%7cma:m&cmpid=ch:sea%7cdp:ecom%7cso:google%7ccg:sb%7ccp:1347635179%7cco:nl%7cla:nl%7cts:kwd-125693515%7cag:54861857475%7cmk:calvin%20klein%20jeans%7ccr:%7bceativeid%7d%7cmt:e%7csl:54267378337%7cap:1t1%7cma:m&gclid=EAIaIQobChMIu_GptqTm3wIVqL_tCh3LpAYyEAAYASACEgIUD_D_BwE&gclsrc=aw.ds HTTP/1.1" 200 19705 "https://www.google.nl/" "Mozilla/5.0 (iPhone; CPU iPhone OS 11_4 like Mac OS X) AppleWebKit/605.1.15 (KHTML	 like Gecko) Version/11.0 Mobile/15E148 Safari/604.1" "-" "-"						
46.39.228.87 - - [22/Feb/2019:07:17:59.823 +0000] www.calvinklein.ru "GET /www.calvinklein.ru/%D0%BC%D1%83%D0%B6%D1%81%D0%BA%D0%B8%D0%B5-%D1%84%D1%83%D1%82%D0%B1%D0%BE%D0%BB%D0%BA%D0%B8 HTTP/1.1" 200 23477 "https://www.calvinklein.ru/%D0%BC%D1%83%D0%B6%D1%87%D0%B8%D0%BD%D1%8B" "Mozilla/5.0 (Linux; Android 7.0; SM-G955F Build/NRD90M; wv) AppleWebKit/537.36 (KHTML	 like Gecko) Version/4.0 Chrome/58.0.3029.83 Mobile Safari/537.36 YandexSearch/7.90 YandexSearchBrowser/7.90" "-" "-"						
46.39.228.87 - - [22/Feb/2019:07:18:01.351 +0000] www.calvinklein.ru "GET /www.calvinklein.ru/%D0%BC%D1%83%D0%B6%D1%81%D0%BA%D0%B8%D0%B5-%D1%84%D1%83%D1%82%D0%B1%D0%BE%D0%BB%D0%BA%D0%B8 HTTP/1.1" 200 23477 "https://www.calvinklein.ru/%D0%BC%D1%83%D0%B6%D1%81%D0%BA%D0%B8%D0%B5-%D1%84%D1%83%D1%82%D0%B1%D0%BE%D0%BB%D0%BA%D0%B8" "Mozilla/5.0 (Linux; Android 7.0; SM-G955F Build/NRD90M; wv) AppleWebKit/537.36 (KHTML	 like Gecko) Version/4.0 Chrome/58.0.3029.83 Mobile Safari/537.36 YandexSearch/7.90 YandexSearchBrowser/7.90" "-" "-"						
77.161.68.197 - - [22/Feb/2019:07:18:01.951 +0000] www.calvinklein.nl "GET /www.calvinklein.nl/jeans-dames?cmpid=ch:sea%7cdp:ecom%7cso:google%7ccg:sb%7ccp:1347635179%7cco:nl%7cla:nl%7cts:kwd-125693515%7cag:54861857475%7cmk:calvin%20klein%20jeans%7ccr:%7bceativeid%7d%7cmt:e%7csl:54267378337%7cap:1t1%7cma:m&cmpid=ch:sea%7cdp:ecom%7cso:google%7ccg:sb%7ccp:1347635179%7cco:nl%7cla:nl%7cts:kwd-125693515%7cag:54861857475%7cmk:calvin%20klein%20jeans%7ccr:%7bceativeid%7d%7cmt:e%7csl:54267378337%7cap:1t1%7cma:m&gclid=EAIaIQobChMIu_GptqTm3wIVqL_tCh3LpAYyEAAYASACEgIUD_D_BwE&gclsrc=aw.ds HTTP/1.1" 200 19124 "https://www.calvinklein.nl/jeans-dames" "Mozilla/5.0 (iPhone; CPU iPhone OS 11_4 like Mac OS X) AppleWebKit/605.1.15 (KHTML	 like Gecko) Version/11.0 Mobile/15E148 Safari/604.1" "-" "-"						
54.36.150.130 - - [22/Feb/2019:07:18:11.250 +0000] www.calvinklein.be "GET /www.calvinklein.be/FR/femme-denim-index HTTP/1.1" 200 30472 "-" "Mozilla/5.0 (compatible; AhrefsBot/6.1; +http://ahrefs.com/robot/)" "-" "-"							
188.23.129.26 - - [22/Feb/2019:07:18:24.415 +0000] www.calvinklein.at "GET /www.calvinklein.at/damen-sneaker HTTP/1.1" 000 0 "https://www.google.at/" "Mozilla/5.0 (iPhone; CPU iPhone OS 12_1_4 like Mac OS X) AppleWebKit/605.1.15 (KHTML	 like Gecko) Version/12.0 Mobile/15E148 Safari/604.1" "-" "-"						
46.39.228.87 - - [22/Feb/2019:07:18:31.340 +0000] www.calvinklein.ru "GET /www.calvinklein.ru/%D0%BC%D1%83%D0%B6%D1%81%D0%BA%D0%B8%D0%B5-%D1%84%D1%83%D1%82%D0%B1%D0%BE%D0%BB%D0%BA%D0%B8 HTTP/1.1" 200 23477 "https://www.calvinklein.ru/%D0%BC%D1%83%D0%B6%D1%87%D0%B8%D0%BD%D1%8B" "Mozilla/5.0 (Linux; Android 7.0; SM-G955F Build/NRD90M; wv) AppleWebKit/537.36 (KHTML	 like Gecko) Version/4.0 Chrome/58.0.3029.83 Mobile Safari/537.36 YandexSearch/7.90 YandexSearchBrowser/7.90" "-" "-"						
46.39.228.87 - - [22/Feb/2019:07:18:32.207 +0000] www.calvinklein.ru "GET /www.calvinklein.ru/%D0%BC%D1%83%D0%B6%D1%81%D0%BA%D0%B8%D0%B5-%D1%84%D1%83%D1%82%D0%B1%D0%BE%D0%BB%D0%BA%D0%B8 HTTP/1.1" 200 23476 "https://www.calvinklein.ru/%D0%BC%D1%83%D0%B6%D1%81%D0%BA%D0%B8%D0%B5-%D1%84%D1%83%D1%82%D0%B1%D0%BE%D0%BB%D0%BA%D0%B8" "Mozilla/5.0 (Linux; Android 7.0; SM-G955F Build/NRD90M; wv) AppleWebKit/537.36 (KHTML	 like Gecko) Version/4.0 Chrome/58.0.3029.83 Mobile Safari/537.36 YandexSearch/7.90 YandexSearchBrowser/7.90" "-" "-"						
176.114.240.37 - - [22/Feb/2019:07:18:50.992 +0000] www.calvinklein.cz "GET /www.calvinklein.cz/ladies-underwear HTTP/1.1" 200 22834 "https://www.calvinklein.cz/women" "Mozilla/5.0 (iPhone; CPU iPhone OS 12_1_4 like Mac OS X) AppleWebKit/605.1.15 (KHTML	 like Gecko) Version/12.0 Mobile/15E148 Safari/604.1" "-" "-"						
176.114.240.37 - - [22/Feb/2019:07:18:53.695 +0000] www.calvinklein.cz "GET /www.calvinklein.cz/ladies-underwear HTTP/1.1" 200 21120 "https://www.calvinklein.cz/ladies-underwear" "Mozilla/5.0 (iPhone; CPU iPhone OS 12_1_4 like Mac OS X) AppleWebKit/605.1.15 (KHTML	 like Gecko) Version/12.0 Mobile/15E148 Safari/604.1" "-" "-"						
95.87.30.206 - - [22/Feb/2019:07:18:55.540 +0000] www.calvinklein.bg "GET /www.calvinklein.bg/womens-trainers HTTP/1.1" 200 18069 "https://www.calvinklein.bg/women?cmpid=ch:sea|dp:ecom|so:google|cg:br|cp:337672011|co:bg|la:en|ts:aud-336802288782:kwd-35442010|ag:20589738531|mk:calvin%20klein|cr:{creativeid}|mt:e|sl:|ap:1t1|ma:m&gclsrc=aw.ds&&cmpid=ch:sea|dp:ecom|so:google|cg:br|cp:337672011|co:bg|la:en|ts:aud-336802288782:kwd-35442010|ag:20589738531|mk:calvin%20klein|cr:{creativeid}|mt:e|sl:|ap:1t1|ma:m&gclid=Cj0KCQiAtbnjBRDBARIsAO3zDl-JUq2hao7WEI5XzQzrV-6dc1Qx74VNW8UwJ8HjKOpjV3vD8Bqq-LoaAlRuEALw_wcB" "Mozilla/5.0 (Linux; Android 8.0.0; SM-A520F) AppleWebKit/537.36 (KHTML	 like Gecko) Chrome/72.0.3626.105 Mobile Safari/537.36" "-" "-"						
95.87.30.206 - - [22/Feb/2019:07:18:58.919 +0000] www.calvinklein.bg "GET /www.calvinklein.bg/womens-trainers HTTP/1.1" 200 17869 "https://www.calvinklein.bg/womens-trainers" "Mozilla/5.0 (Linux; Android 8.0.0; SM-A520F) AppleWebKit/537.36 (KHTML	 like Gecko) Chrome/72.0.3626.105 Mobile Safari/537.36" "-" "-"						
46.23.50.119 - - [22/Feb/2019:07:19:17.191 +0000] www.calvinklein.cz "GET /www.calvinklein.cz/womens-bras?scrollPage=2 HTTP/1.1" 200 19797 "https://www.calvinklein.cz/ladies-underwear" "Mozilla/5.0 (Windows NT 10.0; Win64; x64) AppleWebKit/537.36 (KHTML	 like Gecko) Chrome/72.0.3626.119 Safari/537.36" "-" "-"						
46.39.228.87 - - [22/Feb/2019:07:19:31.594 +0000] www.calvinklein.ru "GET /www.calvinklein.ru/%D0%BC%D1%83%D0%B6%D1%81%D0%BA%D0%B8%D0%B5-%D1%84%D1%83%D1%82%D0%B1%D0%BE%D0%BB%D0%BA%D0%B8 HTTP/1.1" 200 23477 "https://www.calvinklein.ru/%D0%BC%D1%83%D0%B6%D1%87%D0%B8%D0%BD%D1%8B" "Mozilla/5.0 (Linux; Android 7.0; SM-G955F Build/NRD90M; wv) AppleWebKit/537.36 (KHTML	 like Gecko) Version/4.0 Chrome/58.0.3029.83 Mobile Safari/537.36 YandexSearch/7.90 YandexSearchBrowser/7.90" "-" "-"						
46.39.228.87 - - [22/Feb/2019:07:19:32.922 +0000] www.calvinklein.ru "GET /www.calvinklein.ru/%D0%BC%D1%83%D0%B6%D1%81%D0%BA%D0%B8%D0%B5-%D1%84%D1%83%D1%82%D0%B1%D0%BE%D0%BB%D0%BA%D0%B8 HTTP/1.1" 200 23476 "https://www.calvinklein.ru/%D0%BC%D1%83%D0%B6%D1%81%D0%BA%D0%B8%D0%B5-%D1%84%D1%83%D1%82%D0%B1%D0%BE%D0%BB%D0%BA%D0%B8" "Mozilla/5.0 (Linux; Android 7.0; SM-G955F Build/NRD90M; wv) AppleWebKit/537.36 (KHTML	 like Gecko) Version/4.0 Chrome/58.0.3029.83 Mobile Safari/537.36 YandexSearch/7.90 YandexSearchBrowser/7.90" "-" "-"						
81.207.169.2 - - [22/Feb/2019:07:19:54.900 +0000] www.calvinklein.nl "GET /www.calvinklein.nl/joggingbroeken-dames HTTP/1.1" 200 16898 "-" "Mozilla/5.0 (Linux; Android 9; SAMSUNG SM-G960F Build/PPR1.180610.011) AppleWebKit/537.36 (KHTML	 like Gecko) SamsungBrowser/9.0 Chrome/67.0.3396.87 Mobile Safari/537.36" "-" "-"						
37.252.186.149 - - [22/Feb/2019:07:19:55.082 +0000] www.calvinklein.at "GET /www.calvinklein.at/mycalvins HTTP/1.1" 200 28168 "-" "Mozilla/5.0 (Windows NT 6.1; Win64; x64; rv:47.0) Gecko/20100101 Firefox/47.0" "-" "-"							
81.207.169.2 - - [22/Feb/2019:07:19:57.958 +0000] www.calvinklein.nl "GET /www.calvinklein.nl/joggingbroeken-dames HTTP/1.1" 200 15652 "https://www.calvinklein.nl/joggingbroeken-dames" "Mozilla/5.0 (Linux; Android 9; SAMSUNG SM-G960F Build/PPR1.180610.011) AppleWebKit/537.36 (KHTML	 like Gecko) SamsungBrowser/9.0 Chrome/67.0.3396.87 Mobile Safari/537.36" "-" "-"						
46.39.228.87 - - [22/Feb/2019:07:20:06.211 +0000] www.calvinklein.ru "GET /www.calvinklein.ru/%D0%BC%D1%83%D0%B6%D1%81%D0%BA%D0%B8%D0%B5-%D1%84%D1%83%D1%82%D0%B1%D0%BE%D0%BB%D0%BA%D0%B8 HTTP/1.1" 200 23477 "https://www.calvinklein.ru/%D0%BC%D1%83%D0%B6%D1%87%D0%B8%D0%BD%D1%8B" "Mozilla/5.0 (Linux; Android 7.0; SM-G955F Build/NRD90M; wv) AppleWebKit/537.36 (KHTML	 like Gecko) Version/4.0 Chrome/58.0.3029.83 Mobile Safari/537.36 YandexSearch/7.90 YandexSearchBrowser/7.90" "-" "-"						
46.39.228.87 - - [22/Feb/2019:07:20:07.173 +0000] www.calvinklein.ru "GET /www.calvinklein.ru/%D0%BC%D1%83%D0%B6%D1%81%D0%BA%D0%B8%D0%B5-%D1%84%D1%83%D1%82%D0%B1%D0%BE%D0%BB%D0%BA%D0%B8 HTTP/1.1" 200 23477 "https://www.calvinklein.ru/%D0%BC%D1%83%D0%B6%D1%81%D0%BA%D0%B8%D0%B5-%D1%84%D1%83%D1%82%D0%B1%D0%BE%D0%BB%D0%BA%D0%B8" "Mozilla/5.0 (Linux; Android 7.0; SM-G955F Build/NRD90M; wv) AppleWebKit/537.36 (KHTML	 like Gecko) Version/4.0 Chrome/58.0.3029.83 Mobile Safari/537.36 YandexSearch/7.90 YandexSearchBrowser/7.90" "-" "-"						
77.172.143.249 - - [22/Feb/2019:07:20:13.744 +0000] www.calvinklein.nl "GET /www.calvinklein.nl/laarzen-heren HTTP/1.1" 200 15355 "https://www.calvinklein.nl/" "Mozilla/5.0 (iPhone; CPU iPhone OS 12_1_4 like Mac OS X) AppleWebKit/605.1.15 (KHTML	 like Gecko) Version/12.0 Mobile/15E148 Safari/604.1" "-" "-"						
77.172.143.249 - - [22/Feb/2019:07:20:15.269 +0000] www.calvinklein.nl "GET /www.calvinklein.nl/laarzen-heren HTTP/1.1" 200 15156 "https://www.calvinklein.nl/laarzen-heren" "Mozilla/5.0 (iPhone; CPU iPhone OS 12_1_4 like Mac OS X) AppleWebKit/605.1.15 (KHTML	 like Gecko) Version/12.0 Mobile/15E148 Safari/604.1" "-" "-"						
46.39.228.87 - - [22/Feb/2019:07:20:24.116 +0000] www.calvinklein.ru "GET /www.calvinklein.ru/%D0%BC%D1%83%D0%B6%D1%81%D0%BA%D0%B8%D0%B5-%D1%84%D1%83%D1%82%D0%B1%D0%BE%D0%BB%D0%BA%D0%B8 HTTP/1.1" 200 23476 "https://www.calvinklein.ru/%D0%BC%D1%83%D0%B6%D1%87%D0%B8%D0%BD%D1%8B" "Mozilla/5.0 (Linux; Android 7.0; SM-G955F Build/NRD90M; wv) AppleWebKit/537.36 (KHTML	 like Gecko) Version/4.0 Chrome/58.0.3029.83 Mobile Safari/537.36 YandexSearch/7.90 YandexSearchBrowser/7.90" "-" "-"						
46.39.228.87 - - [22/Feb/2019:07:20:25.089 +0000] www.calvinklein.ru "GET /www.calvinklein.ru/%D0%BC%D1%83%D0%B6%D1%81%D0%BA%D0%B8%D0%B5-%D1%84%D1%83%D1%82%D0%B1%D0%BE%D0%BB%D0%BA%D0%B8 HTTP/1.1" 200 23478 "https://www.calvinklein.ru/%D0%BC%D1%83%D0%B6%D1%81%D0%BA%D0%B8%D0%B5-%D1%84%D1%83%D1%82%D0%B1%D0%BE%D0%BB%D0%BA%D0%B8" "Mozilla/5.0 (Linux; Android 7.0; SM-G955F Build/NRD90M; wv) AppleWebKit/537.36 (KHTML	 like Gecko) Version/4.0 Chrome/58.0.3029.83 Mobile Safari/537.36 YandexSearch/7.90 YandexSearchBrowser/7.90" "-" "-"						
2001:8a0:de4a:3600:e467:ddb3:d306:ab33 - - [22/Feb/2019:07:20:25.869 +0000] www.calvinklein.pt "GET /www.calvinklein.pt/womens-jewellery?cmpid=ch:sea%7cdp:ecom%7cso:google%7ccg:sb%7ccp:946965105%7cco:pt%7cla:en%7cts:kwd-300954971905%7cag:48562915673%7cmk:calvin%20klein%20rings%7ccr:%7bceativeid%7d%7cmt:e%7csl:20485187068%7cap:1t1%7cma:m&cmpid=ch:sea%7cdp:ecom%7cso:google%7ccg:sb%7ccp:946965105%7cco:pt%7cla:en%7cts:kwd-300954971905%7cag:48562915673%7cmk:calvin%20klein%20rings%7ccr:%7bcreativeid%7d%7cmt:e%7csl:20485187068%7cap:1t1%7cma:m&&cmpid=ch:sea%7cdp:ecom%7cso:google%7ccg:sb%7ccp:946965105%7cco:pt%7cla:en%7cts:kwd-300954971905%7cag:48562915673%7cmk:calvin%20klein%20rings%7ccr:%7bcreativeid%7d%7cmt:e%7csl:20485187068%7cap:1t1%7cma:m&gclid=Cj0KCQiAtbnjBRDBARIsAO3zDl-dJFq5t2yd-F4xLUjDsFkZ189QG_WwobcGZ74QGgFKNQcVodCoEg8aAmbVEALw_wcB&gclsrc=aw.ds HTTP/1.1" 200 20098 "https://www.google.com/" "Mozilla/5.0 (Linux; Android 8.0.0; SM-A320FL) AppleWebKit/537.36 (KHTML	 like Gecko) Chrome/72.0.3626.105 Mobile Safari/537.36" "-" "-"						
46.23.50.119 - - [22/Feb/2019:07:20:28.579 +0000] www.calvinklein.cz "GET /www.calvinklein.cz/womens-plunge-bras HTTP/1.1" 200 15608 "https://www.calvinklein.cz/womens-bras?scrollPage=3" "Mozilla/5.0 (Windows NT 10.0; Win64; x64) AppleWebKit/537.36 (KHTML	 like Gecko) Chrome/72.0.3626.119 Safari/537.36" "-" "-"						
2001:8a0:de4a:3600:e467:ddb3:d306:ab33 - - [22/Feb/2019:07:20:30.434 +0000] www.calvinklein.pt "GET /www.calvinklein.pt/womens-jewellery?cmpid=ch:sea%7cdp:ecom%7cso:google%7ccg:sb%7ccp:946965105%7cco:pt%7cla:en%7cts:kwd-300954971905%7cag:48562915673%7cmk:calvin%20klein%20rings%7ccr:%7bceativeid%7d%7cmt:e%7csl:20485187068%7cap:1t1%7cma:m&cmpid=ch:sea%7cdp:ecom%7cso:google%7ccg:sb%7ccp:946965105%7cco:pt%7cla:en%7cts:kwd-300954971905%7cag:48562915673%7cmk:calvin%20klein%20rings%7ccr:%7bcreativeid%7d%7cmt:e%7csl:20485187068%7cap:1t1%7cma:m&&cmpid=ch:sea%7cdp:ecom%7cso:google%7ccg:sb%7ccp:946965105%7cco:pt%7cla:en%7cts:kwd-300954971905%7cag:48562915673%7cmk:calvin%20klein%20rings%7ccr:%7bcreativeid%7d%7cmt:e%7csl:20485187068%7cap:1t1%7cma:m&gclid=Cj0KCQiAtbnjBRDBARIsAO3zDl-dJFq5t2yd-F4xLUjDsFkZ189QG_WwobcGZ74QGgFKNQcVodCoEg8aAmbVEALw_wcB&gclsrc=aw.ds HTTP/1.1" 200 18276 "https://www.calvinklein.pt/womens-jewellery?cmpid=ch:sea%7cdp:ecom%7cso:google%7ccg:sb%7ccp:946965105%7cco:pt%7cla:en%7cts:kwd-300954971905%7cag:48562915673%7cmk:calvin%20klein%20rings%7ccr:%7bceativeid%7d%7cmt:e%7csl:20485187068%7cap:1t1%7cma:m&cmpid=ch:sea%7cdp:ecom%7cso:google%7ccg:sb%7ccp:946965105%7cco:pt%7cla:en%7cts:kwd-300954971905%7cag:48562915673%7cmk:calvin%20klein%20rings%7ccr:%7bcreativeid%7d%7cmt:e%7csl:20485187068%7cap:1t1%7cma:m&&cmpid=ch:sea%7cdp:ecom%7cso:google%7ccg:sb%7ccp:946965105%7cco:pt%7cla:en%7cts:kwd-300954971905%7cag:48562915673%7cmk:calvin%20klein%20rings%7ccr:%7bcreativeid%7d%7cmt:e%7csl:20485187068%7cap:1t1%7cma:m&gclid=Cj0KCQiAtbnjBRDBARIsAO3zDl-dJFq5t2yd-F4xLUjDsFkZ189QG_WwobcGZ74QGgFKNQcVodCoEg8aAmbVEALw_wcB&gclsrc=aw.ds" "Mozilla/5.0 (Linux; Android 8.0.0; SM-A320FL) AppleWebKit/537.36 (KHTML	 like Gecko) Chrome/72.0.3626.105 Mobile Safari/537.36" "-" "-"						
193.109.238.133 - - [22/Feb/2019:07:20:30.478 +0000] www.calvinklein.de "GET /www.calvinklein.de/sale-herren-de-at HTTP/1.1" 200 51046 "-" "Mozilla/5.0 (Windows NT 10.0; Win64; x64; rv:60.0) Gecko/20100101 Firefox/60.0" "-" "-"							
2a01:598:b000:ce4d:887c:46de:20f9:ad76 - - [22/Feb/2019:07:20:43.254 +0000] www.calvinklein.de "GET /www.calvinklein.de/sale-de-at HTTP/1.1" 200 26263 "https://www.calvinklein.de/" "Mozilla/5.0 (Macintosh; Intel Mac OS X 10_14_3) AppleWebKit/605.1.15 (KHTML	 like Gecko) Version/12.0.3 Safari/605.1.15" "-" "-"						
89.24.48.125 - - [22/Feb/2019:07:20:43.420 +0000] www.calvinklein.cz "GET /www.calvinklein.cz/womens-socks-tights HTTP/1.1" 200 17716 "https://www.calvinklein.cz/womens-swim-shop" "Mozilla/5.0 (iPhone; CPU iPhone OS 12_1_2 like Mac OS X) AppleWebKit/605.1.15 (KHTML	 like Gecko) Version/12.0 Mobile/15E148 Safari/604.1" "-" "-"						
89.24.48.125 - - [22/Feb/2019:07:20:45.216 +0000] www.calvinklein.cz "GET /www.calvinklein.cz/womens-socks-tights HTTP/1.1" 200 17376 "https://www.calvinklein.cz/womens-socks-tights" "Mozilla/5.0 (iPhone; CPU iPhone OS 12_1_2 like Mac OS X) AppleWebKit/605.1.15 (KHTML	 like Gecko) Version/12.0 Mobile/15E148 Safari/604.1" "-" "-"						
54.36.148.2 - - [22/Feb/2019:07:20:49.918 +0000] www.calvinklein.lt "GET /www.calvinklein.lt/men-modern-voyager HTTP/1.1" 404 13004 "-" "Mozilla/5.0 (compatible; AhrefsBot/6.1; +http://ahrefs.com/robot/)" "-" "-"							
2a01:598:b000:ce4d:887c:46de:20f9:ad76 - - [22/Feb/2019:07:20:56.583 +0000] www.calvinklein.de "GET /www.calvinklein.de/damen-taschen HTTP/1.1" 200 42449 "https://www.calvinklein.de/sale-de-at" "Mozilla/5.0 (Macintosh; Intel Mac OS X 10_14_3) AppleWebKit/605.1.15 (KHTML	 like Gecko) Version/12.0.3 Safari/605.1.15" "-" "-"						
2001:8a0:70b5:100:d425:e67c:8e7b:6057 - - [22/Feb/2019:07:21:11.749 +0000] www.calvinklein.pt "GET /www.calvinklein.pt/womens-bags HTTP/1.1" 200 19493 "https://www.calvinklein.pt/?cmpid=ch:sea%7cdp:ecom%7cso:google%7ccg:br%7ccp:1624408247%7cco:pt%7cla:en%7cts:aud-377859385430:kwd-19809958441%7cag:70250453508%7cmk:%2Bcalvin%20%2Bklein%7ccr:%7bcreativeid%7d%7cmt:b%7csl:%7cap:1t1%7cma:m&&cmpid=ch:sea%7cdp:ecom%7cso:google%7ccg:br%7ccp:1624408247%7cco:pt%7cla:en%7cts:aud-377859385430:kwd-19809958441%7cag:70250453508%7cmk:%2Bcalvin%20%2Bklein%7ccr:%7bcreativeid%7d%7cmt:b%7csl:%7cap:1t1%7cma:m&gclid=Cj0KCQiAtbnjBRDBARIsAO3zDl8irhtUFkTkwclRxfkRjueYvq-KLk9zXq3we9inYjD_FK8eTGXaNy8aAuPxEALw_wcB&gclsrc=aw.ds" "Mozilla/5.0 (Linux; Android 9; EML-L29) AppleWebKit/537.36 (KHTML	 like Gecko) Chrome/72.0.3626.105 Mobile Safari/537.36" "-" "-"						
2001:8a0:70b5:100:d425:e67c:8e7b:6057 - - [22/Feb/2019:07:21:13.674 +0000] www.calvinklein.pt "GET /www.calvinklein.pt/womens-bags HTTP/1.1" 200 18312 "https://www.calvinklein.pt/womens-bags" "Mozilla/5.0 (Linux; Android 9; EML-L29) AppleWebKit/537.36 (KHTML	 like Gecko) Chrome/72.0.3626.105 Mobile Safari/537.36" "-" "-"						
54.36.150.40 - - [22/Feb/2019:07:21:20.655 +0000] www.calvinklein.ru "GET /www.calvinklein.ru/%D0%BC%D1%83%D0%B6%D1%87%D0%B8%D0%BD%D1%8B-in-the-thick-of-it-ck HTTP/1.1" 200 20098 "-" "Mozilla/5.0 (compatible; AhrefsBot/6.1; +http://ahrefs.com/robot/)" "-" "-"							
193.83.142.21 - - [22/Feb/2019:07:21:30.120 +0000] www.calvinklein.lu "GET /www.calvinklein.lu/sacs-accessoires-femme HTTP/1.1" 200 35778 "https://www.calvinklein.lu/t-shirt-statement-1981-000qs6241e100" "Mozilla/5.0 (iPhone; CPU iPhone OS 12_1_2 like Mac OS X) AppleWebKit/605.1.15 (KHTML	 like Gecko) Version/12.0 Mobile/15E148 Safari/604.1" "-" "-"						
95.70.222.237 - - [22/Feb/2019:07:21:36.179 +0000] www.calvinklein.ie "GET /www.calvinklein.ie/ladies-purses-small-accessories HTTP/1.1" 200 18624 "https://www.calvinklein.ie/" "Mozilla/5.0 (Linux; Android 5.1.1; SM-E500H) AppleWebKit/537.36 (KHTML	 like Gecko) Chrome/72.0.3626.105 Mobile Safari/537.36" "-" "-"						
95.70.222.237 - - [22/Feb/2019:07:21:38.996 +0000] www.calvinklein.ie "GET /www.calvinklein.ie/ladies-purses-small-accessories HTTP/1.1" 200 17436 "https://www.calvinklein.ie/ladies-purses-small-accessories" "Mozilla/5.0 (Linux; Android 5.1.1; SM-E500H) AppleWebKit/537.36 (KHTML	 like Gecko) Chrome/72.0.3626.105 Mobile Safari/537.36" "-" "-"						
185.243.172.92 - - [22/Feb/2019:07:21:42.208 +0000] www.calvinklein.co.uk "GET /www.calvinklein.co.uk/mens-trunks HTTP/1.1" 200 20499 "https://www.calvinklein.co.uk/mens-clothing-d70-uki" "Mozilla/5.0 (Linux; Android 8.0.0; SM-A530F) AppleWebKit/537.36 (KHTML	 like Gecko) Chrome/72.0.3626.105 Mobile Safari/537.36" "-" "-"						
2a01:598:b000:ce4d:887c:46de:20f9:ad76 - - [22/Feb/2019:07:21:43.331 +0000] www.calvinklein.de "GET /www.calvinklein.de/damen-taschen HTTP/1.1" 200 42441 "https://www.calvinklein.de/sale-de-at" "Mozilla/5.0 (Macintosh; Intel Mac OS X 10_14_3) AppleWebKit/605.1.15 (KHTML	 like Gecko) Version/12.0.3 Safari/605.1.15" "-" "-"						
185.243.172.92 - - [22/Feb/2019:07:21:43.105 +0000] www.calvinklein.co.uk "GET /www.calvinklein.co.uk/mens-trunks HTTP/1.1" 200 20497 "https://www.calvinklein.co.uk/mens-trunks" "Mozilla/5.0 (Linux; Android 8.0.0; SM-A530F) AppleWebKit/537.36 (KHTML	 like Gecko) Chrome/72.0.3626.105 Mobile Safari/537.36" "-" "-"						
78.99.182.247 - - [22/Feb/2019:07:21:55.425 +0000] www.calvinklein.sk "GET /www.calvinklein.sk/womens-shoes HTTP/1.1" 200 18280 "https://www.calvinklein.sk/search?searchTerm=backpack" "Mozilla/5.0 (iPhone; CPU iPhone OS 12_1 like Mac OS X) AppleWebKit/605.1.15 (KHTML	 like Gecko) CriOS/72.0.3626.101 Mobile/15E148 Safari/605.1" "-" "-"						
78.99.182.247 - - [22/Feb/2019:07:21:56.493 +0000] www.calvinklein.sk "GET /www.calvinklein.sk/womens-shoes HTTP/1.1" 200 18278 "https://www.calvinklein.sk/womens-shoes" "Mozilla/5.0 (iPhone; CPU iPhone OS 12_1 like Mac OS X) AppleWebKit/605.1.15 (KHTML	 like Gecko) CriOS/72.0.3626.101 Mobile/15E148 Safari/605.1" "-" "-"						
95.70.222.237 - - [22/Feb/2019:07:21:59.674 +0000] www.calvinklein.ie "GET /www.calvinklein.ie/women HTTP/1.1" 200 18305 "https://www.google.com/" "Mozilla/5.0 (Linux; Android 5.1.1; SM-E500H) AppleWebKit/537.36 (KHTML	 like Gecko) Chrome/72.0.3626.105 Mobile Safari/537.36" "-" "-"						
54.36.149.86 - - [22/Feb/2019:07:21:59.901 +0000] www.calvinklein.lu "GET /www.calvinklein.lu/DE/neue-mode-herren HTTP/1.1" 301 193 "-" "Mozilla/5.0 (compatible; AhrefsBot/6.1; +http://ahrefs.com/robot/)" "-" "-"							
95.70.222.237 - - [22/Feb/2019:07:22:01.468 +0000] www.calvinklein.ie "GET /www.calvinklein.ie/women HTTP/1.1" 200 18301 "https://www.calvinklein.ie/women" "Mozilla/5.0 (Linux; Android 5.1.1; SM-E500H) AppleWebKit/537.36 (KHTML	 like Gecko) Chrome/72.0.3626.105 Mobile Safari/537.36" "-" "-"						
31.161.221.169 - - [22/Feb/2019:07:22:26.431 +0000] www.calvinklein.nl "GET /www.calvinklein.nl/heren-ondergoed HTTP/1.1" 200 24576 "-" "Mozilla/5.0 (Linux; Android 9; SAMSUNG SM-G960F Build/PPR1.180610.011) AppleWebKit/537.36 (KHTML	 like Gecko) SamsungBrowser/9.0 Chrome/67.0.3396.87 Mobile Safari/537.36" "-" "-"						
31.161.221.169 - - [22/Feb/2019:07:22:26.431 +0000] www.calvinklein.nl "GET /www.calvinklein.nl/heren-ondergoed-packs HTTP/1.1" 200 22589 "-" "Mozilla/5.0 (Linux; Android 9; SAMSUNG SM-G960F Build/PPR1.180610.011) AppleWebKit/537.36 (KHTML	 like Gecko) SamsungBrowser/9.0 Chrome/67.0.3396.87 Mobile Safari/537.36" "-" "-"						
94.21.204.226 - - [22/Feb/2019:07:22:47.162 +0000] www.calvinklein.hu "GET /www.calvinklein.hu/women HTTP/1.1" 200 18294 "https://www.calvinklein.hu/" "Mozilla/5.0 (iPhone; CPU iPhone OS 12_1 like Mac OS X) AppleWebKit/605.1.15 (KHTML	 like Gecko) Version/12.0 Mobile/15E148 Safari/604.1" "-" "-"						
94.21.204.226 - - [22/Feb/2019:07:22:47.864 +0000] www.calvinklein.hu "GET /www.calvinklein.hu/women HTTP/1.1" 200 18294 "https://www.calvinklein.hu/women" "Mozilla/5.0 (iPhone; CPU iPhone OS 12_1 like Mac OS X) AppleWebKit/605.1.15 (KHTML	 like Gecko) Version/12.0 Mobile/15E148 Safari/604.1" "-" "-"						
31.161.221.169 - - [22/Feb/2019:07:22:48.378 +0000] www.calvinklein.nl "GET /www.calvinklein.nl/ondergoed?cmpid=ch:sea%7cdp:ecom%7cso:google%7ccg:sb%7ccp:776308457%7cco:nl%7cla:nl%7cts:aud-447930101937:kwd-301475997972%7cag:42856390998%7cmk:calvin%20klein%20ondergoed%7ccr:%7bceativeid%7d%7cmt:e%7csl:%7cap:1t1%7cma:m&cmpid=ch:sea%7cdp:ecom%7cso:google%7ccg:sb%7ccp:776308457%7cco:nl%7cla:nl%7cts:aud-447930101937:kwd-301475997972%7cag:42856390998%7cmk:calvin%20klein%20ondergoed%7ccr:%7bcreativeid%7d%7cmt:e%7csl:%7cap:1t1%7cma:m&&cmpid=ch:sea%7cdp:ecom%7cso:google%7ccg:sb%7ccp:776308457%7cco:nl%7cla:nl%7cts:aud-447930101937:kwd-301475997972%7cag:42856390998%7cmk:calvin%20klein%20ondergoed%7ccr:%7bcreativeid%7d%7cmt:e%7csl:%7cap:1t1%7cma:m&gclid=EAIaIQobChMI2fewo-fO4AIVBrvtCh0vkAAdEAAYASAAEgK28_D_BwE&gclsrc=aw.ds HTTP/1.1" 200 14817 "https://www.google.com/" "Mozilla/5.0 (Linux; Android 9; SAMSUNG SM-G960F Build/PPR1.180610.011) AppleWebKit/537.36 (KHTML	 like Gecko) SamsungBrowser/9.0 Chrome/67.0.3396.87 Mobile Safari/537.36" "-" "-"						
78.99.182.247 - - [22/Feb/2019:07:22:55.196 +0000] www.calvinklein.sk "GET /www.calvinklein.sk/womens-shoes HTTP/1.1" 200 18278 "https://www.calvinklein.sk/search?searchTerm=backpack" "Mozilla/5.0 (iPhone; CPU iPhone OS 12_1 like Mac OS X) AppleWebKit/605.1.15 (KHTML	 like Gecko) CriOS/72.0.3626.101 Mobile/15E148 Safari/605.1" "-" "-"						
78.99.182.247 - - [22/Feb/2019:07:22:56.869 +0000] www.calvinklein.sk "GET /www.calvinklein.sk/womens-shoes HTTP/1.1" 200 18278 "https://www.calvinklein.sk/womens-shoes" "Mozilla/5.0 (iPhone; CPU iPhone OS 12_1 like Mac OS X) AppleWebKit/605.1.15 (KHTML	 like Gecko) CriOS/72.0.3626.101 Mobile/15E148 Safari/605.1" "-" "-"						
94.21.204.226 - - [22/Feb/2019:07:23:04.666 +0000] www.calvinklein.hu "GET /www.calvinklein.hu/womens-shoes HTTP/1.1" 200 18362 "https://www.calvinklein.hu/women" "Mozilla/5.0 (iPhone; CPU iPhone OS 12_1 like Mac OS X) AppleWebKit/605.1.15 (KHTML	 like Gecko) Version/12.0 Mobile/15E148 Safari/604.1" "-" "-"						
94.21.204.226 - - [22/Feb/2019:07:23:05.094 +0000] www.calvinklein.hu "GET /www.calvinklein.hu/womens-shoes HTTP/1.1" 200 18357 "https://www.calvinklein.hu/womens-shoes" "Mozilla/5.0 (iPhone; CPU iPhone OS 12_1 like Mac OS X) AppleWebKit/605.1.15 (KHTML	 like Gecko) Version/12.0 Mobile/15E148 Safari/604.1" "-" "-"						
31.161.221.169 - - [22/Feb/2019:07:23:08.436 +0000] www.calvinklein.nl "GET /www.calvinklein.nl/mycalvins-heren HTTP/1.1" 200 19579 "https://www.calvinklein.nl/ondergoed?cmpid=ch:sea%7cdp:ecom%7cso:google%7ccg:sb%7ccp:776308457%7cco:nl%7cla:nl%7cts:aud-447930101937:kwd-301475997972%7cag:42856390998%7cmk:calvin%20klein%20ondergoed%7ccr:%7bceativeid%7d%7cmt:e%7csl:%7cap:1t1%7cma:m&cmpid=ch:sea%7cdp:ecom%7cso:google%7ccg:sb%7ccp:776308457%7cco:nl%7cla:nl%7cts:aud-447930101937:kwd-301475997972%7cag:42856390998%7cmk:calvin%20klein%20ondergoed%7ccr:%7bcreativeid%7d%7cmt:e%7csl:%7cap:1t1%7cma:m&&cmpid=ch:sea%7cdp:ecom%7cso:google%7ccg:sb%7ccp:776308457%7cco:nl%7cla:nl%7cts:aud-447930101937:kwd-301475997972%7cag:42856390998%7cmk:calvin%20klein%20ondergoed%7ccr:%7bcreativeid%7d%7cmt:e%7csl:%7cap:1t1%7cma:m&gclid=EAIaIQobChMI2fewo-fO4AIVBrvtCh0vkAAdEAAYASAAEgK28_D_BwE&gclsrc=aw.ds" "Mozilla/5.0 (Linux; Android 9; SAMSUNG SM-G960F Build/PPR1.180610.011) AppleWebKit/537.36 (KHTML	 like Gecko) SamsungBrowser/9.0 Chrome/67.0.3396.87 Mobile Safari/537.36" "-" "-"						
31.161.221.169 - - [22/Feb/2019:07:23:09.320 +0000] www.calvinklein.nl "GET /www.calvinklein.nl/mycalvins-heren HTTP/1.1" 200 19575 "https://www.calvinklein.nl/mycalvins-heren" "Mozilla/5.0 (Linux; Android 9; SAMSUNG SM-G960F Build/PPR1.180610.011) AppleWebKit/537.36 (KHTML	 like Gecko) SamsungBrowser/9.0 Chrome/67.0.3396.87 Mobile Safari/537.36" "-" "-"						
54.36.148.130 - - [22/Feb/2019:07:23:12.114 +0000] www.calvinklein.nl "GET /www.calvinklein.nl/heren-jeans?errorKey=ProductOutOfStock HTTP/1.1" 301 212 "-" "Mozilla/5.0 (compatible; AhrefsBot/6.1; +http://ahrefs.com/robot/)" "-" "-"							
31.161.221.169 - - [22/Feb/2019:07:23:31.976 +0000] www.calvinklein.nl "GET /www.calvinklein.nl/mycalvins-heren HTTP/1.1" 200 19577 "https://www.calvinklein.nl/ondergoed?cmpid=ch:sea%7cdp:ecom%7cso:google%7ccg:sb%7ccp:776308457%7cco:nl%7cla:nl%7cts:aud-447930101937:kwd-301475997972%7cag:42856390998%7cmk:calvin%20klein%20ondergoed%7ccr:%7bceativeid%7d%7cmt:e%7csl:%7cap:1t1%7cma:m&cmpid=ch:sea%7cdp:ecom%7cso:google%7ccg:sb%7ccp:776308457%7cco:nl%7cla:nl%7cts:aud-447930101937:kwd-301475997972%7cag:42856390998%7cmk:calvin%20klein%20ondergoed%7ccr:%7bcreativeid%7d%7cmt:e%7csl:%7cap:1t1%7cma:m&&cmpid=ch:sea%7cdp:ecom%7cso:google%7ccg:sb%7ccp:776308457%7cco:nl%7cla:nl%7cts:aud-447930101937:kwd-301475997972%7cag:42856390998%7cmk:calvin%20klein%20ondergoed%7ccr:%7bcreativeid%7d%7cmt:e%7csl:%7cap:1t1%7cma:m&gclid=EAIaIQobChMI2fewo-fO4AIVBrvtCh0vkAAdEAAYASAAEgK28_D_BwE&gclsrc=aw.ds" "Mozilla/5.0 (Linux; Android 9; SAMSUNG SM-G960F Build/PPR1.180610.011) AppleWebKit/537.36 (KHTML	 like Gecko) SamsungBrowser/9.0 Chrome/67.0.3396.87 Mobile Safari/537.36" "-" "-"						
31.161.221.169 - - [22/Feb/2019:07:23:32.658 +0000] www.calvinklein.nl "GET /www.calvinklein.nl/mycalvins-heren HTTP/1.1" 200 19576 "https://www.calvinklein.nl/mycalvins-heren" "Mozilla/5.0 (Linux; Android 9; SAMSUNG SM-G960F Build/PPR1.180610.011) AppleWebKit/537.36 (KHTML	 like Gecko) SamsungBrowser/9.0 Chrome/67.0.3396.87 Mobile Safari/537.36" "-" "-"						
94.21.204.226 - - [22/Feb/2019:07:23:41.895 +0000] www.calvinklein.hu "GET /www.calvinklein.hu/womens-shoes?scrollPage=2 HTTP/1.1" 200 18763 "https://www.calvinklein.hu/women" "Mozilla/5.0 (iPhone; CPU iPhone OS 12_1 like Mac OS X) AppleWebKit/605.1.15 (KHTML	 like Gecko) Version/12.0 Mobile/15E148 Safari/604.1" "-" "-"						
94.21.204.226 - - [22/Feb/2019:07:23:43.109 +0000] www.calvinklein.hu "GET /www.calvinklein.hu/womens-shoes?scrollPage=2 HTTP/1.1" 200 18564 "https://www.calvinklein.hu/womens-shoes?scrollPage=2" "Mozilla/5.0 (iPhone; CPU iPhone OS 12_1 like Mac OS X) AppleWebKit/605.1.15 (KHTML	 like Gecko) Version/12.0 Mobile/15E148 Safari/604.1" "-" "-"						
77.166.163.173 - - [22/Feb/2019:07:23:48.284 +0000] www.calvinklein.nl "GET /www.calvinklein.nl/heren HTTP/1.1" 200 18763 "https://www.calvinklein.nl/?camp=ck_soc_ig" "Mozilla/5.0 (iPhone; CPU iPhone OS 12_1_4 like Mac OS X) AppleWebKit/605.1.15 (KHTML	 like Gecko) Mobile/16D57 Instagram 81.0.0.10.92 (iPhone11	6; iOS 12_1_4; en_NL; en-NL; scale=3.00; gamut=wide; 1242x2688; 142340302)" "-" "-"					
77.166.163.173 - - [22/Feb/2019:07:23:48.621 +0000] www.calvinklein.nl "GET /www.calvinklein.nl/heren HTTP/1.1" 200 18761 "https://www.calvinklein.nl/heren" "Mozilla/5.0 (iPhone; CPU iPhone OS 12_1_4 like Mac OS X) AppleWebKit/605.1.15 (KHTML	 like Gecko) Mobile/16D57 Instagram 81.0.0.10.92 (iPhone11	6; iOS 12_1_4; en_NL; en-NL; scale=3.00; gamut=wide; 1242x2688; 142340302)" "-" "-"					
185.243.172.92 - - [22/Feb/2019:07:23:49.125 +0000] www.calvinklein.cz "GET /www.calvinklein.cz/mens-wallets HTTP/1.1" 200 17468 "https://www.calvinklein.cz/OrderItemDisplay?catalogId=10188&langId=44&storeId=20005" "Mozilla/5.0 (Linux; Android 8.0.0; SM-A530F) AppleWebKit/537.36 (KHTML	 like Gecko) Chrome/72.0.3626.105 Mobile Safari/537.36" "-" "-"						
185.243.172.92 - - [22/Feb/2019:07:23:50.981 +0000] www.calvinklein.cz "GET /www.calvinklein.cz/mens-wallets HTTP/1.1" 200 17265 "https://www.calvinklein.cz/mens-wallets" "Mozilla/5.0 (Linux; Android 8.0.0; SM-A530F) AppleWebKit/537.36 (KHTML	 like Gecko) Chrome/72.0.3626.105 Mobile Safari/537.36" "-" "-"						
31.161.221.169 - - [22/Feb/2019:07:23:57.114 +0000] www.calvinklein.nl "GET /www.calvinklein.nl/heren-ondergoed-nieuw-binnen HTTP/1.1" 200 22172 "https://www.calvinklein.nl/mycalvins-heren" "Mozilla/5.0 (Linux; Android 9; SAMSUNG SM-G960F Build/PPR1.180610.011) AppleWebKit/537.36 (KHTML	 like Gecko) SamsungBrowser/9.0 Chrome/67.0.3396.87 Mobile Safari/537.36" "-" "-"						
31.161.221.169 - - [22/Feb/2019:07:23:58.838 +0000] www.calvinklein.nl "GET /www.calvinklein.nl/heren-ondergoed-nieuw-binnen HTTP/1.1" 200 20992 "https://www.calvinklein.nl/heren-ondergoed-nieuw-binnen" "Mozilla/5.0 (Linux; Android 9; SAMSUNG SM-G960F Build/PPR1.180610.011) AppleWebKit/537.36 (KHTML	 like Gecko) SamsungBrowser/9.0 Chrome/67.0.3396.87 Mobile Safari/537.36" "-" "-"						
109.105.54.70 - - [22/Feb/2019:07:23:58.171 +0000] www.calvinklein.cz "GET /www.calvinklein.cz/women HTTP/1.1" 200 18304 "https://www.calvinklein.cz/?cmpid=ch:sea|dp:ecom|so:google|cg:br|cp:337670811|co:cz|la:en|ts:aud-336802288302:kwd-35442010|ag:20589741411|mk:calvin%20klein|cr:{creativeid}|mt:e|sl:|ap:1t1|ma:m&gclsrc=aw.ds&cmpid=ch:sea|dp:ecom|so:google|cg:br|cp:337670811|co:cz|la:en|ts:aud-336802288302:kwd-35442010|ag:20589741411|mk:calvin%20klein|cr:{creativeid}|mt:e|sl:|ap:1t1|ma:m&gclid=Cj0KCQiAtbnjBRDBARIsAO3zDl_vNFn8N8JKIUy75Izma4pDNBFGuis2gTYuFVWKESlfP3uFtxKKv-EaArtBEALw_wcB" "Mozilla/5.0 (iPhone; CPU iPhone OS 12_1_2 like Mac OS X) AppleWebKit/605.1.15 (KHTML	 like Gecko) Version/12.0 Mobile/15E148 Safari/604.1" "-" "-"						
109.105.54.70 - - [22/Feb/2019:07:23:58.748 +0000] www.calvinklein.cz "GET /www.calvinklein.cz/women HTTP/1.1" 200 18302 "https://www.calvinklein.cz/women" "Mozilla/5.0 (iPhone; CPU iPhone OS 12_1_2 like Mac OS X) AppleWebKit/605.1.15 (KHTML	 like Gecko) Version/12.0 Mobile/15E148 Safari/604.1" "-" "-"						
78.99.182.247 - - [22/Feb/2019:07:24:06.623 +0000] www.calvinklein.sk "GET /www.calvinklein.sk/womens-shoes HTTP/1.1" 200 18276 "https://www.calvinklein.sk/search?searchTerm=backpack" "Mozilla/5.0 (iPhone; CPU iPhone OS 12_1 like Mac OS X) AppleWebKit/605.1.15 (KHTML	 like Gecko) CriOS/72.0.3626.101 Mobile/15E148 Safari/605.1" "-" "-"						
78.99.182.247 - - [22/Feb/2019:07:24:07.466 +0000] www.calvinklein.sk "GET /www.calvinklein.sk/womens-shoes HTTP/1.1" 200 18277 "https://www.calvinklein.sk/womens-shoes" "Mozilla/5.0 (iPhone; CPU iPhone OS 12_1 like Mac OS X) AppleWebKit/605.1.15 (KHTML	 like Gecko) CriOS/72.0.3626.101 Mobile/15E148 Safari/605.1" "-" "-"						
94.21.204.226 - - [22/Feb/2019:07:24:08.219 +0000] www.calvinklein.hu "GET /www.calvinklein.hu/womens-shoes?scrollPage=3 HTTP/1.1" 200 16217 "https://www.calvinklein.hu/women" "Mozilla/5.0 (iPhone; CPU iPhone OS 12_1 like Mac OS X) AppleWebKit/605.1.15 (KHTML	 like Gecko) Version/12.0 Mobile/15E148 Safari/604.1" "-" "-"						
94.21.204.226 - - [22/Feb/2019:07:24:08.715 +0000] www.calvinklein.hu "GET /www.calvinklein.hu/womens-shoes?scrollPage=3 HTTP/1.1" 200 16216 "https://www.calvinklein.hu/womens-shoes?scrollPage=3" "Mozilla/5.0 (iPhone; CPU iPhone OS 12_1 like Mac OS X) AppleWebKit/605.1.15 (KHTML	 like Gecko) Version/12.0 Mobile/15E148 Safari/604.1" "-" "-"						
185.243.172.92 - - [22/Feb/2019:07:24:08.862 +0000] www.calvinklein.cz "GET /www.calvinklein.cz/mens-wallets HTTP/1.1" 200 17268 "https://www.calvinklein.cz/OrderItemDisplay?catalogId=10188&langId=44&storeId=20005" "Mozilla/5.0 (Linux; Android 8.0.0; SM-A530F) AppleWebKit/537.36 (KHTML	 like Gecko) Chrome/72.0.3626.105 Mobile Safari/537.36" "-" "-"						
188.166.54.154 - - [22/Feb/2019:07:24:09.222 +0000] www.calvinklein.nl "GET /www.calvinklein.nl/dames HTTP/1.1" 200 19118 "https://www.calvinklein.nl/" "Mozilla/5.0 (iPhone; CPU iPhone OS 12_1_2 like Mac OS X) AppleWebKit/605.1.15 (KHTML	 like Gecko) Version/12.0 Mobile/15E148 Safari/604.1" "-" "-"						
185.243.172.92 - - [22/Feb/2019:07:24:09.572 +0000] www.calvinklein.cz "GET /www.calvinklein.cz/mens-wallets HTTP/1.1" 200 17267 "https://www.calvinklein.cz/mens-wallets" "Mozilla/5.0 (Linux; Android 8.0.0; SM-A530F) AppleWebKit/537.36 (KHTML	 like Gecko) Chrome/72.0.3626.105 Mobile Safari/537.36" "-" "-"						
188.166.54.154 - - [22/Feb/2019:07:24:10.229 +0000] www.calvinklein.nl "GET /www.calvinklein.nl/dames HTTP/1.1" 200 19115 "https://www.calvinklein.nl/dames" "Mozilla/5.0 (iPhone; CPU iPhone OS 12_1_2 like Mac OS X) AppleWebKit/605.1.15 (KHTML	 like Gecko) Version/12.0 Mobile/15E148 Safari/604.1" "-" "-"						
77.166.163.173 - - [22/Feb/2019:07:24:13.279 +0000] www.calvinklein.nl "GET /www.calvinklein.nl/mycalvins-heren HTTP/1.1" 200 19581 "https://www.calvinklein.nl/heren" "Mozilla/5.0 (iPhone; CPU iPhone OS 12_1_4 like Mac OS X) AppleWebKit/605.1.15 (KHTML	 like Gecko) Mobile/16D57 Instagram 81.0.0.10.92 (iPhone11	6; iOS 12_1_4; en_NL; en-NL; scale=3.00; gamut=wide; 1242x2688; 142340302)" "-" "-"					
77.166.163.173 - - [22/Feb/2019:07:24:13.481 +0000] www.calvinklein.nl "GET /www.calvinklein.nl/mycalvins-heren HTTP/1.1" 200 19581 "https://www.calvinklein.nl/mycalvins-heren" "Mozilla/5.0 (iPhone; CPU iPhone OS 12_1_4 like Mac OS X) AppleWebKit/605.1.15 (KHTML	 like Gecko) Mobile/16D57 Instagram 81.0.0.10.92 (iPhone11	6; iOS 12_1_4; en_NL; en-NL; scale=3.00; gamut=wide; 1242x2688; 142340302)" "-" "-"					
188.166.54.154 - - [22/Feb/2019:07:24:22.224 +0000] www.calvinklein.nl "GET /www.calvinklein.nl/jeans-dames HTTP/1.1" 200 19128 "https://www.calvinklein.nl/dames" "Mozilla/5.0 (iPhone; CPU iPhone OS 12_1_2 like Mac OS X) AppleWebKit/605.1.15 (KHTML	 like Gecko) Version/12.0 Mobile/15E148 Safari/604.1" "-" "-"						
188.166.54.154 - - [22/Feb/2019:07:24:23.034 +0000] www.calvinklein.nl "GET /www.calvinklein.nl/jeans-dames HTTP/1.1" 200 19128 "https://www.calvinklein.nl/jeans-dames" "Mozilla/5.0 (iPhone; CPU iPhone OS 12_1_2 like Mac OS X) AppleWebKit/605.1.15 (KHTML	 like Gecko) Version/12.0 Mobile/15E148 Safari/604.1" "-" "-"						
54.36.150.49 - - [22/Feb/2019:07:24:24.312 +0000] www.calvinklein.hu "GET /www.calvinklein.hu/mens-swimwear HTTP/1.1" 301 187 "-" "Mozilla/5.0 (compatible; AhrefsBot/6.1; +http://ahrefs.com/robot/)" "-" "-"							
109.105.54.70 - - [22/Feb/2019:07:24:25.348 +0000] www.calvinklein.cz "GET /www.calvinklein.cz/womens-sweatshirts HTTP/1.1" 200 18959 "https://www.calvinklein.cz/women" "Mozilla/5.0 (iPhone; CPU iPhone OS 12_1_2 like Mac OS X) AppleWebKit/605.1.15 (KHTML	 like Gecko) Version/12.0 Mobile/15E148 Safari/604.1" "-" "-"						
109.105.54.70 - - [22/Feb/2019:07:24:25.768 +0000] www.calvinklein.cz "GET /www.calvinklein.cz/womens-sweatshirts HTTP/1.1" 200 18957 "https://www.calvinklein.cz/womens-sweatshirts" "Mozilla/5.0 (iPhone; CPU iPhone OS 12_1_2 like Mac OS X) AppleWebKit/605.1.15 (KHTML	 like Gecko) Version/12.0 Mobile/15E148 Safari/604.1" "-" "-"						
54.36.148.195 - - [22/Feb/2019:07:24:32.786 +0000] www.calvinklein.be "GET /www.calvinklein.be/FR/pantalons-slim-homme HTTP/1.1" 200 39079 "-" "Mozilla/5.0 (compatible; AhrefsBot/6.1; +http://ahrefs.com/robot/)" "-" "-"							
77.166.163.173 - - [22/Feb/2019:07:24:35.283 +0000] www.calvinklein.nl "GET /www.calvinklein.nl/mycalvins-heren HTTP/1.1" 200 19584 "https://www.calvinklein.nl/heren" "Mozilla/5.0 (iPhone; CPU iPhone OS 12_1_4 like Mac OS X) AppleWebKit/605.1.15 (KHTML	 like Gecko) Mobile/16D57 Instagram 81.0.0.10.92 (iPhone11	6; iOS 12_1_4; en_NL; en-NL; scale=3.00; gamut=wide; 1242x2688; 142340302)" "-" "-"					
77.166.163.173 - - [22/Feb/2019:07:24:35.637 +0000] www.calvinklein.nl "GET /www.calvinklein.nl/mycalvins-heren HTTP/1.1" 200 19584 "https://www.calvinklein.nl/mycalvins-heren" "Mozilla/5.0 (iPhone; CPU iPhone OS 12_1_4 like Mac OS X) AppleWebKit/605.1.15 (KHTML	 like Gecko) Mobile/16D57 Instagram 81.0.0.10.92 (iPhone11	6; iOS 12_1_4; en_NL; en-NL; scale=3.00; gamut=wide; 1242x2688; 142340302)" "-" "-"					
188.166.54.154 - - [22/Feb/2019:07:24:35.764 +0000] www.calvinklein.nl "GET /www.calvinklein.nl/dames HTTP/1.1" 200 19117 "https://www.calvinklein.nl/" "Mozilla/5.0 (iPhone; CPU iPhone OS 12_1_2 like Mac OS X) AppleWebKit/605.1.15 (KHTML	 like Gecko) Version/12.0 Mobile/15E148 Safari/604.1" "-" "-"						
188.166.54.154 - - [22/Feb/2019:07:24:36.570 +0000] www.calvinklein.nl "GET /www.calvinklein.nl/dames HTTP/1.1" 200 19116 "https://www.calvinklein.nl/dames" "Mozilla/5.0 (iPhone; CPU iPhone OS 12_1_2 like Mac OS X) AppleWebKit/605.1.15 (KHTML	 like Gecko) Version/12.0 Mobile/15E148 Safari/604.1" "-" "-"						
188.166.54.154 - - [22/Feb/2019:07:24:38.744 +0000] www.calvinklein.nl "GET /www.calvinklein.nl/performance-dames-sportleggings HTTP/1.1" 200 18669 "https://www.calvinklein.nl/dames" "Mozilla/5.0 (iPhone; CPU iPhone OS 12_1_2 like Mac OS X) AppleWebKit/605.1.15 (KHTML	 like Gecko) Version/12.0 Mobile/15E148 Safari/604.1" "-" "-"						
188.166.54.154 - - [22/Feb/2019:07:24:40.658 +0000] www.calvinklein.nl "GET /www.calvinklein.nl/performance-dames-sportleggings HTTP/1.1" 200 17483 "https://www.calvinklein.nl/performance-dames-sportleggings" "Mozilla/5.0 (iPhone; CPU iPhone OS 12_1_2 like Mac OS X) AppleWebKit/605.1.15 (KHTML	 like Gecko) Version/12.0 Mobile/15E148 Safari/604.1" "-" "-"						
95.54.60.215 - - [22/Feb/2019:07:24:44.563 +0000] www.calvinklein.ru "GET /www.calvinklein.ru/%D0%B6%D0%B5%D0%BD%D1%89%D0%B8%D0%BD%D1%8B HTTP/1.1" 200 19102 "https://www.calvinklein.ru/?utm_source=Yandex&utm_medium=cpc&utm_campaign=ru+-+ru+-+brand+exact+-+calvin+klein&utm_term=%D0%BA%D0%B5%D0%BB%D1%8C%D0%B2%D0%B8%D0%BD%20%D0%BA%D0%BB%D1%8F%D0%B9%D0%BD&cmpid=ch:sea|dp:ecom|so:yandex|cg:br|cp:41016368|co:ru|la:ru|ts:{targetid}|ag:3703347003|mk:%D0%BA%D0%B5%D0%BB%D1%8C%D0%B2%D0%B8%D0%BD%20%D0%BA%D0%BB%D1%8F%D0%B9%D0%BD|cr:{ceativeid}|mt:{matchtype}|sl:{feeditemid}|ap:{adposition}|ma:desktop" "Mozilla/5.0 (Windows NT 10.0; Win64; x64) AppleWebKit/537.36 (KHTML	 like Gecko) Chrome/64.0.3282.140 Safari/537.36 Edge/17.17134" "-" "-"						
188.166.54.154 - - [22/Feb/2019:07:24:47.620 +0000] www.calvinklein.nl "GET /www.calvinklein.nl/dames HTTP/1.1" 200 19117 "https://www.calvinklein.nl/" "Mozilla/5.0 (iPhone; CPU iPhone OS 12_1_2 like Mac OS X) AppleWebKit/605.1.15 (KHTML	 like Gecko) Version/12.0 Mobile/15E148 Safari/604.1" "-" "-"						
188.166.54.154 - - [22/Feb/2019:07:24:48.422 +0000] www.calvinklein.nl "GET /www.calvinklein.nl/dames HTTP/1.1" 200 19115 "https://www.calvinklein.nl/dames" "Mozilla/5.0 (iPhone; CPU iPhone OS 12_1_2 like Mac OS X) AppleWebKit/605.1.15 (KHTML	 like Gecko) Version/12.0 Mobile/15E148 Safari/604.1" "-" "-"						
188.166.54.154 - - [22/Feb/2019:07:24:55.853 +0000] www.calvinklein.nl "GET /www.calvinklein.nl/dames-tassen HTTP/1.1" 200 20341 "https://www.calvinklein.nl/dames" "Mozilla/5.0 (iPhone; CPU iPhone OS 12_1_2 like Mac OS X) AppleWebKit/605.1.15 (KHTML	 like Gecko) Version/12.0 Mobile/15E148 Safari/604.1" "-" "-"						
188.166.54.154 - - [22/Feb/2019:07:24:57.675 +0000] www.calvinklein.nl "GET /www.calvinklein.nl/dames-tassen HTTP/1.1" 200 19158 "https://www.calvinklein.nl/dames-tassen" "Mozilla/5.0 (iPhone; CPU iPhone OS 12_1_2 like Mac OS X) AppleWebKit/605.1.15 (KHTML	 like Gecko) Version/12.0 Mobile/15E148 Safari/604.1" "-" "-"						
54.36.148.147 - - [22/Feb/2019:07:25:02.261 +0000] www.calvinklein.fi "GET /www.calvinklein.fi/shop-by-set HTTP/1.1" 200 21062 "-" "Mozilla/5.0 (compatible; AhrefsBot/6.1; +http://ahrefs.com/robot/)" "-" "-"							
31.161.221.169 - - [22/Feb/2019:07:25:04.566 +0000] www.calvinklein.nl "GET /www.calvinklein.nl/swim-shop-heren-ck HTTP/1.1" 200 20712 "https://www.calvinklein.nl/heren-ondergoed-nieuw-binnen" "Mozilla/5.0 (Linux; Android 9; SAMSUNG SM-G960F Build/PPR1.180610.011) AppleWebKit/537.36 (KHTML	 like Gecko) SamsungBrowser/9.0 Chrome/67.0.3396.87 Mobile Safari/537.36" "-" "-"						
89.144.201.222 - - [22/Feb/2019:07:25:05.099 +0000] www.calvinklein.at "GET /www.calvinklein.at/herren-jeans HTTP/1.1" 200 40316 "-" "Mozilla/5.0 (Macintosh; Intel Mac OS X 10_12_6) AppleWebKit/605.1.15 (KHTML	 like Gecko)" "-" "-"						
31.161.221.169 - - [22/Feb/2019:07:25:06.378 +0000] www.calvinklein.nl "GET /www.calvinklein.nl/swim-shop-heren-ck HTTP/1.1" 200 19529 "https://www.calvinklein.nl/swim-shop-heren-ck" "Mozilla/5.0 (Linux; Android 9; SAMSUNG SM-G960F Build/PPR1.180610.011) AppleWebKit/537.36 (KHTML	 like Gecko) SamsungBrowser/9.0 Chrome/67.0.3396.87 Mobile Safari/537.36" "-" "-"						
89.144.201.222 - - [22/Feb/2019:07:25:08.061 +0000] www.calvinklein.at "GET /www.calvinklein.at/herren-jeans HTTP/1.1" 200 31111 "-" "Mozilla/5.0 (iPhone; CPU iPhone OS 11_3 like Mac OS X) AppleWebKit/605.1.15 (KHTML	 like Gecko) Version/11.0 Mobile/15E148 Safari/604.1" "-" "-"						
188.166.54.154 - - [22/Feb/2019:07:25:19.958 +0000] www.calvinklein.nl "GET /www.calvinklein.nl/dames HTTP/1.1" 200 19116 "https://www.calvinklein.nl/" "Mozilla/5.0 (iPhone; CPU iPhone OS 12_1_2 like Mac OS X) AppleWebKit/605.1.15 (KHTML	 like Gecko) Version/12.0 Mobile/15E148 Safari/604.1" "-" "-"						
