212.112.155.212 - - [22/Feb/2019:08:12:34.102 +0000] www.calvinklein.dk "GET /www.calvinklein.dk/womens-swim-shop-ck HTTP/1.1" 200 18780 "https://www.calvinklein.dk/womens-swim-shop-ck" "Mozilla/5.0 (iPhone; CPU iPhone OS 12_1 like Mac OS X) AppleWebKit/605.1.15 (KHTML	 like Gecko) GSA/67.1.233829879 Mobile/15E148 Safari/605.1" "-" "-"						
212.112.155.212 - - [22/Feb/2019:08:12:40.846 +0000] www.calvinklein.dk "GET /www.calvinklein.dk/womens-bikinis-ck HTTP/1.1" 200 19609 "https://www.calvinklein.dk/womens-swim-shop-ck" "Mozilla/5.0 (iPhone; CPU iPhone OS 12_1 like Mac OS X) AppleWebKit/605.1.15 (KHTML	 like Gecko) GSA/67.1.233829879 Mobile/15E148 Safari/605.1" "-" "-"						
212.112.155.212 - - [22/Feb/2019:08:12:44.390 +0000] www.calvinklein.dk "GET /www.calvinklein.dk/womens-bikinis-ck HTTP/1.1" 200 18424 "https://www.calvinklein.dk/womens-bikinis-ck" "Mozilla/5.0 (iPhone; CPU iPhone OS 12_1 like Mac OS X) AppleWebKit/605.1.15 (KHTML	 like Gecko) GSA/67.1.233829879 Mobile/15E148 Safari/605.1" "-" "-"						
207.218.29.226 - - [22/Feb/2019:08:12:51.831 +0000] www.calvinklein.nl "GET /www.calvinklein.nl/nachtkleding-dames HTTP/1.1" 200 18210 "https://www.calvinklein.nl/?cmpid=ch:sea%7cdp:ecom%7cso:google%7ccg:br%7ccp:807953190%7cco:nl%7cla:nl%7cts:aud-301120197264:kwd-11661971%7cag:42856398638%7cmk:calvin%20klein%7ccr:%7bcreativeid%7d%7cmt:e%7csl:%7cap:1t1%7cma:c&&cmpid=ch:sea%7cdp:ecom%7cso:google%7ccg:br%7ccp:807953190%7cco:nl%7cla:nl%7cts:aud-301120197264:kwd-11661971%7cag:42856398638%7cmk:calvin%20klein%7ccr:%7bcreativeid%7d%7cmt:e%7csl:%7cap:1t1%7cma:c&gclid=EAIaIQobChMInuzbvfLO4AIVWojVCh28lgbrEAAYASAAEgI-kPD_BwE&gclsrc=aw.ds" "Mozilla/5.0 (Windows NT 10.0; Win64; x64) AppleWebKit/537.36 (KHTML	 like Gecko) Chrome/72.0.3626.119 Safari/537.36" "-" "-"						
196.4.17.1 - - [22/Feb/2019:08:13:09.673 +0000] www.calvinklein.co.uk "GET /www.calvinklein.co.uk/mens-boxers HTTP/1.1" 200 17354 "-" "Mozilla/5.0 (Windows NT 10.0; WOW64; Trident/7.0; rv:11.0) like Gecko" "-" "-"							
77.216.112.165 - - [22/Feb/2019:08:13:20.890 +0000] www.calvinklein.cz "GET /www.calvinklein.cz/women-sport-test HTTP/1.1" 301 97 "https://www.calvinklein.cz/zip-through-hoodie-j20j209559099" "Mozilla/5.0 (iPhone; CPU iPhone OS 12_1 like Mac OS X) AppleWebKit/605.1.15 (KHTML	 like Gecko) Version/12.0 Mobile/15E148 Safari/604.1" "-" "-"						
77.216.112.165 - - [22/Feb/2019:08:13:20.968 +0000] www.calvinklein.cz "GET /www.calvinklein.cz/performance-women HTTP/1.1" 200 19487 "https://www.calvinklein.cz/zip-through-hoodie-j20j209559099" "Mozilla/5.0 (iPhone; CPU iPhone OS 12_1 like Mac OS X) AppleWebKit/605.1.15 (KHTML	 like Gecko) Version/12.0 Mobile/15E148 Safari/604.1" "-" "-"						
77.216.112.165 - - [22/Feb/2019:08:13:22.913 +0000] www.calvinklein.cz "GET /www.calvinklein.cz/performance-women HTTP/1.1" 200 19286 "https://www.calvinklein.cz/performance-women" "Mozilla/5.0 (iPhone; CPU iPhone OS 12_1 like Mac OS X) AppleWebKit/605.1.15 (KHTML	 like Gecko) Version/12.0 Mobile/15E148 Safari/604.1" "-" "-"						
79.68.45.132 - - [22/Feb/2019:08:13:45.312 +0000] www.calvinklein.co.uk "GET /www.calvinklein.co.uk/sale-women?scrollPage=9 HTTP/1.1" 200 16011 "https://www.calvinklein.co.uk/sale-women?scrollPage=9" "Mozilla/5.0 (iPad; CPU OS 12_1 like Mac OS X) AppleWebKit/605.1.15 (KHTML	 like Gecko) CriOS/72.0.3626.74 Mobile/15E148 Safari/605.1" "-" "-"						
82.9.0.243 - - [22/Feb/2019:08:13:57.473 +0000] www.calvinklein.co.uk "GET /www.calvinklein.co.uk/women-underwear-plus-size HTTP/1.1" 200 16092 "https://www.google.co.uk/" "Mozilla/5.0 (iPhone; CPU iPhone OS 12_1_4 like Mac OS X) AppleWebKit/605.1.15 (KHTML	 like Gecko) Version/12.0 Mobile/15E148 Safari/604.1" "-" "-"						
82.9.0.243 - - [22/Feb/2019:08:13:58.641 +0000] www.calvinklein.co.uk "GET /www.calvinklein.co.uk/women-underwear-plus-size HTTP/1.1" 200 16087 "https://www.calvinklein.co.uk/women-underwear-plus-size" "Mozilla/5.0 (iPhone; CPU iPhone OS 12_1_4 like Mac OS X) AppleWebKit/605.1.15 (KHTML	 like Gecko) Version/12.0 Mobile/15E148 Safari/604.1" "-" "-"						
82.9.0.243 - - [22/Feb/2019:08:14:30.880 +0000] www.calvinklein.co.uk "GET /www.calvinklein.co.uk/women-underwear-plus-size HTTP/1.1" 200 16089 "https://www.google.co.uk/" "Mozilla/5.0 (iPhone; CPU iPhone OS 12_1_4 like Mac OS X) AppleWebKit/605.1.15 (KHTML	 like Gecko) Version/12.0 Mobile/15E148 Safari/604.1" "-" "-"						
82.9.0.243 - - [22/Feb/2019:08:14:31.249 +0000] www.calvinklein.co.uk "GET /www.calvinklein.co.uk/women-underwear-plus-size HTTP/1.1" 200 16087 "https://www.calvinklein.co.uk/women-underwear-plus-size" "Mozilla/5.0 (iPhone; CPU iPhone OS 12_1_4 like Mac OS X) AppleWebKit/605.1.15 (KHTML	 like Gecko) Version/12.0 Mobile/15E148 Safari/604.1" "-" "-"						
86.17.249.76 - - [22/Feb/2019:08:14:33.044 +0000] www.calvinklein.co.uk "GET /www.calvinklein.co.uk/women HTTP/1.1" 200 18256 "https://www.calvinklein.co.uk/?cmpid=ch%3Asocial_paid%7Cdp%3Amarketing%7Cso%3Ainstagram%7Ccp%3Ass19_cku%7Ccj%3Aattention%7Cco%3Agb%7Cts%3Acku_broad_female%7Cca%3A%7Ccr%3Astories%7Clb%3Av1.0%7Cag%3A%7Cpi%3A&utm_source=marketing_attention_instagram&utm_medium=social_paid&utm_campaign=ss19_cku&utm_term=attention_cku_broad_female__stories&utm_content=v1.0__" "Mozilla/5.0 (iPhone; CPU iPhone OS 11_2_6 like Mac OS X) AppleWebKit/604.5.6 (KHTML	 like Gecko) Mobile/15D100 Instagram 81.0.0.10.92 (iPhone8	1; iOS 11_2_6; en_GB; en-GB; scale=2.00; gamut=normal; 750x1334; 142340302)" "-" "-"					
86.17.249.76 - - [22/Feb/2019:08:14:33.647 +0000] www.calvinklein.co.uk "GET /www.calvinklein.co.uk/women HTTP/1.1" 200 18254 "https://www.calvinklein.co.uk/women" "Mozilla/5.0 (iPhone; CPU iPhone OS 11_2_6 like Mac OS X) AppleWebKit/604.5.6 (KHTML	 like Gecko) Mobile/15D100 Instagram 81.0.0.10.92 (iPhone8	1; iOS 11_2_6; en_GB; en-GB; scale=2.00; gamut=normal; 750x1334; 142340302)" "-" "-"					
77.216.112.165 - - [22/Feb/2019:08:14:38.902 +0000] www.calvinklein.cz "GET /www.calvinklein.cz/performance-women-hoodies-sweatshirts HTTP/1.1" 200 16411 "https://www.calvinklein.cz/performance-women" "Mozilla/5.0 (iPhone; CPU iPhone OS 12_1 like Mac OS X) AppleWebKit/605.1.15 (KHTML	 like Gecko) Version/12.0 Mobile/15E148 Safari/604.1" "-" "-"						
77.216.112.165 - - [22/Feb/2019:08:14:40.382 +0000] www.calvinklein.cz "GET /www.calvinklein.cz/performance-women-hoodies-sweatshirts HTTP/1.1" 200 16210 "https://www.calvinklein.cz/performance-women-hoodies-sweatshirts" "Mozilla/5.0 (iPhone; CPU iPhone OS 12_1 like Mac OS X) AppleWebKit/605.1.15 (KHTML	 like Gecko) Version/12.0 Mobile/15E148 Safari/604.1" "-" "-"						
82.132.246.240 - - [22/Feb/2019:08:14:41.545 +0000] www.calvinklein.co.uk "GET /www.calvinklein.co.uk/womens-t-shirts HTTP/1.1" 200 18902 "https://www.calvinklein.co.uk/womens-trainers" "Mozilla/5.0 (Linux; Android 8.0.0; SM-G955F) AppleWebKit/537.36 (KHTML	 like Gecko) Chrome/72.0.3626.105 Mobile Safari/537.36" "-" "-"						
82.132.246.240 - - [22/Feb/2019:08:14:42.739 +0000] www.calvinklein.co.uk "GET /www.calvinklein.co.uk/womens-t-shirts HTTP/1.1" 200 18903 "https://www.calvinklein.co.uk/womens-t-shirts" "Mozilla/5.0 (Linux; Android 8.0.0; SM-G955F) AppleWebKit/537.36 (KHTML	 like Gecko) Chrome/72.0.3626.105 Mobile Safari/537.36" "-" "-"						
82.132.241.76 - - [22/Feb/2019:08:14:43.234 +0000] www.calvinklein.co.uk "GET /www.calvinklein.co.uk/men HTTP/1.1" 200 17838 "https://www.calvinklein.co.uk/?cmpid=ch%3Asocial_paid%7Cdp%3Amarketing%7Cso%3Ainstagram%7Ccp%3Ass19_cku%7Ccj%3Aattention%7Cco%3Agb%7Cts%3Acku_broad_female%7Cca%3A%7Ccr%3Astories%7Clb%3Av1.0%7Cag%3A%7Cpi%3A&utm_source=marketing_attention_instagram&utm_medium=social_paid&utm_campaign=ss19_cku&utm_term=attention_cku_broad_female__stories&utm_content=v1.0__" "Mozilla/5.0 (Linux; Android 9; Pixel 3 Build/PQ2A.190205.001; wv) AppleWebKit/537.36 (KHTML	 like Gecko) Version/4.0 Chrome/72.0.3626.105 Mobile Safari/537.36 Instagram 81.0.0.15.91 Android (28/9; 440dpi; 1080x2028; Google/google; Pixel 3; blueline; blueline; en_GB; 142841909)" "-" "-"						
82.132.241.76 - - [22/Feb/2019:08:14:45.088 +0000] www.calvinklein.co.uk "GET /www.calvinklein.co.uk/men HTTP/1.1" 200 17837 "https://www.calvinklein.co.uk/men" "Mozilla/5.0 (Linux; Android 9; Pixel 3 Build/PQ2A.190205.001; wv) AppleWebKit/537.36 (KHTML	 like Gecko) Version/4.0 Chrome/72.0.3626.105 Mobile Safari/537.36 Instagram 81.0.0.15.91 Android (28/9; 440dpi; 1080x2028; Google/google; Pixel 3; blueline; blueline; en_GB; 142841909)" "-" "-"						
181.175.124.75 - - [22/Feb/2019:08:14:47.001 +0000] www.calvinklein.es "GET /www.calvinklein.es/mujeres-ropa-interior HTTP/1.1" 200 24636 "https://www.google.com/" "Mozilla/5.0 (Linux; Android 8.0.0; SM-A600GN) AppleWebKit/537.36 (KHTML	 like Gecko) Chrome/72.0.3626.105 Mobile Safari/537.36" "-" "-"						
82.132.217.65 - - [22/Feb/2019:08:14:50.757 +0000] www.calvinklein.co.uk "GET /www.calvinklein.co.uk/women?cmpid=ch:sea%7Cdp:ecom%7Cso:google%7Ccg:br%7Ccp:1324006495%7Cco:gb%7Cla:en%7Cts:kwd-298849322142%7Cag:54967018042%7Cmk:calvin%20klein%20woman%7Ccr:%7Bcreativeid%7D%7Cmt:e%7Csl:%7Cap:1t1%7Cma:m&&cmpid=ch:sea%7Cdp:ecom%7Cso:google%7Ccg:br%7Ccp:1324006495%7Cco:gb%7Cla:en%7Cts:kwd-298849322142%7Cag:54967018042%7Cmk:calvin%20klein%20woman%7Ccr:%7Bcreativeid%7D%7Cmt:e%7Csl:%7Cap:1t1%7Cma:m&gclid=EAIaIQobChMI4MjY9vLO4AIVxwrTCh0wpgVvEAAYASAAEgJs3vD_BwE&gclsrc=aw.ds HTTP/1.1" 200 18255 "https://www.google.co.uk/" "Mozilla/5.0 (iPhone; CPU iPhone OS 11_2_5 like Mac OS X) AppleWebKit/604.5.6 (KHTML	 like Gecko) Version/11.0 Mobile/15D60 Safari/604.1" "-" "-"						
185.59.51.15 - - [22/Feb/2019:08:14:51.811 +0000] www.calvinklein.es "GET /www.calvinklein.es/pantalones-deportivos-mujeres?utm_source=Newsletter&utm_medium=E-mail&utm_term=Omni_Newsletter_PanEuropean_es-ES_CKJ_ProductStory_eActive_&utm_campaign=SS19_20190221_Sweatpants_DG_&cmpid=ch:email%7Cdp:Omni%7Cso:Newsletter%7Ccg:PanEuropean%7Ccp:SS19_20190221_Sweatpants_DG_%7Cco:ES%7Cla:es%7Clb:CKJ%7Cca:ProductStory%7Cts:eActive%7Ccr:&CIN=CK4871587&sid=117976050 HTTP/1.1" 200 15772 "-" "Mozilla/5.0 (Windows NT 10.0; Win64; x64) AppleWebKit/537.36 (KHTML	 like Gecko) Chrome/72.0.3626.109 Safari/537.36" "-" "-"						
181.175.124.75 - - [22/Feb/2019:08:14:52.161 +0000] www.calvinklein.es "GET /www.calvinklein.es/mujeres-ropa-interior HTTP/1.1" 200 22814 "https://www.calvinklein.es/mujeres-ropa-interior" "Mozilla/5.0 (Linux; Android 8.0.0; SM-A600GN) AppleWebKit/537.36 (KHTML	 like Gecko) Chrome/72.0.3626.105 Mobile Safari/537.36" "-" "-"						
82.132.217.65 - - [22/Feb/2019:08:14:54.718 +0000] www.calvinklein.co.uk "GET /www.calvinklein.co.uk/women?cmpid=ch:sea%7Cdp:ecom%7Cso:google%7Ccg:br%7Ccp:1324006495%7Cco:gb%7Cla:en%7Cts:kwd-298849322142%7Cag:54967018042%7Cmk:calvin%20klein%20woman%7Ccr:%7Bcreativeid%7D%7Cmt:e%7Csl:%7Cap:1t1%7Cma:m&&cmpid=ch:sea%7Cdp:ecom%7Cso:google%7Ccg:br%7Ccp:1324006495%7Cco:gb%7Cla:en%7Cts:kwd-298849322142%7Cag:54967018042%7Cmk:calvin%20klein%20woman%7Ccr:%7Bcreativeid%7D%7Cmt:e%7Csl:%7Cap:1t1%7Cma:m&gclid=EAIaIQobChMI4MjY9vLO4AIVxwrTCh0wpgVvEAAYASAAEgJs3vD_BwE&gclsrc=aw.ds HTTP/1.1" 200 18254 "https://www.calvinklein.co.uk/women?cmpid=ch:sea%7Cdp:ecom%7Cso:google%7Ccg:br%7Ccp:1324006495%7Cco:gb%7Cla:en%7Cts:kwd-298849322142%7Cag:54967018042%7Cmk:calvin%20klein%20woman%7Ccr:%7Bcreativeid%7D%7Cmt:e%7Csl:%7Cap:1t1%7Cma:m&&cmpid=ch:sea%7Cdp:ecom%7Cso:google%7Ccg:br%7Ccp:1324006495%7Cco:gb%7Cla:en%7Cts:kwd-298849322142%7Cag:54967018042%7Cmk:calvin%20klein%20woman%7Ccr:%7Bcreativeid%7D%7Cmt:e%7Csl:%7Cap:1t1%7Cma:m&gclid=EAIaIQobChMI4MjY9vLO4AIVxwrTCh0wpgVvEAAYASAAEgJs3vD_BwE&gclsrc=aw.ds" "Mozilla/5.0 (iPhone; CPU iPhone OS 11_2_5 like Mac OS X) AppleWebKit/604.5.6 (KHTML	 like Gecko) Version/11.0 Mobile/15D60 Safari/604.1" "-" "-"						
86.17.249.76 - - [22/Feb/2019:08:14:55.478 +0000] www.calvinklein.co.uk "GET /www.calvinklein.co.uk/womens-bras HTTP/1.1" 200 19951 "https://www.calvinklein.co.uk/women" "Mozilla/5.0 (iPhone; CPU iPhone OS 11_2_6 like Mac OS X) AppleWebKit/604.5.6 (KHTML	 like Gecko) Mobile/15D100 Instagram 81.0.0.10.92 (iPhone8	1; iOS 11_2_6; en_GB; en-GB; scale=2.00; gamut=normal; 750x1334; 142340302)" "-" "-"					
86.17.249.76 - - [22/Feb/2019:08:14:56.160 +0000] www.calvinklein.co.uk "GET /www.calvinklein.co.uk/womens-bras HTTP/1.1" 200 19951 "https://www.calvinklein.co.uk/womens-bras" "Mozilla/5.0 (iPhone; CPU iPhone OS 11_2_6 like Mac OS X) AppleWebKit/604.5.6 (KHTML	 like Gecko) Mobile/15D100 Instagram 81.0.0.10.92 (iPhone8	1; iOS 11_2_6; en_GB; en-GB; scale=2.00; gamut=normal; 750x1334; 142340302)" "-" "-"					
77.216.112.165 - - [22/Feb/2019:08:14:59.601 +0000] www.calvinklein.cz "GET /www.calvinklein.cz/performance-womens-trousers HTTP/1.1" 200 16897 "https://www.calvinklein.cz/performance-women-hoodies-sweatshirts" "Mozilla/5.0 (iPhone; CPU iPhone OS 12_1 like Mac OS X) AppleWebKit/605.1.15 (KHTML	 like Gecko) Version/12.0 Mobile/15E148 Safari/604.1" "-" "-"						
82.132.241.76 - - [22/Feb/2019:08:15:00.356 +0000] www.calvinklein.co.uk "GET /www.calvinklein.co.uk/mycalvins-men HTTP/1.1" 200 18775 "https://www.calvinklein.co.uk/men" "Mozilla/5.0 (Linux; Android 9; Pixel 3 Build/PQ2A.190205.001; wv) AppleWebKit/537.36 (KHTML	 like Gecko) Version/4.0 Chrome/72.0.3626.105 Mobile Safari/537.36 Instagram 81.0.0.15.91 Android (28/9; 440dpi; 1080x2028; Google/google; Pixel 3; blueline; blueline; en_GB; 142841909)" "-" "-"						
82.132.241.76 - - [22/Feb/2019:08:15:00.829 +0000] www.calvinklein.co.uk "GET /www.calvinklein.co.uk/mycalvins-men HTTP/1.1" 200 18775 "https://www.calvinklein.co.uk/mycalvins-men" "Mozilla/5.0 (Linux; Android 9; Pixel 3 Build/PQ2A.190205.001; wv) AppleWebKit/537.36 (KHTML	 like Gecko) Version/4.0 Chrome/72.0.3626.105 Mobile Safari/537.36 Instagram 81.0.0.15.91 Android (28/9; 440dpi; 1080x2028; Google/google; Pixel 3; blueline; blueline; en_GB; 142841909)" "-" "-"						
77.216.112.165 - - [22/Feb/2019:08:15:01.034 +0000] www.calvinklein.cz "GET /www.calvinklein.cz/performance-womens-trousers HTTP/1.1" 200 16695 "https://www.calvinklein.cz/performance-womens-trousers" "Mozilla/5.0 (iPhone; CPU iPhone OS 12_1 like Mac OS X) AppleWebKit/605.1.15 (KHTML	 like Gecko) Version/12.0 Mobile/15E148 Safari/604.1" "-" "-"						
151.100.200.164 - - [22/Feb/2019:08:15:06.706 +0000] www.calvinklein.it "GET /www.calvinklein.it/maglietta-tshirt-uomo HTTP/1.1" 200 40591 "https://www.calvinklein.it/" "Mozilla/5.0 (Windows NT 6.1; Win64; x64) AppleWebKit/537.36 (KHTML	 like Gecko) Chrome/72.0.3626.109 Safari/537.36" "-" "-"						
79.60.17.47 - - [22/Feb/2019:08:15:17.214 +0000] www.calvinklein.it "GET /www.calvinklein.it/pantaloni-tuta-donna?utm_source=Newsletter&utm_medium=E-mail&utm_term=Omni_Newsletter_PanEuropean_it-IT_CKJ_ProductStory_eActive_&utm_campaign=SS19_20190221_Sweatpants_DG_&cmpid=ch:email%7Cdp:Omni%7Cso:Newsletter%7Ccg:PanEuropean%7Ccp:SS19_20190221_Sweatpants_DG_%7Cco:IT%7Cla:it%7Clb:CKJ%7Cca:ProductStory%7Cts:eActive%7Ccr:&CIN=CK3952814&sid=105421043 HTTP/1.1" 200 25186 "-" "Mozilla/5.0 (iPhone; CPU iPhone OS 12_1_4 like Mac OS X) AppleWebKit/605.1.15 (KHTML	 like Gecko) Version/12.0 Mobile/15E148 Safari/604.1" "-" "-"						
181.175.124.75 - - [22/Feb/2019:08:15:21.754 +0000] www.calvinklein.es "GET /www.calvinklein.es/mujeres-ropa-interior HTTP/1.1" 200 22813 "https://www.google.com/" "Mozilla/5.0 (Linux; Android 8.0.0; SM-A600GN) AppleWebKit/537.36 (KHTML	 like Gecko) Chrome/72.0.3626.105 Mobile Safari/537.36" "-" "-"						
77.216.112.165 - - [22/Feb/2019:08:15:23.764 +0000] www.calvinklein.cz "GET /www.calvinklein.cz/performance-women HTTP/1.1" 200 19285 "https://www.calvinklein.cz/performance-womens-trousers" "Mozilla/5.0 (iPhone; CPU iPhone OS 12_1 like Mac OS X) AppleWebKit/605.1.15 (KHTML	 like Gecko) Version/12.0 Mobile/15E148 Safari/604.1" "-" "-"						
181.175.124.75 - - [22/Feb/2019:08:15:23.149 +0000] www.calvinklein.es "GET /www.calvinklein.es/mujeres-ropa-interior HTTP/1.1" 200 22812 "https://www.calvinklein.es/mujeres-ropa-interior" "Mozilla/5.0 (Linux; Android 8.0.0; SM-A600GN) AppleWebKit/537.36 (KHTML	 like Gecko) Chrome/72.0.3626.105 Mobile Safari/537.36" "-" "-"						
77.216.112.165 - - [22/Feb/2019:08:15:24.164 +0000] www.calvinklein.cz "GET /www.calvinklein.cz/performance-women HTTP/1.1" 200 19283 "https://www.calvinklein.cz/performance-women" "Mozilla/5.0 (iPhone; CPU iPhone OS 12_1 like Mac OS X) AppleWebKit/605.1.15 (KHTML	 like Gecko) Version/12.0 Mobile/15E148 Safari/604.1" "-" "-"						
79.60.17.47 - - [22/Feb/2019:08:15:45.688 +0000] www.calvinklein.it "GET /www.calvinklein.it/pantaloni-tuta-donna?utm_source=Newsletter&utm_medium=E-mail&utm_term=Omni_Newsletter_PanEuropean_it-IT_CKJ_ProductStory_eActive_&utm_campaign=SS19_20190221_Sweatpants_DG_&cmpid=ch:email%7cdp:Omni%7cso:Newsletter%7ccg:PanEuropean%7ccp:SS19_20190221_Sweatpants_DG_%7cco:IT%7cla:it%7clb:CKJ%7cca:ProductStory%7cts:eActive%7ccr:&CIN=CK3952814&sid=105421043 HTTP/1.1" 200 25189 "-" "Mozilla/5.0 (iPhone; CPU iPhone OS 12_1_4 like Mac OS X) AppleWebKit/605.1.15 (KHTML	 like Gecko) Version/12.0 Mobile/15E148 Safari/604.1" "-" "-"						
77.216.112.165 - - [22/Feb/2019:08:16:22.056 +0000] www.calvinklein.cz "GET /www.calvinklein.cz/performance-women HTTP/1.1" 200 19284 "https://www.calvinklein.cz/performance-womens-trousers" "Mozilla/5.0 (iPhone; CPU iPhone OS 12_1 like Mac OS X) AppleWebKit/605.1.15 (KHTML	 like Gecko) Version/12.0 Mobile/15E148 Safari/604.1" "-" "-"						
77.216.112.165 - - [22/Feb/2019:08:16:22.501 +0000] www.calvinklein.cz "GET /www.calvinklein.cz/performance-women HTTP/1.1" 200 19285 "https://www.calvinklein.cz/performance-women" "Mozilla/5.0 (iPhone; CPU iPhone OS 12_1 like Mac OS X) AppleWebKit/605.1.15 (KHTML	 like Gecko) Version/12.0 Mobile/15E148 Safari/604.1" "-" "-"						
193.43.189.2 - - [22/Feb/2019:08:16:22.867 +0000] www.calvinklein.it "GET /www.calvinklein.it/uomo-saldi?scrollPage=2 HTTP/1.1" 200 45583 "https://www.calvinklein.it/saldi" "Mozilla/5.0 (Windows NT 6.1; Win64; x64) AppleWebKit/537.36 (KHTML	 like Gecko) Chrome/72.0.3626.109 Safari/537.36" "-" "-"						
79.60.17.47 - - [22/Feb/2019:08:16:23.763 +0000] www.calvinklein.it "GET /www.calvinklein.it/pantaloni-tuta-donna?utm_source=Newsletter&utm_medium=E-mail&utm_term=Omni_Newsletter_PanEuropean_it-IT_CKJ_ProductStory_eActive_&utm_campaign=SS19_20190221_Sweatpants_DG_&cmpid=ch:email%7cdp:Omni%7cso:Newsletter%7ccg:PanEuropean%7ccp:SS19_20190221_Sweatpants_DG_%7cco:IT%7cla:it%7clb:CKJ%7cca:ProductStory%7cts:eActive%7ccr:&CIN=CK3952814&sid=105421043 HTTP/1.1" 200 25186 "-" "Mozilla/5.0 (iPhone; CPU iPhone OS 12_1_4 like Mac OS X) AppleWebKit/605.1.15 (KHTML	 like Gecko) Version/12.0 Mobile/15E148 Safari/604.1" "-" "-"						
181.175.124.75 - - [22/Feb/2019:08:16:27.019 +0000] www.calvinklein.es "GET /www.calvinklein.es/ropa-interior HTTP/1.1" 200 15977 "https://www.google.com/" "Mozilla/5.0 (Linux; Android 8.0.0; SM-A600GN) AppleWebKit/537.36 (KHTML	 like Gecko) Chrome/72.0.3626.105 Mobile Safari/537.36" "-" "-"						
151.73.33.118 - - [22/Feb/2019:08:16:27.212 +0000] www.calvinklein.it "GET /www.calvinklein.it/abbigliamento-moda-donna HTTP/1.1" 200 35110 "https://www.calvinklein.it/?cmpid=ch:sea|dp:ecom|so:google|cg:br|cp:810328552|co:it|la:it|ts:aud-301703534526:kwd-11661971|ag:41392932429|mk:calvin%20klein|cr:{creativeid}|mt:e|sl:|ap:1t1|ma:m&gclsrc=aw.ds&&cmpid=ch:sea|dp:ecom|so:google|cg:br|cp:810328552|co:it|la:it|ts:aud-301703534526:kwd-11661971|ag:41392932429|mk:calvin%20klein|cr:{creativeid}|mt:e|sl:|ap:1t1|ma:m&gclid=EAIaIQobChMI3orv8-TN4AIVYbXtCh0_FArmEAAYASAAEgJql_D_BwE" "Mozilla/5.0 (iPhone; CPU iPhone OS 12_1_4 like Mac OS X) AppleWebKit/605.1.15 (KHTML	 like Gecko) Version/12.0 Mobile/15E148 Safari/604.1" "-" "-"						
77.216.112.165 - - [22/Feb/2019:08:16:36.972 +0000] www.calvinklein.cz "GET /www.calvinklein.cz/performance-women HTTP/1.1" 200 19284 "https://www.calvinklein.cz/performance-womens-trousers" "Mozilla/5.0 (iPhone; CPU iPhone OS 12_1 like Mac OS X) AppleWebKit/605.1.15 (KHTML	 like Gecko) Version/12.0 Mobile/15E148 Safari/604.1" "-" "-"						
77.216.112.165 - - [22/Feb/2019:08:16:37.436 +0000] www.calvinklein.cz "GET /www.calvinklein.cz/performance-women HTTP/1.1" 200 19286 "https://www.calvinklein.cz/performance-women" "Mozilla/5.0 (iPhone; CPU iPhone OS 12_1 like Mac OS X) AppleWebKit/605.1.15 (KHTML	 like Gecko) Version/12.0 Mobile/15E148 Safari/604.1" "-" "-"						
79.60.17.47 - - [22/Feb/2019:08:16:58.674 +0000] www.calvinklein.it "GET /www.calvinklein.it/pantaloni-tuta-donna?utm_source=Newsletter&utm_medium=E-mail&utm_term=Omni_Newsletter_PanEuropean_it-IT_CKJ_ProductStory_eActive_&utm_campaign=SS19_20190221_Sweatpants_DG_&cmpid=ch:email%7cdp:Omni%7cso:Newsletter%7ccg:PanEuropean%7ccp:SS19_20190221_Sweatpants_DG_%7cco:IT%7cla:it%7clb:CKJ%7cca:ProductStory%7cts:eActive%7ccr:&CIN=CK3952814&sid=105421043 HTTP/1.1" 200 25187 "-" "Mozilla/5.0 (iPhone; CPU iPhone OS 12_1_4 like Mac OS X) AppleWebKit/605.1.15 (KHTML	 like Gecko) Version/12.0 Mobile/15E148 Safari/604.1" "-" "-"						
5.77.71.101 - - [22/Feb/2019:08:17:00.564 +0000] www.calvinklein.it "GET /www.calvinklein.it/abbigliamento-formale-uomo HTTP/1.1" 200 28929 "https://www.calvinklein.it/abbigliamento-uomo-d70-it" "Mozilla/5.0 (iPhone; CPU iPhone OS 12_1_4 like Mac OS X) AppleWebKit/605.1.15 (KHTML	 like Gecko) Version/12.0 Mobile/15E148 Safari/604.1" "-" "-"						
193.43.189.2 - - [22/Feb/2019:08:17:09.910 +0000] www.calvinklein.it "GET /www.calvinklein.it/uomo-saldi?scrollPage=2 HTTP/1.1" 200 45584 "https://www.calvinklein.it/saldi" "Mozilla/5.0 (Windows NT 6.1; Win64; x64) AppleWebKit/537.36 (KHTML	 like Gecko) Chrome/72.0.3626.109 Safari/537.36" "-" "-"						
104.129.196.84 - - [22/Feb/2019:08:17:52.521 +0000] www.calvinklein.ru "GET /www.calvinklein.ru/%D0%BC%D1%83%D0%B6%D1%87%D0%B8%D0%BD%D1%8B HTTP/1.1" 200 19481 "https://www.calvinklein.ru/" "Mozilla/5.0 (Windows NT 6.1; WOW64; Trident/7.0; rv:11.0) like Gecko" "-" "-"							
77.216.112.165 - - [22/Feb/2019:08:18:00.238 +0000] www.calvinklein.cz "GET /www.calvinklein.cz/women HTTP/1.1" 200 18515 "https://www.calvinklein.cz/performance-women" "Mozilla/5.0 (iPhone; CPU iPhone OS 12_1 like Mac OS X) AppleWebKit/605.1.15 (KHTML	 like Gecko) Version/12.0 Mobile/15E148 Safari/604.1" "-" "-"						
77.216.112.165 - - [22/Feb/2019:08:18:01.602 +0000] www.calvinklein.cz "GET /www.calvinklein.cz/women HTTP/1.1" 200 18313 "https://www.calvinklein.cz/women" "Mozilla/5.0 (iPhone; CPU iPhone OS 12_1 like Mac OS X) AppleWebKit/605.1.15 (KHTML	 like Gecko) Version/12.0 Mobile/15E148 Safari/604.1" "-" "-"						
104.129.196.84 - - [22/Feb/2019:08:18:03.502 +0000] www.calvinklein.ru "GET /www.calvinklein.ru/%D0%BC%D1%83%D0%B6%D1%81%D0%BA%D0%B0%D1%8F-%D0%BE%D0%B4%D0%B5%D0%B6%D0%B4%D0%B0-d70-ru HTTP/1.1" 200 24331 "https://www.calvinklein.ru/mycalvins-%D0%BC%D1%83%D0%B6%D1%87%D0%B8%D0%BD%D1%8B" "Mozilla/5.0 (Windows NT 6.1; WOW64; Trident/7.0; rv:11.0) like Gecko" "-" "-"							
104.129.196.84 - - [22/Feb/2019:08:18:04.752 +0000] www.calvinklein.ru "GET /www.calvinklein.ru/%D0%BC%D1%83%D0%B6%D1%81%D0%BA%D0%B8%D0%B5-%D0%B4%D0%B6%D0%B8%D0%BD%D1%81%D1%8B HTTP/1.1" 200 22425 "https://www.calvinklein.ru/mycalvins-%D0%BC%D1%83%D0%B6%D1%87%D0%B8%D0%BD%D1%8B" "Mozilla/5.0 (Windows NT 6.1; WOW64; Trident/7.0; rv:11.0) like Gecko" "-" "-"							
77.216.112.165 - - [22/Feb/2019:08:18:16.713 +0000] www.calvinklein.cz "GET /www.calvinklein.cz/womens-outerwear HTTP/1.1" 200 18204 "https://www.calvinklein.cz/women" "Mozilla/5.0 (iPhone; CPU iPhone OS 12_1 like Mac OS X) AppleWebKit/605.1.15 (KHTML	 like Gecko) Version/12.0 Mobile/15E148 Safari/604.1" "-" "-"						
77.216.112.165 - - [22/Feb/2019:08:18:18.032 +0000] www.calvinklein.cz "GET /www.calvinklein.cz/womens-outerwear HTTP/1.1" 200 18002 "https://www.calvinklein.cz/womens-outerwear" "Mozilla/5.0 (iPhone; CPU iPhone OS 12_1 like Mac OS X) AppleWebKit/605.1.15 (KHTML	 like Gecko) Version/12.0 Mobile/15E148 Safari/604.1" "-" "-"						
77.216.112.165 - - [22/Feb/2019:08:18:41.529 +0000] www.calvinklein.cz "GET /www.calvinklein.cz/women HTTP/1.1" 200 18313 "https://www.calvinklein.cz/performance-women" "Mozilla/5.0 (iPhone; CPU iPhone OS 12_1 like Mac OS X) AppleWebKit/605.1.15 (KHTML	 like Gecko) Version/12.0 Mobile/15E148 Safari/604.1" "-" "-"						
77.216.112.165 - - [22/Feb/2019:08:18:41.869 +0000] www.calvinklein.cz "GET /www.calvinklein.cz/women HTTP/1.1" 200 18314 "https://www.calvinklein.cz/women" "Mozilla/5.0 (iPhone; CPU iPhone OS 12_1 like Mac OS X) AppleWebKit/605.1.15 (KHTML	 like Gecko) Version/12.0 Mobile/15E148 Safari/604.1" "-" "-"						
77.216.112.165 - - [22/Feb/2019:08:18:59.126 +0000] www.calvinklein.cz "GET /www.calvinklein.cz/performance-women HTTP/1.1" 200 19286 "https://www.calvinklein.cz/zip-through-hoodie-j20j209559099" "Mozilla/5.0 (iPhone; CPU iPhone OS 12_1 like Mac OS X) AppleWebKit/605.1.15 (KHTML	 like Gecko) Version/12.0 Mobile/15E148 Safari/604.1" "-" "-"						
77.216.112.165 - - [22/Feb/2019:08:18:59.719 +0000] www.calvinklein.cz "GET /www.calvinklein.cz/performance-women HTTP/1.1" 200 19285 "https://www.calvinklein.cz/performance-women" "Mozilla/5.0 (iPhone; CPU iPhone OS 12_1 like Mac OS X) AppleWebKit/605.1.15 (KHTML	 like Gecko) Version/12.0 Mobile/15E148 Safari/604.1" "-" "-"						
104.129.196.84 - - [22/Feb/2019:08:19:19.277 +0000] www.calvinklein.ru "GET /www.calvinklein.ru/%D0%BF%D1%80%D1%8F%D0%BC%D1%8B%D0%B5-%D0%BC%D1%83%D0%B6%D1%81%D0%BA%D0%B8%D0%B5-%D0%B4%D0%B6%D0%B8%D0%BD%D1%81%D1%8B HTTP/1.1" 200 19174 "https://www.calvinklein.ru/%D0%BC%D1%83%D0%B6%D1%81%D0%BA%D0%B8%D0%B5-%D0%B4%D0%B6%D0%B8%D0%BD%D1%81%D1%8B" "Mozilla/5.0 (Windows NT 6.1; WOW64; Trident/7.0; rv:11.0) like Gecko" "-" "-"							
104.129.196.84 - - [22/Feb/2019:08:20:05.261 +0000] www.calvinklein.ru "GET /www.calvinklein.ru/%D0%BF%D1%80%D1%8F%D0%BC%D1%8B%D0%B5-%D0%BC%D1%83%D0%B6%D1%81%D0%BA%D0%B8%D0%B5-%D0%B4%D0%B6%D0%B8%D0%BD%D1%81%D1%8B HTTP/1.1" 200 19172 "-" "Mozilla/5.0 (Windows NT 6.1; WOW64; Trident/7.0; rv:11.0) like Gecko" "-" "-"							
104.129.196.84 - - [22/Feb/2019:08:20:21.626 +0000] www.calvinklein.ru "GET /www.calvinklein.ru/%D0%BC%D1%83%D0%B6%D1%81%D0%BA%D0%B8%D0%B5-%D0%B4%D0%B6%D0%B8%D0%BD%D1%81%D1%8B HTTP/1.1" 200 22421 "-" "Mozilla/5.0 (Windows NT 6.1; WOW64; Trident/7.0; rv:11.0) like Gecko" "-" "-"							
77.216.112.165 - - [22/Feb/2019:08:20:45.267 +0000] www.calvinklein.hr "GET /www.calvinklein.hr/womens-joggers?utm_source=Newsletter&utm_medium=E-mail&utm_term=Omni_Newsletter_PanEuropean_en-HR_CKJ_ProductStory_eActive_&utm_campaign=SS19_20190221_Sweatpants_DG_&cmpid=ch:email%7Cdp:Omni%7Cso:Newsletter%7Ccg:PanEuropean%7Ccp:SS19_20190221_Sweatpants_DG_%7Cco:HR%7Cla:en%7Clb:CKJ%7Cca:ProductStory%7Cts:eActive%7Ccr:&CIN=CK1435647&sid=70024559 HTTP/1.1" 200 16071 "-" "Mozilla/5.0 (iPhone; CPU iPhone OS 12_1 like Mac OS X) AppleWebKit/605.1.15 (KHTML	 like Gecko) Version/12.0 Mobile/15E148 Safari/604.1" "-" "-"						
77.216.112.165 - - [22/Feb/2019:08:20:48.337 +0000] www.calvinklein.hr "GET /www.calvinklein.hr/womens-joggers?utm_source=Newsletter&utm_medium=E-mail&utm_term=Omni_Newsletter_PanEuropean_en-HR_CKJ_ProductStory_eActive_&utm_campaign=SS19_20190221_Sweatpants_DG_&cmpid=ch:email%7Cdp:Omni%7Cso:Newsletter%7Ccg:PanEuropean%7Ccp:SS19_20190221_Sweatpants_DG_%7Cco:HR%7Cla:en%7Clb:CKJ%7Cca:ProductStory%7Cts:eActive%7Ccr:&CIN=CK1435647&sid=70024559 HTTP/1.1" 200 14851 "https://www.calvinklein.hr/womens-joggers" "Mozilla/5.0 (iPhone; CPU iPhone OS 12_1 like Mac OS X) AppleWebKit/605.1.15 (KHTML	 like Gecko) Version/12.0 Mobile/15E148 Safari/604.1" "-" "-"						
92.65.122.67 - - [22/Feb/2019:08:21:28.875 +0000] www.calvinklein.nl "GET /www.calvinklein.nl/heren HTTP/1.1" 200 18757 "https://www.calvinklein.nl/" "Mozilla/5.0 (iPhone; CPU iPhone OS 10_3_1 like Mac OS X) AppleWebKit/603.1.30 (KHTML	 like Gecko) Version/10.0 Mobile/14E304 Safari/602.1" "-" "-"						
92.65.122.67 - - [22/Feb/2019:08:21:29.712 +0000] www.calvinklein.nl "GET /www.calvinklein.nl/heren HTTP/1.1" 200 18755 "https://www.calvinklein.nl/heren" "Mozilla/5.0 (iPhone; CPU iPhone OS 10_3_1 like Mac OS X) AppleWebKit/603.1.30 (KHTML	 like Gecko) Version/10.0 Mobile/14E304 Safari/602.1" "-" "-"						
148.160.250.14 - - [22/Feb/2019:08:22:38.093 +0000] www.calvinklein.se "GET /www.calvinklein.se/mens-wallets HTTP/1.1" 200 18128 "https://www.calvinklein.se/mens-clothing-d70-scan" "Mozilla/5.0 (iPad; CPU OS 12_1_4 like Mac OS X) AppleWebKit/605.1.15 (KHTML	 like Gecko) Version/12.0 Mobile/15E148 Safari/604.1" "-" "-"						
148.160.250.14 - - [22/Feb/2019:08:22:39.621 +0000] www.calvinklein.se "GET /www.calvinklein.se/mens-wallets HTTP/1.1" 200 16944 "https://www.calvinklein.se/mens-wallets" "Mozilla/5.0 (iPad; CPU OS 12_1_4 like Mac OS X) AppleWebKit/605.1.15 (KHTML	 like Gecko) Version/12.0 Mobile/15E148 Safari/604.1" "-" "-"						
181.206.54.222 - - [22/Feb/2019:08:22:52.690 +0000] www.calvinklein.es "GET /www.calvinklein.es/rebajas-mujer HTTP/1.1" 200 23120 "https://www.google.com/" "Mozilla/5.0 (Windows NT 10.0; Win64; x64) AppleWebKit/537.36 (KHTML	 like Gecko) Chrome/72.0.3626.109 Safari/537.36" "-" "-"						
148.160.250.14 - - [22/Feb/2019:08:23:04.389 +0000] www.calvinklein.se "GET /www.calvinklein.se/mens-watches-jewellery HTTP/1.1" 200 18699 "https://www.calvinklein.se/mens-wallets" "Mozilla/5.0 (iPad; CPU OS 12_1_4 like Mac OS X) AppleWebKit/605.1.15 (KHTML	 like Gecko) Version/12.0 Mobile/15E148 Safari/604.1" "-" "-"						
148.160.250.14 - - [22/Feb/2019:08:23:06.066 +0000] www.calvinklein.se "GET /www.calvinklein.se/mens-watches-jewellery HTTP/1.1" 200 17518 "https://www.calvinklein.se/mens-watches-jewellery" "Mozilla/5.0 (iPad; CPU OS 12_1_4 like Mac OS X) AppleWebKit/605.1.15 (KHTML	 like Gecko) Version/12.0 Mobile/15E148 Safari/604.1" "-" "-"						
181.206.54.222 - - [22/Feb/2019:08:23:12.412 +0000] www.calvinklein.es "GET /www.calvinklein.es/hombres HTTP/1.1" 200 16276 "https://www.calvinklein.es/rebajas-mujer" "Mozilla/5.0 (Windows NT 10.0; Win64; x64) AppleWebKit/537.36 (KHTML	 like Gecko) Chrome/72.0.3626.109 Safari/537.36" "-" "-"						
181.206.54.222 - - [22/Feb/2019:08:23:13.420 +0000] www.calvinklein.es "GET /www.calvinklein.es/hombres HTTP/1.1" 200 16274 "https://www.calvinklein.es/hombres" "Mozilla/5.0 (Windows NT 10.0; Win64; x64) AppleWebKit/537.36 (KHTML	 like Gecko) Chrome/72.0.3626.109 Safari/537.36" "-" "-"						
181.206.54.222 - - [22/Feb/2019:08:23:13.936 +0000] www.calvinklein.es "GET /www.calvinklein.es/mujeres HTTP/1.1" 200 16515 "https://www.calvinklein.es/hombres" "Mozilla/5.0 (Windows NT 10.0; Win64; x64) AppleWebKit/537.36 (KHTML	 like Gecko) Chrome/72.0.3626.109 Safari/537.36" "-" "-"						
181.206.54.222 - - [22/Feb/2019:08:23:16.575 +0000] www.calvinklein.es "GET /www.calvinklein.es/mujeres HTTP/1.1" 200 16311 "https://www.calvinklein.es/mujeres" "Mozilla/5.0 (Windows NT 10.0; Win64; x64) AppleWebKit/537.36 (KHTML	 like Gecko) Chrome/72.0.3626.109 Safari/537.36" "-" "-"						
77.216.112.165 - - [22/Feb/2019:08:23:24.859 +0000] www.calvinklein.hr "GET /www.calvinklein.hr/womens-joggers?utm_source=Newsletter&utm_medium=E-mail&utm_term=Omni_Newsletter_PanEuropean_en-HR_CKJ_ProductStory_eActive_&utm_campaign=SS19_20190221_Sweatpants_DG_&cmpid=ch:email%7Cdp:Omni%7Cso:Newsletter%7Ccg:PanEuropean%7Ccp:SS19_20190221_Sweatpants_DG_%7Cco:HR%7Cla:en%7Clb:CKJ%7Cca:ProductStory%7Cts:eActive%7Ccr:&CIN=CK1435647&sid=70024559 HTTP/1.1" 200 14851 "-" "Mozilla/5.0 (iPhone; CPU iPhone OS 12_1 like Mac OS X) AppleWebKit/605.1.15 (KHTML	 like Gecko) Version/12.0 Mobile/15E148 Safari/604.1" "-" "-"						
77.216.112.165 - - [22/Feb/2019:08:23:25.578 +0000] www.calvinklein.hr "GET /www.calvinklein.hr/womens-joggers?utm_source=Newsletter&utm_medium=E-mail&utm_term=Omni_Newsletter_PanEuropean_en-HR_CKJ_ProductStory_eActive_&utm_campaign=SS19_20190221_Sweatpants_DG_&cmpid=ch:email%7Cdp:Omni%7Cso:Newsletter%7Ccg:PanEuropean%7Ccp:SS19_20190221_Sweatpants_DG_%7Cco:HR%7Cla:en%7Clb:CKJ%7Cca:ProductStory%7Cts:eActive%7Ccr:&CIN=CK1435647&sid=70024559 HTTP/1.1" 200 14852 "https://www.calvinklein.hr/womens-joggers" "Mozilla/5.0 (iPhone; CPU iPhone OS 12_1 like Mac OS X) AppleWebKit/605.1.15 (KHTML	 like Gecko) Version/12.0 Mobile/15E148 Safari/604.1" "-" "-"						
117.228.114.85 - - [22/Feb/2019:08:23:25.485 +0000] www.calvinklein.co.uk "GET /www.calvinklein.co.uk/womens-push-up-bras HTTP/1.1" 200 19068 "https://www.google.com/" "Mozilla/5.0 (Linux; Android 5.1; itel it1508) AppleWebKit/537.36 (KHTML	 like Gecko) Chrome/72.0.3626.105 Mobile Safari/537.36" "-" "-"						
106.120.173.105 - - [22/Feb/2019:08:23:32.621 +0000] www.calvinklein.co.uk "GET /www.calvinklein.co.uk/womens-sunglasses HTTP/1.1" 301 189 "-" "Sogou web spider/4.0(+http://www.sogou.com/docs/help/webmasters.htm#07)" "-" "-"							
117.228.114.85 - - [22/Feb/2019:08:23:36.484 +0000] www.calvinklein.co.uk "GET /www.calvinklein.co.uk/womens-push-up-bras HTTP/1.1" 200 17255 "https://www.calvinklein.co.uk/womens-push-up-bras" "Mozilla/5.0 (Linux; Android 5.1; itel it1508) AppleWebKit/537.36 (KHTML	 like Gecko) Chrome/72.0.3626.105 Mobile Safari/537.36" "-" "-"						
117.228.114.85 - - [22/Feb/2019:08:23:49.265 +0000] www.calvinklein.co.uk "GET /www.calvinklein.co.uk/womens-push-up-bras HTTP/1.1" 200 17257 "https://www.google.com/" "Mozilla/5.0 (Linux; Android 5.1; itel it1508) AppleWebKit/537.36 (KHTML	 like Gecko) Chrome/72.0.3626.105 Mobile Safari/537.36" "-" "-"						
117.228.114.85 - - [22/Feb/2019:08:23:52.981 +0000] www.calvinklein.co.uk "GET /www.calvinklein.co.uk/womens-push-up-bras HTTP/1.1" 200 17255 "https://www.calvinklein.co.uk/womens-push-up-bras" "Mozilla/5.0 (Linux; Android 5.1; itel it1508) AppleWebKit/537.36 (KHTML	 like Gecko) Chrome/72.0.3626.105 Mobile Safari/537.36" "-" "-"						
181.206.54.222 - - [22/Feb/2019:08:23:54.005 +0000] www.calvinklein.es "GET /www.calvinklein.es/mujeres HTTP/1.1" 200 16313 "https://www.calvinklein.es/mujeres" "Mozilla/5.0 (Windows NT 10.0; Win64; x64) AppleWebKit/537.36 (KHTML	 like Gecko) Chrome/72.0.3626.109 Safari/537.36" "-" "-"						
181.206.54.222 - - [22/Feb/2019:08:23:54.949 +0000] www.calvinklein.es "GET /www.calvinklein.es/mujeres HTTP/1.1" 200 16312 "https://www.calvinklein.es/mujeres" "Mozilla/5.0 (Windows NT 10.0; Win64; x64) AppleWebKit/537.36 (KHTML	 like Gecko) Chrome/72.0.3626.109 Safari/537.36" "-" "-"						
77.216.112.165 - - [22/Feb/2019:08:24:04.046 +0000] www.calvinklein.hr "GET /www.calvinklein.hr/womens-sweatshirts HTTP/1.1" 200 19162 "https://www.calvinklein.hr/cotton-terry-joggers-j20j209556099" "Mozilla/5.0 (iPhone; CPU iPhone OS 12_1 like Mac OS X) AppleWebKit/605.1.15 (KHTML	 like Gecko) Version/12.0 Mobile/15E148 Safari/604.1" "-" "-"						
77.216.112.165 - - [22/Feb/2019:08:24:05.391 +0000] www.calvinklein.hr "GET /www.calvinklein.hr/womens-sweatshirts HTTP/1.1" 200 18959 "https://www.calvinklein.hr/womens-sweatshirts" "Mozilla/5.0 (iPhone; CPU iPhone OS 12_1 like Mac OS X) AppleWebKit/605.1.15 (KHTML	 like Gecko) Version/12.0 Mobile/15E148 Safari/604.1" "-" "-"						
92.65.122.67 - - [22/Feb/2019:08:24:32.455 +0000] www.calvinklein.nl "GET /www.calvinklein.nl/heren HTTP/1.1" 200 18755 "https://www.calvinklein.nl/" "Mozilla/5.0 (iPhone; CPU iPhone OS 10_3_1 like Mac OS X) AppleWebKit/603.1.30 (KHTML	 like Gecko) Version/10.0 Mobile/14E304 Safari/602.1" "-" "-"						
92.65.122.67 - - [22/Feb/2019:08:24:32.874 +0000] www.calvinklein.nl "GET /www.calvinklein.nl/heren HTTP/1.1" 200 18755 "https://www.calvinklein.nl/heren" "Mozilla/5.0 (iPhone; CPU iPhone OS 10_3_1 like Mac OS X) AppleWebKit/603.1.30 (KHTML	 like Gecko) Version/10.0 Mobile/14E304 Safari/602.1" "-" "-"						
46.134.52.42 - - [22/Feb/2019:08:25:02.686 +0000] www.calvinklein.pl "GET /www.calvinklein.pl/men HTTP/1.1" 200 15415 "https://www.calvinklein.pl/" "Mozilla/5.0 (Windows NT 6.1; Win64; x64) AppleWebKit/537.36 (KHTML	 like Gecko) Chrome/72.0.3626.109 Safari/537.36" "-" "-"						
46.134.52.42 - - [22/Feb/2019:08:25:03.453 +0000] www.calvinklein.pl "GET /www.calvinklein.pl/men HTTP/1.1" 200 15415 "https://www.calvinklein.pl/men" "Mozilla/5.0 (Windows NT 6.1; Win64; x64) AppleWebKit/537.36 (KHTML	 like Gecko) Chrome/72.0.3626.109 Safari/537.36" "-" "-"						
5.56.146.200 - - [22/Feb/2019:08:25:21.944 +0000] www.calvinklein.dk "GET /www.calvinklein.dk/womens-sweatshirts HTTP/1.1" 200 18462 "https://www.calvinklein.dk/search?searchTerm=hoodie" "Mozilla/5.0 (Macintosh; Intel Mac OS X 10_13_4) AppleWebKit/605.1.15 (KHTML	 like Gecko) Version/11.1 Safari/605.1.15" "-" "-"						
46.134.52.42 - - [22/Feb/2019:08:25:21.333 +0000] www.calvinklein.pl "GET /www.calvinklein.pl/mens-t-shirts HTTP/1.1" 200 18687 "https://www.calvinklein.pl/mens-clothing-d70-de" "Mozilla/5.0 (Windows NT 6.1; Win64; x64) AppleWebKit/537.36 (KHTML	 like Gecko) Chrome/72.0.3626.109 Safari/537.36" "-" "-"						
151.38.112.218 - - [22/Feb/2019:08:25:34.734 +0000] www.calvinklein.it "GET /www.calvinklein.it/mycalvins-donna HTTP/1.1" 200 31438 "https://www.calvinklein.it/?cmpid=ch:sea|dp:ecom|so:google|cg:br|cp:810328684|co:it|la:it|ts:aud-301703534766:kwd-329431087911|ag:46439585231|mk:calvin%20klein%20sito%20ufficiale|cr:{creativeid}|mt:e|sl:|ap:1t1|ma:m&gclsrc=aw.ds&&cmpid=ch:sea|dp:ecom|so:google|cg:br|cp:810328684|co:it|la:it|ts:aud-301703534766:kwd-329431087911|ag:46439585231|mk:calvin%20klein%20sito%20ufficiale|cr:{creativeid}|mt:e|sl:|ap:1t1|ma:m&gclid=Cj0KCQiA2L7jBRCBARIsAPeAsaOisoyn0rp4IgxP-o6k-V4HTCwfm9aSHPt2JBvvahVg_EBxEmCJu_0aAv4YEALw_wcB" "Mozilla/5.0 (Linux; Android 8.0.0; SM-A320FL Build/R16NW) AppleWebKit/537.36 (KHTML	 like Gecko) Chrome/69.0.3497.100 Mobile Safari/537.36" "-" "-"						
46.134.52.42 - - [22/Feb/2019:08:25:36.911 +0000] www.calvinklein.pl "GET /www.calvinklein.pl/men HTTP/1.1" 200 15414 "https://www.calvinklein.pl/" "Mozilla/5.0 (Windows NT 6.1; Win64; x64) AppleWebKit/537.36 (KHTML	 like Gecko) Chrome/72.0.3626.109 Safari/537.36" "-" "-"						
46.134.52.42 - - [22/Feb/2019:08:25:37.555 +0000] www.calvinklein.pl "GET /www.calvinklein.pl/men HTTP/1.1" 200 15413 "https://www.calvinklein.pl/men" "Mozilla/5.0 (Windows NT 6.1; Win64; x64) AppleWebKit/537.36 (KHTML	 like Gecko) Chrome/72.0.3626.109 Safari/537.36" "-" "-"						
46.134.52.42 - - [22/Feb/2019:08:25:38.182 +0000] www.calvinklein.pl "GET /www.calvinklein.pl/men HTTP/1.1" 200 15415 "https://www.google.pl/" "Mozilla/5.0 (Windows NT 6.1; Win64; x64) AppleWebKit/537.36 (KHTML	 like Gecko) Chrome/72.0.3626.109 Safari/537.36" "-" "-"						
46.134.52.42 - - [22/Feb/2019:08:25:39.475 +0000] www.calvinklein.pl "GET /www.calvinklein.pl/men HTTP/1.1" 200 15416 "https://www.calvinklein.pl/men" "Mozilla/5.0 (Windows NT 6.1; Win64; x64) AppleWebKit/537.36 (KHTML	 like Gecko) Chrome/72.0.3626.109 Safari/537.36" "-" "-"						
59.153.233.108 - - [22/Feb/2019:08:25:40.351 +0000] www.calvinklein.co.uk "GET /www.calvinklein.co.uk/mens-jeans?scrollPage=2 HTTP/1.1" 200 17951 "https://www.calvinklein.co.uk/men" "Mozilla/5.0 (iPhone; CPU iPhone OS 12_1_4 like Mac OS X) AppleWebKit/605.1.15 (KHTML	 like Gecko) Version/12.0 Mobile/15E148 Safari/604.1" "-" "-"						
130.226.87.129 - - [22/Feb/2019:08:25:42.027 +0000] www.calvinklein.dk "GET /www.calvinklein.dk/men HTTP/1.1" 200 15339 "https://www.calvinklein.dk/?cmpid=ch:sea%7cdp:ecom%7cso:google%7ccg:br%7ccp:%7cco:dk%7cla:en%7cts:%7cag:%7cmk:%7ccr:%7bceativeid%7d%7cmt:%7csl:%7cap:none%7cma:c&cmpid=ch:sea%7cdp:ecom%7cso:google%7ccg:br%7ccp:1535463531%7cco:dk%7cla:en%7cts:aud-337196838406:kwd-11661971%7cag:62380895241%7cmk:calvin%20klein%7ccr:%7bcreativeid%7d%7cmt:e%7csl:%7cap:1t1%7cma:c&&cmpid=ch:sea%7cdp:ecom%7cso:google%7ccg:br%7ccp:1535463531%7cco:dk%7cla:en%7cts:aud-337196838406:kwd-11661971%7cag:62380895241%7cmk:calvin%20klein%7ccr:%7bcreativeid%7d%7cmt:e%7csl:%7cap:1t1%7cma:c&gclid=Cj0KCQiA2L7jBRCBARIsAPeAsaPlZsc1AHDiOsclvsFyKVP7TOvHWY634XPq6DEgGHvlW6PrNGaCqYEaAl25EALw_wcB&gclsrc=aw.ds" "Mozilla/5.0 (Windows NT 10.0; Win64; x64; rv:65.0) Gecko/20100101 Firefox/65.0" "-" "-"							
59.153.233.108 - - [22/Feb/2019:08:25:42.369 +0000] www.calvinklein.co.uk "GET /www.calvinklein.co.uk/mens-jeans?scrollPage=2 HTTP/1.1" 200 16260 "https://www.calvinklein.co.uk/mens-jeans?scrollPage=2" "Mozilla/5.0 (iPhone; CPU iPhone OS 12_1_4 like Mac OS X) AppleWebKit/605.1.15 (KHTML	 like Gecko) Version/12.0 Mobile/15E148 Safari/604.1" "-" "-"						
130.226.87.129 - - [22/Feb/2019:08:25:43.803 +0000] www.calvinklein.dk "GET /www.calvinklein.dk/men HTTP/1.1" 200 15340 "https://www.calvinklein.dk/men" "Mozilla/5.0 (Windows NT 10.0; Win64; x64; rv:65.0) Gecko/20100101 Firefox/65.0" "-" "-"							
79.60.166.84 - - [22/Feb/2019:08:25:45.207 +0000] www.calvinklein.it "GET /www.calvinklein.it/calze-collant-donna HTTP/1.1" 200 29994 "https://www.google.it/" "Mozilla/5.0 (iPhone; CPU iPhone OS 12_1_2 like Mac OS X) AppleWebKit/605.1.15 (KHTML	 like Gecko) Version/12.0 Mobile/15E148 Safari/604.1" "-" "-"						
130.226.87.129 - - [22/Feb/2019:08:25:47.228 +0000] www.calvinklein.dk "GET /www.calvinklein.dk/mycalvins-men HTTP/1.1" 200 18365 "https://www.calvinklein.dk/men" "Mozilla/5.0 (Windows NT 10.0; Win64; x64; rv:65.0) Gecko/20100101 Firefox/65.0" "-" "-"							
151.38.112.218 - - [22/Feb/2019:08:25:48.382 +0000] www.calvinklein.it "GET /www.calvinklein.it/borse-accessori-donna HTTP/1.1" 200 33902 "https://www.calvinklein.it/mycalvins-donna" "Mozilla/5.0 (Linux; Android 8.0.0; SM-A320FL Build/R16NW) AppleWebKit/537.36 (KHTML	 like Gecko) Chrome/69.0.3497.100 Mobile Safari/537.36" "-" "-"						
181.206.54.222 - - [22/Feb/2019:08:25:52.835 +0000] www.calvinklein.es "GET /www.calvinklein.es/hombres HTTP/1.1" 200 16274 "https://www.calvinklein.es/mujeres" "Mozilla/5.0 (Windows NT 10.0; Win64; x64) AppleWebKit/537.36 (KHTML	 like Gecko) Chrome/72.0.3626.109 Safari/537.36" "-" "-"						
181.206.54.222 - - [22/Feb/2019:08:25:53.610 +0000] www.calvinklein.es "GET /www.calvinklein.es/hombres HTTP/1.1" 200 16272 "https://www.calvinklein.es/hombres" "Mozilla/5.0 (Windows NT 10.0; Win64; x64) AppleWebKit/537.36 (KHTML	 like Gecko) Chrome/72.0.3626.109 Safari/537.36" "-" "-"						
79.60.166.84 - - [22/Feb/2019:08:26:02.510 +0000] www.calvinklein.it "GET /www.calvinklein.it/calze-collant-donna HTTP/1.1" 200 29990 "https://www.google.it/" "Mozilla/5.0 (iPhone; CPU iPhone OS 12_1_2 like Mac OS X) AppleWebKit/605.1.15 (KHTML	 like Gecko) Version/12.0 Mobile/15E148 Safari/604.1" "-" "-"						
59.153.233.108 - - [22/Feb/2019:08:26:06.507 +0000] www.calvinklein.co.uk "GET /www.calvinklein.co.uk/men HTTP/1.1" 200 17892 "https://www.google.com.vn/" "Mozilla/5.0 (iPhone; CPU iPhone OS 12_1_4 like Mac OS X) AppleWebKit/605.1.15 (KHTML	 like Gecko) Version/12.0 Mobile/15E148 Safari/604.1" "-" "-"						
59.153.233.108 - - [22/Feb/2019:08:26:07.095 +0000] www.calvinklein.co.uk "GET /www.calvinklein.co.uk/men HTTP/1.1" 200 17891 "https://www.calvinklein.co.uk/men" "Mozilla/5.0 (iPhone; CPU iPhone OS 12_1_4 like Mac OS X) AppleWebKit/605.1.15 (KHTML	 like Gecko) Version/12.0 Mobile/15E148 Safari/604.1" "-" "-"						
59.153.233.108 - - [22/Feb/2019:08:26:10.727 +0000] www.calvinklein.co.uk "GET /www.calvinklein.co.uk/mens-jeans HTTP/1.1" 200 18341 "https://www.calvinklein.co.uk/men" "Mozilla/5.0 (iPhone; CPU iPhone OS 12_1_4 like Mac OS X) AppleWebKit/605.1.15 (KHTML	 like Gecko) Version/12.0 Mobile/15E148 Safari/604.1" "-" "-"						
59.153.233.108 - - [22/Feb/2019:08:26:11.955 +0000] www.calvinklein.co.uk "GET /www.calvinklein.co.uk/mens-jeans HTTP/1.1" 200 18339 "https://www.calvinklein.co.uk/mens-jeans" "Mozilla/5.0 (iPhone; CPU iPhone OS 12_1_4 like Mac OS X) AppleWebKit/605.1.15 (KHTML	 like Gecko) Version/12.0 Mobile/15E148 Safari/604.1" "-" "-"						
46.134.52.42 - - [22/Feb/2019:08:26:12.485 +0000] www.calvinklein.pl "GET /www.calvinklein.pl/men?cmpid=ch:sea%7cdp:ecom%7cso:google%7ccg:br%7ccp:330499330%7cco:pl%7cla:en%7cts:aud-408764803580:kwd-35442010%7cag:24103735090%7cmk:calvin%20klein%7ccr:%7bcreativeid%7d%7cmt:e%7csl:%7cap:1t1%7cma:c&&cmpid=ch:sea%7cdp:ecom%7cso:google%7ccg:br%7ccp:330499330%7cco:pl%7cla:en%7cts:aud-408764803580:kwd-35442010%7cag:24103735090%7cmk:calvin%20klein%7ccr:%7bcreativeid%7d%7cmt:e%7csl:%7cap:1t1%7cma:c&gclid=EAIaIQobChMI9veLmPXO4AIVGqWaCh1m0QBNEAAYASAAEgK52fD_BwE&gclsrc=aw.ds HTTP/1.1" 200 15415 "https://www.google.pl/" "Mozilla/5.0 (Windows NT 6.1; Win64; x64) AppleWebKit/537.36 (KHTML	 like Gecko) Chrome/72.0.3626.109 Safari/537.36" "-" "-"						
46.134.52.42 - - [22/Feb/2019:08:26:13.411 +0000] www.calvinklein.pl "GET /www.calvinklein.pl/men?cmpid=ch:sea%7cdp:ecom%7cso:google%7ccg:br%7ccp:330499330%7cco:pl%7cla:en%7cts:aud-408764803580:kwd-35442010%7cag:24103735090%7cmk:calvin%20klein%7ccr:%7bcreativeid%7d%7cmt:e%7csl:%7cap:1t1%7cma:c&&cmpid=ch:sea%7cdp:ecom%7cso:google%7ccg:br%7ccp:330499330%7cco:pl%7cla:en%7cts:aud-408764803580:kwd-35442010%7cag:24103735090%7cmk:calvin%20klein%7ccr:%7bcreativeid%7d%7cmt:e%7csl:%7cap:1t1%7cma:c&gclid=EAIaIQobChMI9veLmPXO4AIVGqWaCh1m0QBNEAAYASAAEgK52fD_BwE&gclsrc=aw.ds HTTP/1.1" 200 15416 "https://www.calvinklein.pl/men?cmpid=ch:sea%7cdp:ecom%7cso:google%7ccg:br%7ccp:330499330%7cco:pl%7cla:en%7cts:aud-408764803580:kwd-35442010%7cag:24103735090%7cmk:calvin%20klein%7ccr:%7bcreativeid%7d%7cmt:e%7csl:%7cap:1t1%7cma:c&&cmpid=ch:sea%7cdp:ecom%7cso:google%7ccg:br%7ccp:330499330%7cco:pl%7cla:en%7cts:aud-408764803580:kwd-35442010%7cag:24103735090%7cmk:calvin%20klein%7ccr:%7bcreativeid%7d%7cmt:e%7csl:%7cap:1t1%7cma:c&gclid=EAIaIQobChMI9veLmPXO4AIVGqWaCh1m0QBNEAAYASAAEgK52fD_BwE&gclsrc=aw.ds" "Mozilla/5.0 (Windows NT 6.1; Win64; x64) AppleWebKit/537.36 (KHTML	 like Gecko) Chrome/72.0.3626.109 Safari/537.36" "-" "-"						
89.154.18.102 - - [22/Feb/2019:08:26:19.002 +0000] www.calvinklein.pt "GET /www.calvinklein.pt/ladies-underwear HTTP/1.1" 200 20793 "-" "Mozilla/5.0 (iPhone; CPU iPhone OS 12_1 like Mac OS X) AppleWebKit/605.1.15 (KHTML	 like Gecko) CriOS/72.0.3626.101 Mobile/15E148 Safari/605.1" "-" "-"						
83.11.70.153 - - [22/Feb/2019:08:26:19.666 +0000] www.calvinklein.pl "GET /www.calvinklein.pl/sale-pl?cmpid=ch:sea%7cdp:ecom%7cso:google%7ccg:br%7ccp:664011260%7cco:pl%7cla:en%7cts:kwd-19809958441%7cag:33122735509%7cmk:%2Bcalvin%20%2Bklein%7ccr:%7bcreativeid%7d%7cmt:b%7csl:%7cap:1o1%7cma:c&&cmpid=ch:sea%7cdp:ecom%7cso:google%7ccg:br%7ccp:664011260%7cco:pl%7cla:en%7cts:kwd-19809958441%7cag:33122735509%7cmk:%2Bcalvin%20%2Bklein%7ccr:%7bcreativeid%7d%7cmt:b%7csl:%7cap:1o1%7cma:c&gclid=EAIaIQobChMI2eqd5fLO4AIVDsqyCh2f1wAzEAMYASAAEgJW2_D_BwE&gclsrc=aw.ds HTTP/1.1" 200 15346 "https://www.google.pl/" "Mozilla/5.0 (Windows NT 6.1) AppleWebKit/537.36 (KHTML	 like Gecko) Chrome/71.0.3578.98 Safari/537.36 OPR/58.0.3135.65" "-" "-"						
5.56.146.200 - - [22/Feb/2019:08:26:27.644 +0000] www.calvinklein.dk "GET /www.calvinklein.dk/women HTTP/1.1" 200 15314 "https://www.calvinklein.dk/womens-sweatshirts" "Mozilla/5.0 (Macintosh; Intel Mac OS X 10_13_4) AppleWebKit/605.1.15 (KHTML	 like Gecko) Version/11.1 Safari/605.1.15" "-" "-"						
5.56.146.200 - - [22/Feb/2019:08:26:28.440 +0000] www.calvinklein.dk "GET /www.calvinklein.dk/women HTTP/1.1" 200 15313 "https://www.calvinklein.dk/women" "Mozilla/5.0 (Macintosh; Intel Mac OS X 10_13_4) AppleWebKit/605.1.15 (KHTML	 like Gecko) Version/11.1 Safari/605.1.15" "-" "-"						
83.11.70.153 - - [22/Feb/2019:08:26:28.892 +0000] www.calvinklein.pl "GET /www.calvinklein.pl/mens-sale-pl HTTP/1.1" 200 19668 "https://www.calvinklein.pl/sale-pl?cmpid=ch:sea%7cdp:ecom%7cso:google%7ccg:br%7ccp:664011260%7cco:pl%7cla:en%7cts:kwd-19809958441%7cag:33122735509%7cmk:%2Bcalvin%20%2Bklein%7ccr:%7bcreativeid%7d%7cmt:b%7csl:%7cap:1o1%7cma:c&&cmpid=ch:sea%7cdp:ecom%7cso:google%7ccg:br%7ccp:664011260%7cco:pl%7cla:en%7cts:kwd-19809958441%7cag:33122735509%7cmk:%2Bcalvin%20%2Bklein%7ccr:%7bcreativeid%7d%7cmt:b%7csl:%7cap:1o1%7cma:c&gclid=EAIaIQobChMI2eqd5fLO4AIVDsqyCh2f1wAzEAMYASAAEgJW2_D_BwE&gclsrc=aw.ds" "Mozilla/5.0 (Windows NT 6.1) AppleWebKit/537.36 (KHTML	 like Gecko) Chrome/71.0.3578.98 Safari/537.36 OPR/58.0.3135.65" "-" "-"						
91.126.132.99 - - [22/Feb/2019:08:26:37.569 +0000] www.calvinklein.co.uk "GET /www.calvinklein.co.uk/women HTTP/1.1" 200 18259 "https://www.calvinklein.es/" "Mozilla/5.0 (iPhone; CPU iPhone OS 12_1_4 like Mac OS X) AppleWebKit/605.1.15 (KHTML	 like Gecko) Version/12.0 Mobile/15E148 Safari/604.1" "-" "-"						
130.226.87.129 - - [22/Feb/2019:08:26:38.571 +0000] www.calvinklein.dk "GET /www.calvinklein.dk/mycalvins-men HTTP/1.1" 200 18365 "https://www.calvinklein.dk/men" "Mozilla/5.0 (Windows NT 10.0; Win64; x64; rv:65.0) Gecko/20100101 Firefox/65.0" "-" "-"							
91.126.132.99 - - [22/Feb/2019:08:26:38.027 +0000] www.calvinklein.co.uk "GET /www.calvinklein.co.uk/women HTTP/1.1" 200 18255 "https://www.calvinklein.co.uk/women" "Mozilla/5.0 (iPhone; CPU iPhone OS 12_1_4 like Mac OS X) AppleWebKit/605.1.15 (KHTML	 like Gecko) Version/12.0 Mobile/15E148 Safari/604.1" "-" "-"						
46.134.52.42 - - [22/Feb/2019:08:26:40.433 +0000] www.calvinklein.pl "GET /www.calvinklein.pl/mens-t-shirts HTTP/1.1" 200 18684 "https://www.calvinklein.pl/men?cmpid=ch:sea%7cdp:ecom%7cso:google%7ccg:br%7ccp:330499330%7cco:pl%7cla:en%7cts:aud-408764803580:kwd-35442010%7cag:24103735090%7cmk:calvin%20klein%7ccr:%7bcreativeid%7d%7cmt:e%7csl:%7cap:1t1%7cma:c&&cmpid=ch:sea%7cdp:ecom%7cso:google%7ccg:br%7ccp:330499330%7cco:pl%7cla:en%7cts:aud-408764803580:kwd-35442010%7cag:24103735090%7cmk:calvin%20klein%7ccr:%7bcreativeid%7d%7cmt:e%7csl:%7cap:1t1%7cma:c&gclid=EAIaIQobChMI9veLmPXO4AIVGqWaCh1m0QBNEAAYASAAEgK52fD_BwE&gclsrc=aw.ds" "Mozilla/5.0 (Windows NT 6.1; Win64; x64) AppleWebKit/537.36 (KHTML	 like Gecko) Chrome/72.0.3626.109 Safari/537.36" "-" "-"						
